Archive member included to satisfy reference by file (symbol)

d:/st/gnu arm embedded toolchain/10 2021.10/bin/../lib/gcc/arm-none-eabi/10.3.1/../../../../arm-none-eabi/lib/thumb/v7e-m+fp/hard\libc_nano.a(lib_a-atof.o)
                              build/fsm.o (atof)
d:/st/gnu arm embedded toolchain/10 2021.10/bin/../lib/gcc/arm-none-eabi/10.3.1/../../../../arm-none-eabi/lib/thumb/v7e-m+fp/hard\libc_nano.a(lib_a-atoi.o)
                              build/fsm.o (atoi)
d:/st/gnu arm embedded toolchain/10 2021.10/bin/../lib/gcc/arm-none-eabi/10.3.1/../../../../arm-none-eabi/lib/thumb/v7e-m+fp/hard\libc_nano.a(lib_a-errno.o)
                              build/syscalls.o (__errno)
d:/st/gnu arm embedded toolchain/10 2021.10/bin/../lib/gcc/arm-none-eabi/10.3.1/../../../../arm-none-eabi/lib/thumb/v7e-m+fp/hard\libc_nano.a(lib_a-exit.o)
                              d:/st/gnu arm embedded toolchain/10 2021.10/bin/../lib/gcc/arm-none-eabi/10.3.1/../../../../arm-none-eabi/lib/thumb/v7e-m+fp/hard/crt0.o (exit)
d:/st/gnu arm embedded toolchain/10 2021.10/bin/../lib/gcc/arm-none-eabi/10.3.1/../../../../arm-none-eabi/lib/thumb/v7e-m+fp/hard\libc_nano.a(lib_a-impure.o)
                              d:/st/gnu arm embedded toolchain/10 2021.10/bin/../lib/gcc/arm-none-eabi/10.3.1/../../../../arm-none-eabi/lib/thumb/v7e-m+fp/hard\libc_nano.a(lib_a-exit.o) (_global_impure_ptr)
d:/st/gnu arm embedded toolchain/10 2021.10/bin/../lib/gcc/arm-none-eabi/10.3.1/../../../../arm-none-eabi/lib/thumb/v7e-m+fp/hard\libc_nano.a(lib_a-init.o)
                              d:/st/gnu arm embedded toolchain/10 2021.10/bin/../lib/gcc/arm-none-eabi/10.3.1/../../../../arm-none-eabi/lib/thumb/v7e-m+fp/hard/crt0.o (__libc_init_array)
d:/st/gnu arm embedded toolchain/10 2021.10/bin/../lib/gcc/arm-none-eabi/10.3.1/../../../../arm-none-eabi/lib/thumb/v7e-m+fp/hard\libc_nano.a(lib_a-memcpy-stub.o)
                              build/fsm.o (memcpy)
d:/st/gnu arm embedded toolchain/10 2021.10/bin/../lib/gcc/arm-none-eabi/10.3.1/../../../../arm-none-eabi/lib/thumb/v7e-m+fp/hard\libc_nano.a(lib_a-memset.o)
                              d:/st/gnu arm embedded toolchain/10 2021.10/bin/../lib/gcc/arm-none-eabi/10.3.1/../../../../arm-none-eabi/lib/thumb/v7e-m+fp/hard/crt0.o (memset)
d:/st/gnu arm embedded toolchain/10 2021.10/bin/../lib/gcc/arm-none-eabi/10.3.1/../../../../arm-none-eabi/lib/thumb/v7e-m+fp/hard\libc_nano.a(lib_a-printf.o)
                              build/calibration.o (printf)
d:/st/gnu arm embedded toolchain/10 2021.10/bin/../lib/gcc/arm-none-eabi/10.3.1/../../../../arm-none-eabi/lib/thumb/v7e-m+fp/hard\libc_nano.a(lib_a-puts.o)
                              build/calibration.o (puts)
d:/st/gnu arm embedded toolchain/10 2021.10/bin/../lib/gcc/arm-none-eabi/10.3.1/../../../../arm-none-eabi/lib/thumb/v7e-m+fp/hard\libc_nano.a(lib_a-snprintf.o)
                              build/usart.o (snprintf)
d:/st/gnu arm embedded toolchain/10 2021.10/bin/../lib/gcc/arm-none-eabi/10.3.1/../../../../arm-none-eabi/lib/thumb/v7e-m+fp/hard\libc_nano.a(lib_a-strtod.o)
                              d:/st/gnu arm embedded toolchain/10 2021.10/bin/../lib/gcc/arm-none-eabi/10.3.1/../../../../arm-none-eabi/lib/thumb/v7e-m+fp/hard\libc_nano.a(lib_a-atof.o) (strtod)
d:/st/gnu arm embedded toolchain/10 2021.10/bin/../lib/gcc/arm-none-eabi/10.3.1/../../../../arm-none-eabi/lib/thumb/v7e-m+fp/hard\libc_nano.a(lib_a-strtol.o)
                              d:/st/gnu arm embedded toolchain/10 2021.10/bin/../lib/gcc/arm-none-eabi/10.3.1/../../../../arm-none-eabi/lib/thumb/v7e-m+fp/hard\libc_nano.a(lib_a-atoi.o) (_strtol_r)
d:/st/gnu arm embedded toolchain/10 2021.10/bin/../lib/gcc/arm-none-eabi/10.3.1/../../../../arm-none-eabi/lib/thumb/v7e-m+fp/hard\libc_nano.a(lib_a-wbuf.o)
                              d:/st/gnu arm embedded toolchain/10 2021.10/bin/../lib/gcc/arm-none-eabi/10.3.1/../../../../arm-none-eabi/lib/thumb/v7e-m+fp/hard\libc_nano.a(lib_a-puts.o) (__swbuf_r)
d:/st/gnu arm embedded toolchain/10 2021.10/bin/../lib/gcc/arm-none-eabi/10.3.1/../../../../arm-none-eabi/lib/thumb/v7e-m+fp/hard\libc_nano.a(lib_a-wsetup.o)
                              d:/st/gnu arm embedded toolchain/10 2021.10/bin/../lib/gcc/arm-none-eabi/10.3.1/../../../../arm-none-eabi/lib/thumb/v7e-m+fp/hard\libc_nano.a(lib_a-puts.o) (__swsetup_r)
d:/st/gnu arm embedded toolchain/10 2021.10/bin/../lib/gcc/arm-none-eabi/10.3.1/../../../../arm-none-eabi/lib/thumb/v7e-m+fp/hard\libc_nano.a(lib_a-ctype_.o)
                              d:/st/gnu arm embedded toolchain/10 2021.10/bin/../lib/gcc/arm-none-eabi/10.3.1/../../../../arm-none-eabi/lib/thumb/v7e-m+fp/hard\libc_nano.a(lib_a-strtol.o) (_ctype_)
d:/st/gnu arm embedded toolchain/10 2021.10/bin/../lib/gcc/arm-none-eabi/10.3.1/../../../../arm-none-eabi/lib/thumb/v7e-m+fp/hard\libc_nano.a(lib_a-fflush.o)
[...]
Memory Configuration

Name             Origin             Length             Attributes
RAM              0x20000000         0x00020000         xrw
FLASH            0x08000000         0x00080000         xr
*default*        0x00000000         0xffffffff

Linker script and memory map

LOAD d:/st/gnu arm embedded toolchain/10 2021.10/bin/../lib/gcc/arm-none-eabi/10.3.1/thumb/v7e-m+fp/hard/crti.o
LOAD d:/st/gnu arm embedded toolchain/10 2021.10/bin/../lib/gcc/arm-none-eabi/10.3.1/thumb/v7e-m+fp/hard/crtbegin.o
LOAD d:/st/gnu arm embedded toolchain/10 2021.10/bin/../lib/gcc/arm-none-eabi/10.3.1/../../../../arm-none-eabi/lib/thumb/v7e-m+fp/hard/crt0.o
LOAD build/adc.o
LOAD build/calibration.o
LOAD build/can.o
LOAD build/drv8323.o
LOAD build/flash_writer.o
LOAD build/foc.o
LOAD build/fsm.o
LOAD build/gpio.o
LOAD build/main.o
LOAD build/math_ops.o
LOAD build/position_sensor.o
LOAD build/preference_writer.o
LOAD build/spi.o
LOAD build/stm32f4xx_flash.o
LOAD build/stm32f4xx_hal_msp.o
LOAD build/stm32f4xx_it.o
LOAD build/syscalls.o
LOAD build/sysmem.o
LOAD build/system_stm32f4xx.o
LOAD build/tim.o
LOAD build/usart.o
LOAD build/stm32f4xx_hal.o
LOAD build/stm32f4xx_hal_adc.o
LOAD build/stm32f4xx_hal_adc_ex.o
LOAD build/stm32f4xx_hal_can.o
LOAD build/stm32f4xx_hal_cortex.o
LOAD build/stm32f4xx_hal_dma.o
LOAD build/stm32f4xx_hal_dma_ex.o
LOAD build/stm32f4xx_hal_exti.o
LOAD build/stm32f4xx_hal_flash.o
LOAD build/stm32f4xx_hal_flash_ex.o
LOAD build/stm32f4xx_hal_flash_ramfunc.o
LOAD build/stm32f4xx_hal_gpio.o
LOAD build/stm32f4xx_hal_pwr.o
LOAD build/stm32f4xx_hal_pwr_ex.o
LOAD build/stm32f4xx_hal_rcc.o
LOAD build/stm32f4xx_hal_rcc_ex.o
LOAD build/stm32f4xx_hal_spi.o
LOAD build/stm32f4xx_hal_tim.o
LOAD build/stm32f4xx_hal_tim_ex.o
LOAD build/stm32f4xx_hal_uart.o
LOAD build/stm32f4xx_ll_adc.o
LOAD build/startup_stm32f446xx.o
LOAD d:/st/gnu arm embedded toolchain/10 2021.10/bin/../lib/gcc/arm-none-eabi/10.3.1/../../../../arm-none-eabi/lib/thumb/v7e-m+fp/hard\libc_nano.a
LOAD d:/st/gnu arm embedded toolchain/10 2021.10/bin/../lib/gcc/arm-none-eabi/10.3.1/../../../../arm-none-eabi/lib/thumb/v7e-m+fp/hard\libm.a
LOAD d:/st/gnu arm embedded toolchain/10 2021.10/bin/../lib/gcc/arm-none-eabi/10.3.1/../../../../arm-none-eabi/lib/thumb/v7e-m+fp/hard\libnosys.a
START GROUP
LOAD d:/st/gnu arm embedded toolchain/10 2021.10/bin/../lib/gcc/arm-none-eabi/10.3.1/thumb/v7e-m+fp/hard\libgcc.a
LOAD d:/st/gnu arm embedded toolchain/10 2021.10/bin/../lib/gcc/arm-none-eabi/10.3.1/../../../../arm-none-eabi/lib/thumb/v7e-m+fp/hard\libc_nano.a
END GROUP
START GROUP
LOAD d:/st/gnu arm embedded toolchain/10 2021.10/bin/../lib/gcc/arm-none-eabi/10.3.1/thumb/v7e-m+fp/hard\libgcc.a
LOAD d:/st/gnu arm embedded toolchain/10 2021.10/bin/../lib/gcc/arm-none-eabi/10.3.1/../../../../arm-none-eabi/lib/thumb/v7e-m+fp/hard\libc_nano.a
END GROUP
LOAD d:/st/gnu arm embedded toolchain/10 2021.10/bin/../lib/gcc/arm-none-eabi/10.3.1/thumb/v7e-m+fp/hard/crtend.o
LOAD d:/st/gnu arm embedded toolchain/10 2021.10/bin/../lib/gcc/arm-none-eabi/10.3.1/thumb/v7e-m+fp/hard/crtn.o
                0x20020000                _estack = (ORIGIN (RAM) + LENGTH (RAM))
                0x00000200                _Min_Heap_Size = 0x200
                0x00000400                _Min_Stack_Size = 0x400

.isr_vector     0x08000000      0x1c4
                0x08000000                . = ALIGN (0x4)
 *(.isr_vector)
 .isr_vector    0x08000000      0x1c4 build/startup_stm32f446xx.o
                0x08000000                g_pfnVectors
                0x080001c4                . = ALIGN (0x4)

.text           0x080001d0     0xe6a8
                0x080001d0                . = ALIGN (0x4)
 *(.text)
 .text          0x080001d0       0x40 d:/st/gnu arm embedded toolchain/10 2021.10/bin/../lib/gcc/arm-none-eabi/10.3.1/thumb/v7e-m+fp/hard/crtbegin.o
 .text          0x08000210       0x10 d:/st/gnu arm embedded toolchain/10 2021.10/bin/../lib/gcc/arm-none-eabi/10.3.1/../../../../arm-none-eabi/lib/thumb/v7e-m+fp/hard\libc_nano.a(lib_a-strlen.o)
                0x08000210                strlen
 .text          0x08000220       0xa0 d:/st/gnu arm embedded toolchain/10 2021.10/bin/../lib/gcc/arm-none-eabi/10.3.1/../../../../arm-none-eabi/lib/thumb/v7e-m+fp/hard\libc_nano.a(lib_a-memchr.o)
                0x08000220                memchr
 .text          0x080002c0      0x378 d:/st/gnu arm embedded toolchain/10 2021.10/bin/../lib/gcc/arm-none-eabi/10.3.1/thumb/v7e-m+fp/hard\libgcc.a(_arm_addsubdf3.o)
                0x080002c0                __aeabi_drsub
                0x080002c8                __aeabi_dsub
                0x080002c8                __subdf3
                0x080002cc                __aeabi_dadd
                0x080002cc                __adddf3
                0x08000544                __floatunsidf
                0x08000544                __aeabi_ui2d
                0x08000564                __floatsidf
                0x08000564                __aeabi_i2d
                0x08000588                __aeabi_f2d
                0x08000588                __extendsfdf2
                0x080005cc                __floatundidf
                0x080005cc                __aeabi_ul2d
                0x080005dc                __floatdidf
                0x080005dc                __aeabi_l2d
 .text          0x08000638      0x424 d:/st/gnu arm embedded toolchain/10 2021.10/bin/../lib/gcc/arm-none-eabi/10.3.1/thumb/v7e-m+fp/hard\libgcc.a(_arm_muldivdf3.o)
                0x08000638                __aeabi_dmul
                0x08000638                __muldf3
                0x0800088c                __divdf3
                0x0800088c                __aeabi_ddiv
 .text          0x08000a5c      0x110 d:/st/gnu arm embedded toolchain/10 2021.10/bin/../lib/gcc/arm-none-eabi/10.3.1/thumb/v7e-m+fp/hard\libgcc.a(_arm_cmpdf2.o)
                0x08000a5c                __gtdf2
                0x08000a5c                __gedf2
                0x08000a64                __ltdf2
                0x08000a64                __ledf2
                0x08000a6c                __nedf2
                0x08000a6c                __eqdf2
                0x08000a6c                __cmpdf2
                0x08000ae8                __aeabi_cdrcmple
                0x08000af8                __aeabi_cdcmpeq
                0x08000af8                __aeabi_cdcmple
                0x08000b08                __aeabi_dcmpeq
                0x08000b1c                __aeabi_dcmplt
                0x08000b30                __aeabi_dcmple
                0x08000b44                __aeabi_dcmpge
                0x08000b58                __aeabi_dcmpgt
 .text          0x08000b6c       0x50 d:/st/gnu arm embedded toolchain/10 2021.10/bin/../lib/gcc/arm-none-eabi/10.3.1/thumb/v7e-m+fp/hard\libgcc.a(_arm_fixdfsi.o)
                0x08000b6c                __aeabi_d2iz
                0x08000b6c                __fixdfsi
 .text          0x08000bbc       0x40 d:/st/gnu arm embedded toolchain/10 2021.10/bin/../lib/gcc/arm-none-eabi/10.3.1/thumb/v7e-m+fp/hard\libgcc.a(_arm_fixunsdfsi.o)
                0x08000bbc                __aeabi_d2uiz
                0x08000bbc                __fixunsdfsi
 .text          0x08000bfc       0xa0 d:/st/gnu arm embedded toolchain/10 2021.10/bin/../lib/gcc/arm-none-eabi/10.3.1/thumb/v7e-m+fp/hard\libgcc.a(_arm_truncdfsf2.o)
                0x08000bfc                __truncdfsf2
                0x08000bfc                __aeabi_d2f
 .text          0x08000c9c       0x30 d:/st/gnu arm embedded toolchain/10 2021.10/bin/../lib/gcc/arm-none-eabi/10.3.1/thumb/v7e-m+fp/hard\libgcc.a(_aeabi_uldivmod.o)
                0x08000c9c                __aeabi_uldivmod
 .text          0x08000ccc       0x30 d:/st/gnu arm embedded toolchain/10 2021.10/bin/../lib/gcc/arm-none-eabi/10.3.1/thumb/v7e-m+fp/hard\libgcc.a(_fixdfdi.o)
                0x08000ccc                __fixdfdi
                0x08000ccc                __aeabi_d2lz
 .text          0x08000cfc       0x3c d:/st/gnu arm embedded toolchain/10 2021.10/bin/../lib/gcc/arm-none-eabi/10.3.1/thumb/v7e-m+fp/hard\libgcc.a(_fixunsdfdi.o)
                0x08000cfc                __fixunsdfdi
                0x08000cfc                __aeabi_d2ulz
 .text          0x08000d38      0x2d0 d:/st/gnu arm embedded toolchain/10 2021.10/bin/../lib/gcc/arm-none-eabi/10.3.1/thumb/v7e-m+fp/hard\libgcc.a(_udivmoddi4.o)
                0x08000d38                __udivmoddi4
 .text          0x08001008        0x4 d:/st/gnu arm embedded toolchain/10 2021.10/bin/../lib/gcc/arm-none-eabi/10.3.1/thumb/v7e-m+fp/hard\libgcc.a(_dvmd_tls.o)
                0x08001008                __aeabi_idiv0
                0x08001008                __aeabi_ldiv0
 *(.text*)
 .text.MX_ADC1_Init
                0x0800100c       0xd4 build/adc.o
                0x0800100c                MX_ADC1_Init
 .text.MX_ADC2_Init
                0x080010e0       0x94 build/adc.o
                0x080010e0                MX_ADC2_Init
 .text.MX_ADC3_Init
                0x08001174       0x94 build/adc.o
                0x08001174                MX_ADC3_Init
 .text.HAL_ADC_MspInit
                0x08001208      0x14c build/adc.o
                0x08001208                HAL_ADC_MspInit
 .text.order_phases
                0x08001354      0x210 build/calibration.o
                0x08001354                order_phases
 .text.calibrate_encoder
                0x08001564      0x588 build/calibration.o
                0x08001564                calibrate_encoder
 .text.MX_CAN1_Init
                0x08001aec       0x6c build/can.o
                0x08001aec                MX_CAN1_Init
 .text.HAL_CAN_MspInit
                0x08001b58       0xa0 build/can.o
                0x08001b58                HAL_CAN_MspInit
 .text.can_rx_init
                0x08001bf8       0x5c build/can.o
                0x08001bf8                can_rx_init
 .text.can_tx_init
                0x08001c54       0x34 build/can.o
                0x08001c54                can_tx_init
 .text.pack_reply_raw
                0x08001c88      0x108 build/can.o
                0x08001c88                pack_reply_raw
 .text.unpack_cmd
                0x08001d90      0x168 build/can.o
                0x08001d90                unpack_cmd
 .text.drv_spi_write
                0x08001ef8       0x5c build/drv8323.o
                0x08001ef8                drv_spi_write
 .text.drv_read_register
                0x08001f54       0x38 build/drv8323.o
                0x08001f54                drv_read_register
 .text.drv_write_register
                0x08001f8c       0x36 build/drv8323.o
                0x08001f8c                drv_write_register
 .text.drv_write_DCR
                0x08001fc2       0x84 build/drv8323.o
                0x08001fc2                drv_write_DCR
 .text.drv_write_OCPCR
                0x08002046       0x5c build/drv8323.o
                0x08002046                drv_write_OCPCR
 .text.drv_write_CSACR
                0x080020a2       0x84 build/drv8323.o
                0x080020a2                drv_write_CSACR
 .text.drv_enable_gd
                0x08002126       0x34 build/drv8323.o
                0x08002126                drv_enable_gd
 .text.drv_disable_gd
                0x0800215a       0x34 build/drv8323.o
                0x0800215a                drv_disable_gd
 *fill*         0x0800218e        0x2 
 .text.flash_writer_init
                0x08002190       0x3c build/flash_writer.o
                0x08002190                flash_writer_init
 .text.flash_writer_open
                0x080021cc       0x38 build/flash_writer.o
                0x080021cc                flash_writer_open
 .text.flash_writer_write_int
                0x08002204       0x2c build/flash_writer.o
                0x08002204                flash_writer_write_int
 .text.flash_writer_write_float
                0x08002230       0x32 build/flash_writer.o
                0x08002230                flash_writer_write_float
 .text.flash_writer_close
                0x08002262       0x1a build/flash_writer.o
                0x08002262                flash_writer_close
 .text.flash_read_int
                0x0800227c       0x2c build/flash_writer.o
                0x0800227c                flash_read_int
 .text.flash_read_float
                0x080022a8       0x34 build/flash_writer.o
                0x080022a8                flash_read_float
 .text.set_dtc  0x080022dc       0xb0 build/foc.o
                0x080022dc                set_dtc
 .text.analog_sample
                0x0800238c       0xb4 build/foc.o
                0x0800238c                analog_sample
 .text.abc      0x08002440       0x9c build/foc.o
                0x08002440                abc
 .text.dq0      0x080024dc       0xac build/foc.o
                0x080024dc                dq0
 .text.svm      0x08002588       0xd8 build/foc.o
                0x08002588                svm
 .text.zero_current
                0x08002660       0x54 build/foc.o
                0x08002660                zero_current
 .text.init_controller_params
                0x080026b4      0x11c build/foc.o
                0x080026b4                init_controller_params
 .text.reset_foc
                0x080027d0       0x70 build/foc.o
                0x080027d0                reset_foc
 .text.field_weaken
                0x08002840       0xcc build/foc.o
                0x08002840                field_weaken
 .text.commutate
                0x0800290c      0x264 build/foc.o
                0x0800290c                commutate
 .text.torque_control
                0x08002b70       0x90 build/foc.o
                0x08002b70                torque_control
 .text.zero_commands
                0x08002c00       0x1c build/foc.o
                0x08002c00                zero_commands
 .text.run_fsm  0x08002c1c      0x1d0 build/fsm.o
                0x08002c1c                run_fsm
 .text.fsm_enter_state
                0x08002dec       0xc8 build/fsm.o
                0x08002dec                fsm_enter_state
 .text.fsm_exit_state
                0x08002eb4       0xb0 build/fsm.o
                0x08002eb4                fsm_exit_state
 .text.update_fsm
                0x08002f64      0x1ac build/fsm.o
                0x08002f64                update_fsm
 .text.enter_menu_state
                0x08003110       0x58 build/fsm.o
                0x08003110                enter_menu_state
 .text.enter_setup_state
                0x08003168      0x2e8 build/fsm.o
                0x08003168                enter_setup_state
 .text.process_user_input
                0x08003450      0x56c build/fsm.o
                0x08003450                process_user_input
 .text.MX_GPIO_Init
                0x080039bc      0x108 build/gpio.o
                0x080039bc                MX_GPIO_Init
 .text.main     0x08003ac4      0x578 build/main.o
                0x08003ac4                main
 .text.SystemClock_Config
                0x0800403c       0xe4 build/main.o
                0x0800403c                SystemClock_Config
 .text.Error_Handler
                0x08004120        0xe build/main.o
                0x08004120                Error_Handler
 .text.fast_fmaxf
                0x0800412e       0x38 build/math_ops.o
                0x0800412e                fast_fmaxf
 .text.fast_fminf
                0x08004166       0x38 build/math_ops.o
                0x08004166                fast_fminf
 .text.fmaxf3   0x0800419e       0x68 build/math_ops.o
                0x0800419e                fmaxf3
 .text.fminf3   0x08004206       0x68 build/math_ops.o
                0x08004206                fminf3
 .text.limit_norm
                0x0800426e       0x92 build/math_ops.o
                0x0800426e                limit_norm
 .text.float_to_uint
                0x08004300       0x66 build/math_ops.o
                0x08004300                float_to_uint
 .text.uint_to_float
                0x08004366       0x64 build/math_ops.o
                0x08004366                uint_to_float
 *fill*         0x080043ca        0x2 
 .text.sin_lut  0x080043cc       0x74 build/math_ops.o
                0x080043cc                sin_lut
 .text.cos_lut  0x08004440       0x30 build/math_ops.o
                0x08004440                cos_lut
 .text.ps_warmup
                0x08004470       0x70 build/position_sensor.o
                0x08004470                ps_warmup
 .text.ps_sample
                0x080044e0      0x328 build/position_sensor.o
                0x080044e0                ps_sample
 .text.ps_print
                0x08004808       0x8c build/position_sensor.o
                0x08004808                ps_print
 .text.preference_writer_init
                0x08004894       0x22 build/preference_writer.o
                0x08004894                preference_writer_init
 .text.preference_writer_open
                0x080048b6       0x1e build/preference_writer.o
                0x080048b6                preference_writer_open
 .text.preference_writer_ready
                0x080048d4       0x1a build/preference_writer.o
                0x080048d4                preference_writer_ready
 *fill*         0x080048ee        0x2 
 .text.preference_writer_flush
                0x080048f0       0x78 build/preference_writer.o
                0x080048f0                preference_writer_flush
 .text.preference_writer_load
                0x08004968       0x84 build/preference_writer.o
                0x08004968                preference_writer_load
 .text.preference_writer_close
                0x080049ec       0x1e build/preference_writer.o
                0x080049ec                preference_writer_close
 *fill*         0x08004a0a        0x2 
 .text.MX_SPI1_Init
                0x08004a0c       0x70 build/spi.o
                0x08004a0c                MX_SPI1_Init
 .text.MX_SPI3_Init
                0x08004a7c       0x70 build/spi.o
                0x08004a7c                MX_SPI3_Init
 .text.HAL_SPI_MspInit
                0x08004aec       0xfc build/spi.o
                0x08004aec                HAL_SPI_MspInit
 .text.FLASH_Unlock
                0x08004be8       0x30 build/stm32f4xx_flash.o
                0x08004be8                FLASH_Unlock
 .text.FLASH_Lock
                0x08004c18       0x20 build/stm32f4xx_flash.o
                0x08004c18                FLASH_Lock
 .text.FLASH_EraseSector
                0x08004c38       0xc0 build/stm32f4xx_flash.o
                0x08004c38                FLASH_EraseSector
 .text.FLASH_ProgramWord
                0x08004cf8       0x68 build/stm32f4xx_flash.o
                0x08004cf8                FLASH_ProgramWord
 .text.FLASH_ClearFlag
                0x08004d60       0x20 build/stm32f4xx_flash.o
                0x08004d60                FLASH_ClearFlag
 .text.FLASH_GetStatus
                0x08004d80       0x7c build/stm32f4xx_flash.o
                0x08004d80                FLASH_GetStatus
 .text.FLASH_WaitForLastOperation2
                0x08004dfc       0x30 build/stm32f4xx_flash.o
                0x08004dfc                FLASH_WaitForLastOperation2
 .text.HAL_MspInit
                0x08004e2c       0x50 build/stm32f4xx_hal_msp.o
                0x08004e2c                HAL_MspInit
 .text.NMI_Handler
                0x08004e7c        0xe build/stm32f4xx_it.o
                0x08004e7c                NMI_Handler
 .text.HardFault_Handler
                0x08004e8a        0x6 build/stm32f4xx_it.o
                0x08004e8a                HardFault_Handler
 .text.MemManage_Handler
                0x08004e90        0x6 build/stm32f4xx_it.o
                0x08004e90                MemManage_Handler
 .text.BusFault_Handler
                0x08004e96        0x6 build/stm32f4xx_it.o
                0x08004e96                BusFault_Handler
 .text.UsageFault_Handler
                0x08004e9c        0x6 build/stm32f4xx_it.o
                0x08004e9c                UsageFault_Handler
 .text.SVC_Handler
                0x08004ea2        0xe build/stm32f4xx_it.o
                0x08004ea2                SVC_Handler
 .text.DebugMon_Handler
                0x08004eb0        0xe build/stm32f4xx_it.o
                0x08004eb0                DebugMon_Handler
 .text.PendSV_Handler
                0x08004ebe        0xe build/stm32f4xx_it.o
                0x08004ebe                PendSV_Handler
 .text.SysTick_Handler
                0x08004ecc        0xc build/stm32f4xx_it.o
                0x08004ecc                SysTick_Handler
 .text.CAN1_RX0_IRQHandler
                0x08004ed8      0x244 build/stm32f4xx_it.o
                0x08004ed8                CAN1_RX0_IRQHandler
 .text.TIM1_UP_TIM10_IRQHandler
                0x0800511c       0x4c build/stm32f4xx_it.o
                0x0800511c                TIM1_UP_TIM10_IRQHandler
 .text.TIM2_IRQHandler
                0x08005168       0x14 build/stm32f4xx_it.o
                0x08005168                TIM2_IRQHandler
 .text.USART2_IRQHandler
                0x0800517c       0x38 build/stm32f4xx_it.o
                0x0800517c                USART2_IRQHandler
 .text.can_tx_rx
                0x080051b4      0x25c build/stm32f4xx_it.o
                0x080051b4                can_tx_rx
 .text._getpid  0x08005410       0x10 build/syscalls.o
                0x08005410                _getpid
 .text._kill    0x08005420       0x20 build/syscalls.o
                0x08005420                _kill
 .text._exit    0x08005440       0x14 build/syscalls.o
                0x08005440                _exit
 .text._read    0x08005454       0x3a build/syscalls.o
                0x08005454                _read
 .text._write   0x0800548e       0x38 build/syscalls.o
                0x0800548e                _write
 .text._close   0x080054c6       0x18 build/syscalls.o
                0x080054c6                _close
 .text._fstat   0x080054de       0x20 build/syscalls.o
                0x080054de                _fstat
 .text._isatty  0x080054fe       0x16 build/syscalls.o
                0x080054fe                _isatty
 .text._lseek   0x08005514       0x1a build/syscalls.o
                0x08005514                _lseek
 *fill*         0x0800552e        0x2 
 .text._sbrk    0x08005530       0x58 build/sysmem.o
                0x08005530                _sbrk
 .text.SystemInit
                0x08005588       0x2c build/system_stm32f4xx.o
                0x08005588                SystemInit
 .text.MX_TIM1_Init
                0x080055b4      0x174 build/tim.o
                0x080055b4                MX_TIM1_Init
 .text.MX_TIM2_Init
                0x08005728       0x98 build/tim.o
                0x08005728                MX_TIM2_Init
 .text.HAL_TIM_Base_MspInit
                0x080057c0       0x88 build/tim.o
                0x080057c0                HAL_TIM_Base_MspInit
 .text.HAL_TIM_MspPostInit
                0x08005848       0x98 build/tim.o
                0x08005848                HAL_TIM_MspPostInit
 .text.MX_USART2_UART_Init
                0x080058e0       0x54 build/usart.o
                0x080058e0                MX_USART2_UART_Init
 .text.HAL_UART_MspInit
                0x08005934       0xa0 build/usart.o
                0x08005934                HAL_UART_MspInit
 .text.__io_putchar
                0x080059d4       0x24 build/usart.o
                0x080059d4                __io_putchar
 .text.HAL_UART_RxCpltCallback
                0x080059f8       0x24 build/usart.o
                0x080059f8                HAL_UART_RxCpltCallback
 .text.send_current_data
                0x08005a1c      0x110 build/usart.o
                0x08005a1c                send_current_data
 .text.HAL_Init
                0x08005b2c       0x44 build/stm32f4xx_hal.o
                0x08005b2c                HAL_Init
 .text.HAL_InitTick
                0x08005b70       0x60 build/stm32f4xx_hal.o
                0x08005b70                HAL_InitTick
 .text.HAL_IncTick
                0x08005bd0       0x28 build/stm32f4xx_hal.o
                0x08005bd0                HAL_IncTick
 .text.HAL_GetTick
                0x08005bf8       0x18 build/stm32f4xx_hal.o
                0x08005bf8                HAL_GetTick
 .text.HAL_Delay
                0x08005c10       0x48 build/stm32f4xx_hal.o
                0x08005c10                HAL_Delay
 .text.HAL_ADC_Init
                0x08005c58       0x86 build/stm32f4xx_hal_adc.o
                0x08005c58                HAL_ADC_Init
 *fill*         0x08005cde        0x2 
 .text.HAL_ADC_Start
                0x08005ce0      0x1a4 build/stm32f4xx_hal_adc.o
                0x08005ce0                HAL_ADC_Start
 .text.HAL_ADC_PollForConversion
                0x08005e84      0x116 build/stm32f4xx_hal_adc.o
                0x08005e84                HAL_ADC_PollForConversion
 .text.HAL_ADC_GetValue
                0x08005f9a       0x1a build/stm32f4xx_hal_adc.o
                0x08005f9a                HAL_ADC_GetValue
 .text.HAL_ADC_ConfigChannel
                0x08005fb4      0x264 build/stm32f4xx_hal_adc.o
                0x08005fb4                HAL_ADC_ConfigChannel
 .text.ADC_Init
                0x08006218      0x1f8 build/stm32f4xx_hal_adc.o
 .text.HAL_ADCEx_MultiModeConfigChannel
                0x08006410       0x8c build/stm32f4xx_hal_adc_ex.o
                0x08006410                HAL_ADCEx_MultiModeConfigChannel
 .text.HAL_CAN_Init
                0x0800649c      0x1f6 build/stm32f4xx_hal_can.o
                0x0800649c                HAL_CAN_Init
 *fill*         0x08006692        0x2 
 .text.HAL_CAN_ConfigFilter
                0x08006694      0x1c0 build/stm32f4xx_hal_can.o
                0x08006694                HAL_CAN_ConfigFilter
 .text.HAL_CAN_Start
                0x08006854       0x88 build/stm32f4xx_hal_can.o
                0x08006854                HAL_CAN_Start
 .text.HAL_CAN_AddTxMessage
                0x080068dc      0x1a0 build/stm32f4xx_hal_can.o
                0x080068dc                HAL_CAN_AddTxMessage
 .text.HAL_CAN_GetRxMessage
                0x08006a7c      0x244 build/stm32f4xx_hal_can.o
                0x08006a7c                HAL_CAN_GetRxMessage
 .text.HAL_CAN_IRQHandler
                0x08006cc0      0x36e build/stm32f4xx_hal_can.o
                0x08006cc0                HAL_CAN_IRQHandler
 .text.HAL_CAN_TxMailbox0CompleteCallback
                0x0800702e       0x14 build/stm32f4xx_hal_can.o
                0x0800702e                HAL_CAN_TxMailbox0CompleteCallback
 .text.HAL_CAN_TxMailbox1CompleteCallback
                0x08007042       0x14 build/stm32f4xx_hal_can.o
                0x08007042                HAL_CAN_TxMailbox1CompleteCallback
 .text.HAL_CAN_TxMailbox2CompleteCallback
                0x08007056       0x14 build/stm32f4xx_hal_can.o
                0x08007056                HAL_CAN_TxMailbox2CompleteCallback
 .text.HAL_CAN_TxMailbox0AbortCallback
                0x0800706a       0x14 build/stm32f4xx_hal_can.o
                0x0800706a                HAL_CAN_TxMailbox0AbortCallback
 .text.HAL_CAN_TxMailbox1AbortCallback
                0x0800707e       0x14 build/stm32f4xx_hal_can.o
                0x0800707e                HAL_CAN_TxMailbox1AbortCallback
 .text.HAL_CAN_TxMailbox2AbortCallback
                0x08007092       0x14 build/stm32f4xx_hal_can.o
                0x08007092                HAL_CAN_TxMailbox2AbortCallback
 .text.HAL_CAN_RxFifo0MsgPendingCallback
                0x080070a6       0x14 build/stm32f4xx_hal_can.o
                0x080070a6                HAL_CAN_RxFifo0MsgPendingCallback
 .text.HAL_CAN_RxFifo0FullCallback
                0x080070ba       0x14 build/stm32f4xx_hal_can.o
                0x080070ba                HAL_CAN_RxFifo0FullCallback
 .text.HAL_CAN_RxFifo1MsgPendingCallback
                0x080070ce       0x14 build/stm32f4xx_hal_can.o
                0x080070ce                HAL_CAN_RxFifo1MsgPendingCallback
 .text.HAL_CAN_RxFifo1FullCallback
                0x080070e2       0x14 build/stm32f4xx_hal_can.o
                0x080070e2                HAL_CAN_RxFifo1FullCallback
 .text.HAL_CAN_SleepCallback
                0x080070f6       0x14 build/stm32f4xx_hal_can.o
                0x080070f6                HAL_CAN_SleepCallback
 .text.HAL_CAN_WakeUpFromRxMsgCallback
                0x0800710a       0x14 build/stm32f4xx_hal_can.o
                0x0800710a                HAL_CAN_WakeUpFromRxMsgCallback
 .text.HAL_CAN_ErrorCallback
                0x0800711e       0x14 build/stm32f4xx_hal_can.o
                0x0800711e                HAL_CAN_ErrorCallback
 *fill*         0x08007132        0x2 
 .text.__NVIC_SetPriorityGrouping
                0x08007134       0x48 build/stm32f4xx_hal_cortex.o
 .text.__NVIC_GetPriorityGrouping
                0x0800717c       0x1c build/stm32f4xx_hal_cortex.o
 .text.__NVIC_EnableIRQ
                0x08007198       0x3c build/stm32f4xx_hal_cortex.o
 .text.__NVIC_SetPriority
                0x080071d4       0x54 build/stm32f4xx_hal_cortex.o
 .text.NVIC_EncodePriority
                0x08007228       0x66 build/stm32f4xx_hal_cortex.o
 *fill*         0x0800728e        0x2 
 .text.SysTick_Config
                0x08007290       0x44 build/stm32f4xx_hal_cortex.o
 .text.HAL_NVIC_SetPriorityGrouping
                0x080072d4       0x16 build/stm32f4xx_hal_cortex.o
                0x080072d4                HAL_NVIC_SetPriorityGrouping
 .text.HAL_NVIC_SetPriority
                0x080072ea       0x38 build/stm32f4xx_hal_cortex.o
                0x080072ea                HAL_NVIC_SetPriority
 .text.HAL_NVIC_EnableIRQ
                0x08007322       0x1c build/stm32f4xx_hal_cortex.o
                0x08007322                HAL_NVIC_EnableIRQ
 .text.HAL_SYSTICK_Config
                0x0800733e       0x18 build/stm32f4xx_hal_cortex.o
                0x0800733e                HAL_SYSTICK_Config
 .text.HAL_DMA_Abort
                0x08007356       0xe0 build/stm32f4xx_hal_dma.o
                0x08007356                HAL_DMA_Abort
 .text.HAL_DMA_Abort_IT
                0x08007436       0x44 build/stm32f4xx_hal_dma.o
                0x08007436                HAL_DMA_Abort_IT
 *fill*         0x0800747a        0x2 
 .text.HAL_GPIO_Init
                0x0800747c      0x328 build/stm32f4xx_hal_gpio.o
                0x0800747c                HAL_GPIO_Init
 .text.HAL_GPIO_WritePin
                0x080077a4       0x32 build/stm32f4xx_hal_gpio.o
                0x080077a4                HAL_GPIO_WritePin
 *fill*         0x080077d6        0x2 
 .text.HAL_PWREx_EnableOverDrive
                0x080077d8       0xa0 build/stm32f4xx_hal_pwr_ex.o
                0x080077d8                HAL_PWREx_EnableOverDrive
 .text.HAL_RCC_ClockConfig
                0x08007878      0x1cc build/stm32f4xx_hal_rcc.o
                0x08007878                HAL_RCC_ClockConfig
 .text.HAL_RCC_GetHCLKFreq
                0x08007a44       0x18 build/stm32f4xx_hal_rcc.o
                0x08007a44                HAL_RCC_GetHCLKFreq
 .text.HAL_RCC_GetPCLK1Freq
                0x08007a5c       0x28 build/stm32f4xx_hal_rcc.o
                0x08007a5c                HAL_RCC_GetPCLK1Freq
 .text.HAL_RCC_GetPCLK2Freq
                0x08007a84       0x28 build/stm32f4xx_hal_rcc.o
                0x08007a84                HAL_RCC_GetPCLK2Freq
 .text.HAL_RCC_GetSysClockFreq
                0x08007aac      0x460 build/stm32f4xx_hal_rcc_ex.o
                0x08007aac                HAL_RCC_GetSysClockFreq
 .text.HAL_RCC_OscConfig
                0x08007f0c      0x53c build/stm32f4xx_hal_rcc_ex.o
                0x08007f0c                HAL_RCC_OscConfig
 .text.HAL_SPI_Init
                0x08008448      0x112 build/stm32f4xx_hal_spi.o
                0x08008448                HAL_SPI_Init
 .text.HAL_SPI_TransmitReceive
                0x0800855a      0x352 build/stm32f4xx_hal_spi.o
                0x0800855a                HAL_SPI_TransmitReceive
 .text.SPI_WaitFlagStateUntilTimeout
                0x080088ac      0x110 build/stm32f4xx_hal_spi.o
 .text.SPI_EndRxTxTransaction
                0x080089bc       0xa8 build/stm32f4xx_hal_spi.o
 .text.HAL_TIM_Base_Init
                0x08008a64       0x9e build/stm32f4xx_hal_tim.o
                0x08008a64                HAL_TIM_Base_Init
 *fill*         0x08008b02        0x2 
 .text.HAL_TIM_Base_Start_IT
                0x08008b04       0xe0 build/stm32f4xx_hal_tim.o
                0x08008b04                HAL_TIM_Base_Start_IT
 .text.HAL_TIM_PWM_Init
                0x08008be4       0x9e build/stm32f4xx_hal_tim.o
                0x08008be4                HAL_TIM_PWM_Init
 .text.HAL_TIM_PWM_MspInit
                0x08008c82       0x14 build/stm32f4xx_hal_tim.o
                0x08008c82                HAL_TIM_PWM_MspInit
 *fill*         0x08008c96        0x2 
 .text.HAL_TIM_PWM_Start
                0x08008c98      0x190 build/stm32f4xx_hal_tim.o
                0x08008c98                HAL_TIM_PWM_Start
 .text.HAL_TIM_IRQHandler
                0x08008e28      0x1e0 build/stm32f4xx_hal_tim.o
                0x08008e28                HAL_TIM_IRQHandler
 .text.HAL_TIM_PWM_ConfigChannel
                0x08009008      0x184 build/stm32f4xx_hal_tim.o
                0x08009008                HAL_TIM_PWM_ConfigChannel
 .text.HAL_TIM_ConfigClockSource
                0x0800918c      0x18e build/stm32f4xx_hal_tim.o
                0x0800918c                HAL_TIM_ConfigClockSource
 .text.HAL_TIM_PeriodElapsedCallback
                0x0800931a       0x14 build/stm32f4xx_hal_tim.o
                0x0800931a                HAL_TIM_PeriodElapsedCallback
 .text.HAL_TIM_OC_DelayElapsedCallback
                0x0800932e       0x14 build/stm32f4xx_hal_tim.o
                0x0800932e                HAL_TIM_OC_DelayElapsedCallback
 .text.HAL_TIM_IC_CaptureCallback
                0x08009342       0x14 build/stm32f4xx_hal_tim.o
                0x08009342                HAL_TIM_IC_CaptureCallback
 .text.HAL_TIM_PWM_PulseFinishedCallback
                0x08009356       0x14 build/stm32f4xx_hal_tim.o
                0x08009356                HAL_TIM_PWM_PulseFinishedCallback
 .text.HAL_TIM_TriggerCallback
                0x0800936a       0x14 build/stm32f4xx_hal_tim.o
                0x0800936a                HAL_TIM_TriggerCallback
 *fill*         0x0800937e        0x2 
 .text.TIM_Base_SetConfig
                0x08009380      0x158 build/stm32f4xx_hal_tim.o
                0x08009380                TIM_Base_SetConfig
 .text.TIM_OC1_SetConfig
                0x080094d8       0xe0 build/stm32f4xx_hal_tim.o
 .text.TIM_OC2_SetConfig
                0x080095b8       0xec build/stm32f4xx_hal_tim.o
                0x080095b8                TIM_OC2_SetConfig
 .text.TIM_OC3_SetConfig
                0x080096a4       0xe8 build/stm32f4xx_hal_tim.o
 .text.TIM_OC4_SetConfig
                0x0800978c       0xac build/stm32f4xx_hal_tim.o
 .text.TIM_TI1_ConfigInputStage
                0x08009838       0x5e build/stm32f4xx_hal_tim.o
 .text.TIM_TI2_ConfigInputStage
                0x08009896       0x60 build/stm32f4xx_hal_tim.o
 .text.TIM_ITRx_SetConfig
                0x080098f6       0x36 build/stm32f4xx_hal_tim.o
 .text.TIM_ETR_SetConfig
                0x0800992c       0x40 build/stm32f4xx_hal_tim.o
                0x0800992c                TIM_ETR_SetConfig
 .text.TIM_CCxChannelCmd
                0x0800996c       0x4a build/stm32f4xx_hal_tim.o
                0x0800996c                TIM_CCxChannelCmd
 *fill*         0x080099b6        0x2 
 .text.HAL_TIMEx_MasterConfigSynchronization
                0x080099b8       0xf8 build/stm32f4xx_hal_tim_ex.o
                0x080099b8                HAL_TIMEx_MasterConfigSynchronization
 .text.HAL_TIMEx_ConfigBreakDeadTime
                0x08009ab0       0xa4 build/stm32f4xx_hal_tim_ex.o
                0x08009ab0                HAL_TIMEx_ConfigBreakDeadTime
 .text.HAL_TIMEx_CommutCallback
                0x08009b54       0x14 build/stm32f4xx_hal_tim_ex.o
                0x08009b54                HAL_TIMEx_CommutCallback
 .text.HAL_TIMEx_BreakCallback
                0x08009b68       0x14 build/stm32f4xx_hal_tim_ex.o
                0x08009b68                HAL_TIMEx_BreakCallback
 .text.HAL_UART_Init
                0x08009b7c       0xa0 build/stm32f4xx_hal_uart.o
                0x08009b7c                HAL_UART_Init
 .text.HAL_UART_Transmit
                0x08009c1c      0x116 build/stm32f4xx_hal_uart.o
                0x08009c1c                HAL_UART_Transmit
 .text.HAL_UART_Receive_IT
                0x08009d32       0x4a build/stm32f4xx_hal_uart.o
                0x08009d32                HAL_UART_Receive_IT
 .text.HAL_UART_IRQHandler
                0x08009d7c      0x524 build/stm32f4xx_hal_uart.o
                0x08009d7c                HAL_UART_IRQHandler
 .text.HAL_UART_TxCpltCallback
                0x0800a2a0       0x14 build/stm32f4xx_hal_uart.o
                0x0800a2a0                HAL_UART_TxCpltCallback
 .text.HAL_UART_ErrorCallback
                0x0800a2b4       0x14 build/stm32f4xx_hal_uart.o
                0x0800a2b4                HAL_UART_ErrorCallback
 .text.HAL_UARTEx_RxEventCallback
                0x0800a2c8       0x18 build/stm32f4xx_hal_uart.o
                0x0800a2c8                HAL_UARTEx_RxEventCallback
 .text.UART_WaitOnFlagUntilTimeout
                0x0800a2e0       0xb2 build/stm32f4xx_hal_uart.o
 .text.UART_Start_Receive_IT
                0x0800a392       0x74 build/stm32f4xx_hal_uart.o
                0x0800a392                UART_Start_Receive_IT
 .text.UART_EndRxTransfer
                0x0800a406       0xc6 build/stm32f4xx_hal_uart.o
 .text.UART_DMAAbortOnError
                0x0800a4cc       0x28 build/stm32f4xx_hal_uart.o
 .text.UART_Transmit_IT
                0x0800a4f4       0xa0 build/stm32f4xx_hal_uart.o
 .text.UART_EndTransmit_IT
                0x0800a594       0x30 build/stm32f4xx_hal_uart.o
 .text.UART_Receive_IT
                0x0800a5c4      0x17c build/stm32f4xx_hal_uart.o
 .text.UART_SetConfig
                0x0800a740      0x4e8 build/stm32f4xx_hal_uart.o
 .text.Reset_Handler
                0x0800ac28       0x50 build/startup_stm32f446xx.o
                0x0800ac28                Reset_Handler
 .text.Default_Handler
                0x0800ac78        0x2 build/startup_stm32f446xx.o
                0x0800ac78                RTC_Alarm_IRQHandler
                0x0800ac78                EXTI2_IRQHandler
                0x0800ac78                TIM8_CC_IRQHandler
                0x0800ac78                FMPI2C1_EV_IRQHandler
                0x0800ac78                SPI4_IRQHandler
                0x0800ac78                TIM1_CC_IRQHandler
                0x0800ac78                DMA2_Stream5_IRQHandler
                0x0800ac78                DMA1_Stream5_IRQHandler
                0x0800ac78                PVD_IRQHandler
                0x0800ac78                SDIO_IRQHandler
                0x0800ac78                TAMP_STAMP_IRQHandler
                0x0800ac78                CAN2_RX1_IRQHandler
                0x0800ac78                EXTI3_IRQHandler
                0x0800ac78                TIM8_TRG_COM_TIM14_IRQHandler
                0x0800ac78                TIM8_UP_TIM13_IRQHandler
                0x0800ac78                I2C3_ER_IRQHandler
                0x0800ac78                EXTI0_IRQHandler
                0x0800ac78                I2C2_EV_IRQHandler
                0x0800ac78                DMA1_Stream2_IRQHandler
                0x0800ac78                FPU_IRQHandler
                0x0800ac78                OTG_HS_WKUP_IRQHandler
                0x0800ac78                CAN2_SCE_IRQHandler
                0x0800ac78                DMA2_Stream2_IRQHandler
                0x0800ac78                SPI1_IRQHandler
                0x0800ac78                TIM6_DAC_IRQHandler
                0x0800ac78                TIM1_BRK_TIM9_IRQHandler
                0x0800ac78                DCMI_IRQHandler
                0x0800ac78                CAN2_RX0_IRQHandler
                0x0800ac78                DMA2_Stream3_IRQHandler
                0x0800ac78                SAI2_IRQHandler
                0x0800ac78                USART6_IRQHandler
                0x0800ac78                USART3_IRQHandler
                0x0800ac78                CAN1_RX1_IRQHandler
                0x0800ac78                UART5_IRQHandler
                0x0800ac78                DMA2_Stream0_IRQHandler
                0x0800ac78                TIM4_IRQHandler
                0x0800ac78                QUADSPI_IRQHandler
                0x0800ac78                I2C1_EV_IRQHandler
                0x0800ac78                DMA1_Stream6_IRQHandler
                0x0800ac78                DMA1_Stream1_IRQHandler
                0x0800ac78                UART4_IRQHandler
                0x0800ac78                TIM3_IRQHandler
                0x0800ac78                RCC_IRQHandler
                0x0800ac78                TIM8_BRK_TIM12_IRQHandler
                0x0800ac78                Default_Handler
                0x0800ac78                CEC_IRQHandler
                0x0800ac78                EXTI15_10_IRQHandler
                0x0800ac78                ADC_IRQHandler
                0x0800ac78                DMA1_Stream7_IRQHandler
                0x0800ac78                TIM7_IRQHandler
                0x0800ac78                CAN2_TX_IRQHandler
                0x0800ac78                TIM5_IRQHandler
                0x0800ac78                DMA2_Stream7_IRQHandler
                0x0800ac78                I2C3_EV_IRQHandler
                0x0800ac78                EXTI9_5_IRQHandler
                0x0800ac78                RTC_WKUP_IRQHandler
                0x0800ac78                SPDIF_RX_IRQHandler
                0x0800ac78                SPI2_IRQHandler
                0x0800ac78                OTG_HS_EP1_IN_IRQHandler
                0x0800ac78                DMA1_Stream0_IRQHandler
                0x0800ac78                CAN1_TX_IRQHandler
                0x0800ac78                FMPI2C1_ER_IRQHandler
                0x0800ac78                EXTI4_IRQHandler
                0x0800ac78                OTG_HS_EP1_OUT_IRQHandler
                0x0800ac78                WWDG_IRQHandler
                0x0800ac78                OTG_FS_WKUP_IRQHandler
                0x0800ac78                TIM1_TRG_COM_TIM11_IRQHandler
                0x0800ac78                OTG_HS_IRQHandler
                0x0800ac78                EXTI1_IRQHandler
                0x0800ac78                I2C2_ER_IRQHandler
                0x0800ac78                DMA2_Stream1_IRQHandler
                0x0800ac78                CAN1_SCE_IRQHandler
                0x0800ac78                FLASH_IRQHandler
                0x0800ac78                DMA2_Stream4_IRQHandler
                0x0800ac78                USART1_IRQHandler
                0x0800ac78                OTG_FS_IRQHandler
                0x0800ac78                SPI3_IRQHandler
                0x0800ac78                DMA1_Stream4_IRQHandler
                0x0800ac78                I2C1_ER_IRQHandler
                0x0800ac78                FMC_IRQHandler
                0x0800ac78                DMA2_Stream6_IRQHandler
                0x0800ac78                SAI1_IRQHandler
                0x0800ac78                DMA1_Stream3_IRQHandler
 .text.atof     0x0800ac7a        0x6 d:/st/gnu arm embedded toolchain/10 2021.10/bin/../lib/gcc/arm-none-eabi/10.3.1/../../../../arm-none-eabi/lib/thumb/v7e-m+fp/hard\libc_nano.a(lib_a-atof.o)
                0x0800ac7a                atof
 .text.atoi     0x0800ac80        0x8 d:/st/gnu arm embedded toolchain/10 2021.10/bin/../lib/gcc/arm-none-eabi/10.3.1/../../../../arm-none-eabi/lib/thumb/v7e-m+fp/hard\libc_nano.a(lib_a-atoi.o)
                0x0800ac80                atoi
 .text.__errno  0x0800ac88        0xc d:/st/gnu arm embedded toolchain/10 2021.10/bin/../lib/gcc/arm-none-eabi/10.3.1/../../../../arm-none-eabi/lib/thumb/v7e-m+fp/hard\libc_nano.a(lib_a-errno.o)
                0x0800ac88                __errno
 .text.__libc_init_array
                0x0800ac94       0x48 d:/st/gnu arm embedded toolchain/10 2021.10/bin/../lib/gcc/arm-none-eabi/10.3.1/../../../../arm-none-eabi/lib/thumb/v7e-m+fp/hard\libc_nano.a(lib_a-init.o)
                0x0800ac94                __libc_init_array
 .text.memcpy   0x0800acdc       0x1c d:/st/gnu arm embedded toolchain/10 2021.10/bin/../lib/gcc/arm-none-eabi/10.3.1/../../../../arm-none-eabi/lib/thumb/v7e-m+fp/hard\libc_nano.a(lib_a-memcpy-stub.o)
                0x0800acdc                memcpy
 .text.memset   0x0800acf8       0x10 d:/st/gnu arm embedded toolchain/10 2021.10/bin/../lib/gcc/arm-none-eabi/10.3.1/../../../../arm-none-eabi/lib/thumb/v7e-m+fp/hard\libc_nano.a(lib_a-memset.o)
                0x0800acf8                memset
 .text.printf   0x0800ad08       0x30 d:/st/gnu arm embedded toolchain/10 2021.10/bin/../lib/gcc/arm-none-eabi/10.3.1/../../../../arm-none-eabi/lib/thumb/v7e-m+fp/hard\libc_nano.a(lib_a-printf.o)
                0x0800ad08                iprintf
                0x0800ad08                printf
 .text._puts_r  0x0800ad38       0xdc d:/st/gnu arm embedded toolchain/10 2021.10/bin/../lib/gcc/arm-none-eabi/10.3.1/../../../../arm-none-eabi/lib/thumb/v7e-m+fp/hard\libc_nano.a(lib_a-puts.o)
                0x0800ad38                _puts_r
 .text.puts     0x0800ae14       0x10 d:/st/gnu arm embedded toolchain/10 2021.10/bin/../lib/gcc/arm-none-eabi/10.3.1/../../../../arm-none-eabi/lib/thumb/v7e-m+fp/hard\libc_nano.a(lib_a-puts.o)
                0x0800ae14                puts
 .text.snprintf
                0x0800ae24       0x68 d:/st/gnu arm embedded toolchain/10 2021.10/bin/../lib/gcc/arm-none-eabi/10.3.1/../../../../arm-none-eabi/lib/thumb/v7e-m+fp/hard\libc_nano.a(lib_a-snprintf.o)
                0x0800ae24                sniprintf
                0x0800ae24                snprintf
 .text.sulp     0x0800ae8c       0x38 d:/st/gnu arm embedded toolchain/10 2021.10/bin/../lib/gcc/arm-none-eabi/10.3.1/../../../../arm-none-eabi/lib/thumb/v7e-m+fp/hard\libc_nano.a(lib_a-strtod.o)
 *fill*         0x0800aec4        0x4 
 .text._strtod_l
                0x0800aec8      0xc0c d:/st/gnu arm embedded toolchain/10 2021.10/bin/../lib/gcc/arm-none-eabi/10.3.1/../../../../arm-none-eabi/lib/thumb/v7e-m+fp/hard\libc_nano.a(lib_a-strtod.o)
                0x0800aec8                _strtod_l
 .text.strtod   0x0800bad4       0x18 d:/st/gnu arm embedded toolchain/10 2021.10/bin/../lib/gcc/arm-none-eabi/10.3.1/../../../../arm-none-eabi/lib/thumb/v7e-m+fp/hard\libc_nano.a(lib_a-strtod.o)
                0x0800bad4                strtod
 .text._strtol_l.constprop.0
                0x0800baec      0x104 d:/st/gnu arm embedded toolchain/10 2021.10/bin/../lib/gcc/arm-none-eabi/10.3.1/../../../../arm-none-eabi/lib/thumb/v7e-m+fp/hard\libc_nano.a(lib_a-strtol.o)
 .text.strtol   0x0800bbf0       0x14 d:/st/gnu arm embedded toolchain/10 2021.10/bin/../lib/gcc/arm-none-eabi/10.3.1/../../../../arm-none-eabi/lib/thumb/v7e-m+fp/hard\libc_nano.a(lib_a-strtol.o)
                0x0800bbf0                strtol
 .text.__swbuf_r
                0x0800bc04       0xa4 d:/st/gnu arm embedded toolchain/10 2021.10/bin/../lib/gcc/arm-none-eabi/10.3.1/../../../../arm-none-eabi/lib/thumb/v7e-m+fp/hard\libc_nano.a(lib_a-wbuf.o)
                0x0800bc04                __swbuf_r
 .text.__swsetup_r
                0x0800bca8       0xdc d:/st/gnu arm embedded toolchain/10 2021.10/bin/../lib/gcc/arm-none-eabi/10.3.1/../../../../arm-none-eabi/lib/thumb/v7e-m+fp/hard\libc_nano.a(lib_a-wsetup.o)
                0x0800bca8                __swsetup_r
 .text.__sflush_r
                0x0800bd84      0x10c d:/st/gnu arm embedded toolchain/10 2021.10/bin/../lib/gcc/arm-none-eabi/10.3.1/../../../../arm-none-eabi/lib/thumb/v7e-m+fp/hard\libc_nano.a(lib_a-fflush.o)
                0x0800bd84                __sflush_r
 .text._fflush_r
                0x0800be90       0x78 d:/st/gnu arm embedded toolchain/10 2021.10/bin/../lib/gcc/arm-none-eabi/10.3.1/../../../../arm-none-eabi/lib/thumb/v7e-m+fp/hard\libc_nano.a(lib_a-fflush.o)
                0x0800be90                _fflush_r
 .text.std      0x0800bf08       0x48 d:/st/gnu arm embedded toolchain/10 2021.10/bin/../lib/gcc/arm-none-eabi/10.3.1/../../../../arm-none-eabi/lib/thumb/v7e-m+fp/hard\libc_nano.a(lib_a-findfp.o)
 .text._cleanup_r
                0x0800bf50        0xc d:/st/gnu arm embedded toolchain/10 2021.10/bin/../lib/gcc/arm-none-eabi/10.3.1/../../../../arm-none-eabi/lib/thumb/v7e-m+fp/hard\libc_nano.a(lib_a-findfp.o)
                0x0800bf50                _cleanup_r
 .text.__sfmoreglue
                0x0800bf5c       0x2c d:/st/gnu arm embedded toolchain/10 2021.10/bin/../lib/gcc/arm-none-eabi/10.3.1/../../../../arm-none-eabi/lib/thumb/v7e-m+fp/hard\libc_nano.a(lib_a-findfp.o)
                0x0800bf5c                __sfmoreglue
 .text.__sfp_lock_acquire
                0x0800bf88        0xc d:/st/gnu arm embedded toolchain/10 2021.10/bin/../lib/gcc/arm-none-eabi/10.3.1/../../../../arm-none-eabi/lib/thumb/v7e-m+fp/hard\libc_nano.a(lib_a-findfp.o)
                0x0800bf88                __sfp_lock_acquire
 .text.__sfp_lock_release
                0x0800bf94        0xc d:/st/gnu arm embedded toolchain/10 2021.10/bin/../lib/gcc/arm-none-eabi/10.3.1/../../../../arm-none-eabi/lib/thumb/v7e-m+fp/hard\libc_nano.a(lib_a-findfp.o)
                0x0800bf94                __sfp_lock_release
 .text.__sinit_lock_acquire
                0x0800bfa0        0xc d:/st/gnu arm embedded toolchain/10 2021.10/bin/../lib/gcc/arm-none-eabi/10.3.1/../../../../arm-none-eabi/lib/thumb/v7e-m+fp/hard\libc_nano.a(lib_a-findfp.o)
                0x0800bfa0                __sinit_lock_acquire
 .text.__sinit_lock_release
                0x0800bfac        0xc d:/st/gnu arm embedded toolchain/10 2021.10/bin/../lib/gcc/arm-none-eabi/10.3.1/../../../../arm-none-eabi/lib/thumb/v7e-m+fp/hard\libc_nano.a(lib_a-findfp.o)
                0x0800bfac                __sinit_lock_release
 .text.__sinit  0x0800bfb8       0x70 d:/st/gnu arm embedded toolchain/10 2021.10/bin/../lib/gcc/arm-none-eabi/10.3.1/../../../../arm-none-eabi/lib/thumb/v7e-m+fp/hard\libc_nano.a(lib_a-findfp.o)
                0x0800bfb8                __sinit
 .text.__sfp    0x0800c028       0x8c d:/st/gnu arm embedded toolchain/10 2021.10/bin/../lib/gcc/arm-none-eabi/10.3.1/../../../../arm-none-eabi/lib/thumb/v7e-m+fp/hard\libc_nano.a(lib_a-findfp.o)
                0x0800c028                __sfp
 .text._fwalk_reent
                0x0800c0b4       0x3e d:/st/gnu arm embedded toolchain/10 2021.10/bin/../lib/gcc/arm-none-eabi/10.3.1/../../../../arm-none-eabi/lib/thumb/v7e-m+fp/hard\libc_nano.a(lib_a-fwalk.o)
                0x0800c0b4                _fwalk_reent
 .text.rshift   0x0800c0f2       0xa4 d:/st/gnu arm embedded toolchain/10 2021.10/bin/../lib/gcc/arm-none-eabi/10.3.1/../../../../arm-none-eabi/lib/thumb/v7e-m+fp/hard\libc_nano.a(lib_a-gdtoa-gethex.o)
 .text.__hexdig_fun
                0x0800c196       0x2a d:/st/gnu arm embedded toolchain/10 2021.10/bin/../lib/gcc/arm-none-eabi/10.3.1/../../../../arm-none-eabi/lib/thumb/v7e-m+fp/hard\libc_nano.a(lib_a-gdtoa-gethex.o)
                0x0800c196                __hexdig_fun
 .text.__gethex
                0x0800c1c0      0x48c d:/st/gnu arm embedded toolchain/10 2021.10/bin/../lib/gcc/arm-none-eabi/10.3.1/../../../../arm-none-eabi/lib/thumb/v7e-m+fp/hard\libc_nano.a(lib_a-gdtoa-gethex.o)
                0x0800c1c0                __gethex
 .text.L_shift  0x0800c64c       0x24 d:/st/gnu arm embedded toolchain/10 2021.10/bin/../lib/gcc/arm-none-eabi/10.3.1/../../../../arm-none-eabi/lib/thumb/v7e-m+fp/hard\libc_nano.a(lib_a-gdtoa-hexnan.o)
 .text.__match  0x0800c670       0x28 d:/st/gnu arm embedded toolchain/10 2021.10/bin/../lib/gcc/arm-none-eabi/10.3.1/../../../../arm-none-eabi/lib/thumb/v7e-m+fp/hard\libc_nano.a(lib_a-gdtoa-hexnan.o)
                0x0800c670                __match
 .text.__hexnan
                0x0800c698      0x138 d:/st/gnu arm embedded toolchain/10 2021.10/bin/../lib/gcc/arm-none-eabi/10.3.1/../../../../arm-none-eabi/lib/thumb/v7e-m+fp/hard\libc_nano.a(lib_a-gdtoa-hexnan.o)
                0x0800c698                __hexnan
 .text.__retarget_lock_init_recursive
                0x0800c7d0        0x2 d:/st/gnu arm embedded toolchain/10 2021.10/bin/../lib/gcc/arm-none-eabi/10.3.1/../../../../arm-none-eabi/lib/thumb/v7e-m+fp/hard\libc_nano.a(lib_a-lock.o)
                0x0800c7d0                __retarget_lock_init_recursive
 .text.__retarget_lock_acquire_recursive
                0x0800c7d2        0x2 d:/st/gnu arm embedded toolchain/10 2021.10/bin/../lib/gcc/arm-none-eabi/10.3.1/../../../../arm-none-eabi/lib/thumb/v7e-m+fp/hard\libc_nano.a(lib_a-lock.o)
                0x0800c7d2                __retarget_lock_acquire_recursive
 .text.__retarget_lock_release_recursive
                0x0800c7d4        0x2 d:/st/gnu arm embedded toolchain/10 2021.10/bin/../lib/gcc/arm-none-eabi/10.3.1/../../../../arm-none-eabi/lib/thumb/v7e-m+fp/hard\libc_nano.a(lib_a-lock.o)
                0x0800c7d4                __retarget_lock_release_recursive
 .text.__swhatbuf_r
                0x0800c7d6       0x4a d:/st/gnu arm embedded toolchain/10 2021.10/bin/../lib/gcc/arm-none-eabi/10.3.1/../../../../arm-none-eabi/lib/thumb/v7e-m+fp/hard\libc_nano.a(lib_a-makebuf.o)
                0x0800c7d6                __swhatbuf_r
 .text.__smakebuf_r
                0x0800c820       0x80 d:/st/gnu arm embedded toolchain/10 2021.10/bin/../lib/gcc/arm-none-eabi/10.3.1/../../../../arm-none-eabi/lib/thumb/v7e-m+fp/hard\libc_nano.a(lib_a-makebuf.o)
                0x0800c820                __smakebuf_r
 .text.__ascii_mbtowc
                0x0800c8a0       0x24 d:/st/gnu arm embedded toolchain/10 2021.10/bin/../lib/gcc/arm-none-eabi/10.3.1/../../../../arm-none-eabi/lib/thumb/v7e-m+fp/hard\libc_nano.a(lib_a-mbtowc_r.o)
                0x0800c8a0                __ascii_mbtowc
 .text._Balloc  0x0800c8c4       0x80 d:/st/gnu arm embedded toolchain/10 2021.10/bin/../lib/gcc/arm-none-eabi/10.3.1/../../../../arm-none-eabi/lib/thumb/v7e-m+fp/hard\libc_nano.a(lib_a-mprec.o)
                0x0800c8c4                _Balloc
 .text._Bfree   0x0800c944       0x44 d:/st/gnu arm embedded toolchain/10 2021.10/bin/../lib/gcc/arm-none-eabi/10.3.1/../../../../arm-none-eabi/lib/thumb/v7e-m+fp/hard\libc_nano.a(lib_a-mprec.o)
                0x0800c944                _Bfree
 .text.__multadd
                0x0800c988       0x8c d:/st/gnu arm embedded toolchain/10 2021.10/bin/../lib/gcc/arm-none-eabi/10.3.1/../../../../arm-none-eabi/lib/thumb/v7e-m+fp/hard\libc_nano.a(lib_a-mprec.o)
                0x0800c988                __multadd
 .text.__s2b    0x0800ca14       0x94 d:/st/gnu arm embedded toolchain/10 2021.10/bin/../lib/gcc/arm-none-eabi/10.3.1/../../../../arm-none-eabi/lib/thumb/v7e-m+fp/hard\libc_nano.a(lib_a-mprec.o)
                0x0800ca14                __s2b
 .text.__hi0bits
                0x0800caa8       0x40 d:/st/gnu arm embedded toolchain/10 2021.10/bin/../lib/gcc/arm-none-eabi/10.3.1/../../../../arm-none-eabi/lib/thumb/v7e-m+fp/hard\libc_nano.a(lib_a-mprec.o)
                0x0800caa8                __hi0bits
 .text.__lo0bits
                0x0800cae8       0x5e d:/st/gnu arm embedded toolchain/10 2021.10/bin/../lib/gcc/arm-none-eabi/10.3.1/../../../../arm-none-eabi/lib/thumb/v7e-m+fp/hard\libc_nano.a(lib_a-mprec.o)
                0x0800cae8                __lo0bits
 *fill*         0x0800cb46        0x2 
 .text.__i2b    0x0800cb48       0x2c d:/st/gnu arm embedded toolchain/10 2021.10/bin/../lib/gcc/arm-none-eabi/10.3.1/../../../../arm-none-eabi/lib/thumb/v7e-m+fp/hard\libc_nano.a(lib_a-mprec.o)
                0x0800cb48                __i2b
 .text.__multiply
                0x0800cb74      0x154 d:/st/gnu arm embedded toolchain/10 2021.10/bin/../lib/gcc/arm-none-eabi/10.3.1/../../../../arm-none-eabi/lib/thumb/v7e-m+fp/hard\libc_nano.a(lib_a-mprec.o)
                0x0800cb74                __multiply
 .text.__pow5mult
                0x0800ccc8       0xb4 d:/st/gnu arm embedded toolchain/10 2021.10/bin/../lib/gcc/arm-none-eabi/10.3.1/../../../../arm-none-eabi/lib/thumb/v7e-m+fp/hard\libc_nano.a(lib_a-mprec.o)
                0x0800ccc8                __pow5mult
 .text.__lshift
                0x0800cd7c       0xe0 d:/st/gnu arm embedded toolchain/10 2021.10/bin/../lib/gcc/arm-none-eabi/10.3.1/../../../../arm-none-eabi/lib/thumb/v7e-m+fp/hard\libc_nano.a(lib_a-mprec.o)
                0x0800cd7c                __lshift
 .text.__mcmp   0x0800ce5c       0x38 d:/st/gnu arm embedded toolchain/10 2021.10/bin/../lib/gcc/arm-none-eabi/10.3.1/../../../../arm-none-eabi/lib/thumb/v7e-m+fp/hard\libc_nano.a(lib_a-mprec.o)
                0x0800ce5c                __mcmp
 .text.__mdiff  0x0800ce94      0x114 d:/st/gnu arm embedded toolchain/10 2021.10/bin/../lib/gcc/arm-none-eabi/10.3.1/../../../../arm-none-eabi/lib/thumb/v7e-m+fp/hard\libc_nano.a(lib_a-mprec.o)
                0x0800ce94                __mdiff
 .text.__ulp    0x0800cfa8       0x58 d:/st/gnu arm embedded toolchain/10 2021.10/bin/../lib/gcc/arm-none-eabi/10.3.1/../../../../arm-none-eabi/lib/thumb/v7e-m+fp/hard\libc_nano.a(lib_a-mprec.o)
                0x0800cfa8                __ulp
 .text.__b2d    0x0800d000       0xa0 d:/st/gnu arm embedded toolchain/10 2021.10/bin/../lib/gcc/arm-none-eabi/10.3.1/../../../../arm-none-eabi/lib/thumb/v7e-m+fp/hard\libc_nano.a(lib_a-mprec.o)
                0x0800d000                __b2d
 .text.__d2b    0x0800d0a0       0xb8 d:/st/gnu arm embedded toolchain/10 2021.10/bin/../lib/gcc/arm-none-eabi/10.3.1/../../../../arm-none-eabi/lib/thumb/v7e-m+fp/hard\libc_nano.a(lib_a-mprec.o)
                0x0800d0a0                __d2b
 .text.__ratio  0x0800d158       0x66 d:/st/gnu arm embedded toolchain/10 2021.10/bin/../lib/gcc/arm-none-eabi/10.3.1/../../../../arm-none-eabi/lib/thumb/v7e-m+fp/hard\libc_nano.a(lib_a-mprec.o)
                0x0800d158                __ratio
 .text.__copybits
                0x0800d1be       0x46 d:/st/gnu arm embedded toolchain/10 2021.10/bin/../lib/gcc/arm-none-eabi/10.3.1/../../../../arm-none-eabi/lib/thumb/v7e-m+fp/hard\libc_nano.a(lib_a-mprec.o)
                0x0800d1be                __copybits
 .text.__any_on
                0x0800d204       0x42 d:/st/gnu arm embedded toolchain/10 2021.10/bin/../lib/gcc/arm-none-eabi/10.3.1/../../../../arm-none-eabi/lib/thumb/v7e-m+fp/hard\libc_nano.a(lib_a-mprec.o)
                0x0800d204                __any_on
 .text._calloc_r
                0x0800d246       0x2c d:/st/gnu arm embedded toolchain/10 2021.10/bin/../lib/gcc/arm-none-eabi/10.3.1/../../../../arm-none-eabi/lib/thumb/v7e-m+fp/hard\libc_nano.a(lib_a-nano-callocr.o)
                0x0800d246                _calloc_r
 *fill*         0x0800d272        0x2 
 .text._free_r  0x0800d274       0x98 d:/st/gnu arm embedded toolchain/10 2021.10/bin/../lib/gcc/arm-none-eabi/10.3.1/../../../../arm-none-eabi/lib/thumb/v7e-m+fp/hard\libc_nano.a(lib_a-nano-freer.o)
                0x0800d274                _free_r
 .text.sbrk_aligned
                0x0800d30c       0x40 d:/st/gnu arm embedded toolchain/10 2021.10/bin/../lib/gcc/arm-none-eabi/10.3.1/../../../../arm-none-eabi/lib/thumb/v7e-m+fp/hard\libc_nano.a(lib_a-nano-mallocr.o)
 .text._malloc_r
                0x0800d34c       0xe8 d:/st/gnu arm embedded toolchain/10 2021.10/bin/../lib/gcc/arm-none-eabi/10.3.1/../../../../arm-none-eabi/lib/thumb/v7e-m+fp/hard\libc_nano.a(lib_a-nano-mallocr.o)
                0x0800d34c                _malloc_r
 .text.__ssputs_r
                0x0800d434       0xb6 d:/st/gnu arm embedded toolchain/10 2021.10/bin/../lib/gcc/arm-none-eabi/10.3.1/../../../../arm-none-eabi/lib/thumb/v7e-m+fp/hard\libc_nano.a(lib_a-nano-svfprintf.o)
                0x0800d434                __ssputs_r
 *fill*         0x0800d4ea        0x2 
 .text._svfprintf_r
                0x0800d4ec      0x200 d:/st/gnu arm embedded toolchain/10 2021.10/bin/../lib/gcc/arm-none-eabi/10.3.1/../../../../arm-none-eabi/lib/thumb/v7e-m+fp/hard\libc_nano.a(lib_a-nano-svfprintf.o)
                0x0800d4ec                _svfiprintf_r
                0x0800d4ec                _svfprintf_r
 .text.__sfputc_r
                0x0800d6ec       0x2e d:/st/gnu arm embedded toolchain/10 2021.10/bin/../lib/gcc/arm-none-eabi/10.3.1/../../../../arm-none-eabi/lib/thumb/v7e-m+fp/hard\libc_nano.a(lib_a-nano-vfprintf.o)
 .text.__sfputs_r
                0x0800d71a       0x24 d:/st/gnu arm embedded toolchain/10 2021.10/bin/../lib/gcc/arm-none-eabi/10.3.1/../../../../arm-none-eabi/lib/thumb/v7e-m+fp/hard\libc_nano.a(lib_a-nano-vfprintf.o)
                0x0800d71a                __sfputs_r
 *fill*         0x0800d73e        0x2 
 .text._vfprintf_r
                0x0800d740      0x260 d:/st/gnu arm embedded toolchain/10 2021.10/bin/../lib/gcc/arm-none-eabi/10.3.1/../../../../arm-none-eabi/lib/thumb/v7e-m+fp/hard\libc_nano.a(lib_a-nano-vfprintf.o)
                0x0800d740                _vfprintf_r
                0x0800d740                _vfiprintf_r
 .text._printf_common
                0x0800d9a0       0xda d:/st/gnu arm embedded toolchain/10 2021.10/bin/../lib/gcc/arm-none-eabi/10.3.1/../../../../arm-none-eabi/lib/thumb/v7e-m+fp/hard\libc_nano.a(lib_a-nano-vfprintf_i.o)
                0x0800d9a0                _printf_common
 *fill*         0x0800da7a        0x2 
 .text._printf_i
                0x0800da7c      0x24c d:/st/gnu arm embedded toolchain/10 2021.10/bin/../lib/gcc/arm-none-eabi/10.3.1/../../../../arm-none-eabi/lib/thumb/v7e-m+fp/hard\libc_nano.a(lib_a-nano-vfprintf_i.o)
                0x0800da7c                _printf_i
 .text.nan      0x0800dcc8       0x10 d:/st/gnu arm embedded toolchain/10 2021.10/bin/../lib/gcc/arm-none-eabi/10.3.1/../../../../arm-none-eabi/lib/thumb/v7e-m+fp/hard\libc_nano.a(lib_a-s_nan.o)
                0x0800dcc8                nan
 .text._sbrk_r  0x0800dcd8       0x20 d:/st/gnu arm embedded toolchain/10 2021.10/bin/../lib/gcc/arm-none-eabi/10.3.1/../../../../arm-none-eabi/lib/thumb/v7e-m+fp/hard\libc_nano.a(lib_a-sbrkr.o)
                0x0800dcd8                _sbrk_r
 .text.__sread  0x0800dcf8       0x22 d:/st/gnu arm embedded toolchain/10 2021.10/bin/../lib/gcc/arm-none-eabi/10.3.1/../../../../arm-none-eabi/lib/thumb/v7e-m+fp/hard\libc_nano.a(lib_a-stdio.o)
                0x0800dcf8                __sread
 .text.__swrite
                0x0800dd1a       0x38 d:/st/gnu arm embedded toolchain/10 2021.10/bin/../lib/gcc/arm-none-eabi/10.3.1/../../../../arm-none-eabi/lib/thumb/v7e-m+fp/hard\libc_nano.a(lib_a-stdio.o)
                0x0800dd1a                __swrite
 .text.__sseek  0x0800dd52       0x24 d:/st/gnu arm embedded toolchain/10 2021.10/bin/../lib/gcc/arm-none-eabi/10.3.1/../../../../arm-none-eabi/lib/thumb/v7e-m+fp/hard\libc_nano.a(lib_a-stdio.o)
                0x0800dd52                __sseek
 .text.__sclose
                0x0800dd76        0x8 d:/st/gnu arm embedded toolchain/10 2021.10/bin/../lib/gcc/arm-none-eabi/10.3.1/../../../../arm-none-eabi/lib/thumb/v7e-m+fp/hard\libc_nano.a(lib_a-stdio.o)
                0x0800dd76                __sclose
 .text.strncmp  0x0800dd7e       0x28 d:/st/gnu arm embedded toolchain/10 2021.10/bin/../lib/gcc/arm-none-eabi/10.3.1/../../../../arm-none-eabi/lib/thumb/v7e-m+fp/hard\libc_nano.a(lib_a-strncmp.o)
                0x0800dd7e                strncmp
 .text.__ascii_wctomb
                0x0800dda6       0x1a d:/st/gnu arm embedded toolchain/10 2021.10/bin/../lib/gcc/arm-none-eabi/10.3.1/../../../../arm-none-eabi/lib/thumb/v7e-m+fp/hard\libc_nano.a(lib_a-wctomb_r.o)
                0x0800dda6                __ascii_wctomb
 .text._write_r
                0x0800ddc0       0x24 d:/st/gnu arm embedded toolchain/10 2021.10/bin/../lib/gcc/arm-none-eabi/10.3.1/../../../../arm-none-eabi/lib/thumb/v7e-m+fp/hard\libc_nano.a(lib_a-writer.o)
                0x0800ddc0                _write_r
 .text.__assert_func
                0x0800dde4       0x3c d:/st/gnu arm embedded toolchain/10 2021.10/bin/../lib/gcc/arm-none-eabi/10.3.1/../../../../arm-none-eabi/lib/thumb/v7e-m+fp/hard\libc_nano.a(lib_a-assert.o)
                0x0800dde4                __assert_func
 .text._close_r
                0x0800de20       0x20 d:/st/gnu arm embedded toolchain/10 2021.10/bin/../lib/gcc/arm-none-eabi/10.3.1/../../../../arm-none-eabi/lib/thumb/v7e-m+fp/hard\libc_nano.a(lib_a-closer.o)
                0x0800de20                _close_r
 .text.fprintf  0x0800de40       0x24 d:/st/gnu arm embedded toolchain/10 2021.10/bin/../lib/gcc/arm-none-eabi/10.3.1/../../../../arm-none-eabi/lib/thumb/v7e-m+fp/hard\libc_nano.a(lib_a-fprintf.o)
                0x0800de40                fiprintf
                0x0800de40                fprintf
 .text._fstat_r
                0x0800de64       0x24 d:/st/gnu arm embedded toolchain/10 2021.10/bin/../lib/gcc/arm-none-eabi/10.3.1/../../../../arm-none-eabi/lib/thumb/v7e-m+fp/hard\libc_nano.a(lib_a-fstatr.o)
                0x0800de64                _fstat_r
 .text._isatty_r
                0x0800de88       0x20 d:/st/gnu arm embedded toolchain/10 2021.10/bin/../lib/gcc/arm-none-eabi/10.3.1/../../../../arm-none-eabi/lib/thumb/v7e-m+fp/hard\libc_nano.a(lib_a-isattyr.o)
                0x0800de88                _isatty_r
 .text._lseek_r
                0x0800dea8       0x24 d:/st/gnu arm embedded toolchain/10 2021.10/bin/../lib/gcc/arm-none-eabi/10.3.1/../../../../arm-none-eabi/lib/thumb/v7e-m+fp/hard\libc_nano.a(lib_a-lseekr.o)
                0x0800dea8                _lseek_r
 .text.malloc   0x0800decc       0x10 d:/st/gnu arm embedded toolchain/10 2021.10/bin/../lib/gcc/arm-none-eabi/10.3.1/../../../../arm-none-eabi/lib/thumb/v7e-m+fp/hard\libc_nano.a(lib_a-malloc.o)
                0x0800decc                malloc
 .text.memmove  0x0800dedc       0x34 d:/st/gnu arm embedded toolchain/10 2021.10/bin/../lib/gcc/arm-none-eabi/10.3.1/../../../../arm-none-eabi/lib/thumb/v7e-m+fp/hard\libc_nano.a(lib_a-memmove.o)
                0x0800dedc                memmove
 .text.__malloc_lock
                0x0800df10        0xc d:/st/gnu arm embedded toolchain/10 2021.10/bin/../lib/gcc/arm-none-eabi/10.3.1/../../../../arm-none-eabi/lib/thumb/v7e-m+fp/hard\libc_nano.a(lib_a-mlock.o)
                0x0800df10                __malloc_lock
 .text.__malloc_unlock
                0x0800df1c        0xc d:/st/gnu arm embedded toolchain/10 2021.10/bin/../lib/gcc/arm-none-eabi/10.3.1/../../../../arm-none-eabi/lib/thumb/v7e-m+fp/hard\libc_nano.a(lib_a-mlock.o)
                0x0800df1c                __malloc_unlock
 .text._realloc_r
                0x0800df28       0x5e d:/st/gnu arm embedded toolchain/10 2021.10/bin/../lib/gcc/arm-none-eabi/10.3.1/../../../../arm-none-eabi/lib/thumb/v7e-m+fp/hard\libc_nano.a(lib_a-nano-reallocr.o)
                0x0800df28                _realloc_r
 *fill*         0x0800df86        0x2 
 .text._read_r  0x0800df88       0x24 d:/st/gnu arm embedded toolchain/10 2021.10/bin/../lib/gcc/arm-none-eabi/10.3.1/../../../../arm-none-eabi/lib/thumb/v7e-m+fp/hard\libc_nano.a(lib_a-readr.o)
                0x0800df88                _read_r
 .text.abort    0x0800dfac        0xe d:/st/gnu arm embedded toolchain/10 2021.10/bin/../lib/gcc/arm-none-eabi/10.3.1/../../../../arm-none-eabi/lib/thumb/v7e-m+fp/hard\libc_nano.a(lib_a-abort.o)
                0x0800dfac                abort
 .text._malloc_usable_size_r
                0x0800dfba       0x10 d:/st/gnu arm embedded toolchain/10 2021.10/bin/../lib/gcc/arm-none-eabi/10.3.1/../../../../arm-none-eabi/lib/thumb/v7e-m+fp/hard\libc_nano.a(lib_a-nano-msizer.o)
                0x0800dfba                _malloc_usable_size_r
 .text._raise_r
                0x0800dfca       0x50 d:/st/gnu arm embedded toolchain/10 2021.10/bin/../lib/gcc/arm-none-eabi/10.3.1/../../../../arm-none-eabi/lib/thumb/v7e-m+fp/hard\libc_nano.a(lib_a-signal.o)
                0x0800dfca                _raise_r
 *fill*         0x0800e01a        0x2 
 .text.raise    0x0800e01c       0x10 d:/st/gnu arm embedded toolchain/10 2021.10/bin/../lib/gcc/arm-none-eabi/10.3.1/../../../../arm-none-eabi/lib/thumb/v7e-m+fp/hard\libc_nano.a(lib_a-signal.o)
                0x0800e01c                raise
 .text._kill_r  0x0800e02c       0x24 d:/st/gnu arm embedded toolchain/10 2021.10/bin/../lib/gcc/arm-none-eabi/10.3.1/../../../../arm-none-eabi/lib/thumb/v7e-m+fp/hard\libc_nano.a(lib_a-signalr.o)
                0x0800e02c                _kill_r
 .text._getpid_r
                0x0800e050        0x4 d:/st/gnu arm embedded toolchain/10 2021.10/bin/../lib/gcc/arm-none-eabi/10.3.1/../../../../arm-none-eabi/lib/thumb/v7e-m+fp/hard\libc_nano.a(lib_a-signalr.o)
                0x0800e050                _getpid_r
 .text.round    0x0800e054       0xa0 d:/st/gnu arm embedded toolchain/10 2021.10/bin/../lib/gcc/arm-none-eabi/10.3.1/../../../../arm-none-eabi/lib/thumb/v7e-m+fp/hard\libm.a(lib_a-s_round.o)
                0x0800e054                round
 .text.fmaxf    0x0800e0f4       0x3c d:/st/gnu arm embedded toolchain/10 2021.10/bin/../lib/gcc/arm-none-eabi/10.3.1/../../../../arm-none-eabi/lib/thumb/v7e-m+fp/hard\libm.a(lib_a-sf_fmax.o)
                0x0800e0f4                fmaxf
 .text.fminf    0x0800e130       0x3c d:/st/gnu arm embedded toolchain/10 2021.10/bin/../lib/gcc/arm-none-eabi/10.3.1/../../../../arm-none-eabi/lib/thumb/v7e-m+fp/hard\libm.a(lib_a-sf_fmin.o)
                0x0800e130                fminf
 .text.__fpclassifyf
                0x0800e16c       0x38 d:/st/gnu arm embedded toolchain/10 2021.10/bin/../lib/gcc/arm-none-eabi/10.3.1/../../../../arm-none-eabi/lib/thumb/v7e-m+fp/hard\libm.a(lib_a-sf_fpclassify.o)
                0x0800e16c                __fpclassifyf
 *fill*         0x0800e1a4        0x4 
 .text.exp      0x0800e1a8       0xa0 d:/st/gnu arm embedded toolchain/10 2021.10/bin/../lib/gcc/arm-none-eabi/10.3.1/../../../../arm-none-eabi/lib/thumb/v7e-m+fp/hard\libm.a(lib_a-w_exp.o)
                0x0800e1a8                exp
 .text.fmodf    0x0800e248       0x48 d:/st/gnu arm embedded toolchain/10 2021.10/bin/../lib/gcc/arm-none-eabi/10.3.1/../../../../arm-none-eabi/lib/thumb/v7e-m+fp/hard\libm.a(lib_a-wf_fmod.o)
                0x0800e248                fmodf
 .text.sqrtf    0x0800e290       0x44 d:/st/gnu arm embedded toolchain/10 2021.10/bin/../lib/gcc/arm-none-eabi/10.3.1/../../../../arm-none-eabi/lib/thumb/v7e-m+fp/hard\libm.a(lib_a-wf_sqrt.o)
                0x0800e290                sqrtf
 *fill*         0x0800e2d4        0x4 
 .text.__ieee754_exp
                0x0800e2d8      0x3dc d:/st/gnu arm embedded toolchain/10 2021.10/bin/../lib/gcc/arm-none-eabi/10.3.1/../../../../arm-none-eabi/lib/thumb/v7e-m+fp/hard\libm.a(lib_a-e_exp.o)
                0x0800e2d8                __ieee754_exp
 .text.__ieee754_fmodf
                0x0800e6b4      0x120 d:/st/gnu arm embedded toolchain/10 2021.10/bin/../lib/gcc/arm-none-eabi/10.3.1/../../../../arm-none-eabi/lib/thumb/v7e-m+fp/hard\libm.a(lib_a-ef_fmod.o)
                0x0800e6b4                __ieee754_fmodf
 .text.__ieee754_sqrtf
                0x0800e7d4        0x8 d:/st/gnu arm embedded toolchain/10 2021.10/bin/../lib/gcc/arm-none-eabi/10.3.1/../../../../arm-none-eabi/lib/thumb/v7e-m+fp/hard\libm.a(lib_a-ef_sqrt.o)
                0x0800e7d4                __ieee754_sqrtf
 .text.with_errno
                0x0800e7dc       0x18 d:/st/gnu arm embedded toolchain/10 2021.10/bin/../lib/gcc/arm-none-eabi/10.3.1/../../../../arm-none-eabi/lib/thumb/v7e-m+fp/hard\libm.a(lib_a-math_err.o)
 .text.xflow    0x0800e7f4       0x2c d:/st/gnu arm embedded toolchain/10 2021.10/bin/../lib/gcc/arm-none-eabi/10.3.1/../../../../arm-none-eabi/lib/thumb/v7e-m+fp/hard\libm.a(lib_a-math_err.o)
 .text.__math_uflow
                0x0800e820       0x14 d:/st/gnu arm embedded toolchain/10 2021.10/bin/../lib/gcc/arm-none-eabi/10.3.1/../../../../arm-none-eabi/lib/thumb/v7e-m+fp/hard\libm.a(lib_a-math_err.o)
                0x0800e820                __math_uflow
 .text.__math_oflow
                0x0800e834       0x14 d:/st/gnu arm embedded toolchain/10 2021.10/bin/../lib/gcc/arm-none-eabi/10.3.1/../../../../arm-none-eabi/lib/thumb/v7e-m+fp/hard\libm.a(lib_a-math_err.o)
                0x0800e834                __math_oflow
 .text.finite   0x0800e848       0x18 d:/st/gnu arm embedded toolchain/10 2021.10/bin/../lib/gcc/arm-none-eabi/10.3.1/../../../../arm-none-eabi/lib/thumb/v7e-m+fp/hard\libm.a(lib_a-s_finite.o)
                0x0800e848                finite
 *(.glue_7)
 .glue_7        0x0800e860        0x0 linker stubs
 *(.glue_7t)
 .glue_7t       0x0800e860        0x0 linker stubs
 *(.eh_frame)
 .eh_frame      0x0800e860        0x0 d:/st/gnu arm embedded toolchain/10 2021.10/bin/../lib/gcc/arm-none-eabi/10.3.1/thumb/v7e-m+fp/hard/crtbegin.o
 *(.init)
 .init          0x0800e860        0x4 d:/st/gnu arm embedded toolchain/10 2021.10/bin/../lib/gcc/arm-none-eabi/10.3.1/thumb/v7e-m+fp/hard/crti.o
                0x0800e860                _init
 .init          0x0800e864        0x8 d:/st/gnu arm embedded toolchain/10 2021.10/bin/../lib/gcc/arm-none-eabi/10.3.1/thumb/v7e-m+fp/hard/crtn.o
 *(.fini)
 .fini          0x0800e86c        0x4 d:/st/gnu arm embedded toolchain/10 2021.10/bin/../lib/gcc/arm-none-eabi/10.3.1/thumb/v7e-m+fp/hard/crti.o
                0x0800e86c                _fini
 .fini          0x0800e870        0x8 d:/st/gnu arm embedded toolchain/10 2021.10/bin/../lib/gcc/arm-none-eabi/10.3.1/thumb/v7e-m+fp/hard/crtn.o
                0x0800e878                . = ALIGN (0x4)
                0x0800e878                _etext = .

.vfp11_veneer   0x0800e878        0x0
 .vfp11_veneer  0x0800e878        0x0 linker stubs

.v4_bx          0x0800e878        0x0
 .v4_bx         0x0800e878        0x0 linker stubs

.iplt           0x0800e878        0x0
 .iplt          0x0800e878        0x0 d:/st/gnu arm embedded toolchain/10 2021.10/bin/../lib/gcc/arm-none-eabi/10.3.1/thumb/v7e-m+fp/hard/crtbegin.o

.rodata         0x0800e878     0x1438
                0x0800e878                . = ALIGN (0x4)
 *(.rodata)
 .rodata        0x0800e878       0xc5 build/calibration.o
 *fill*         0x0800e93d        0x3 
 .rodata        0x0800e940      0x58f build/fsm.o
 *fill*         0x0800eecf        0x1 
 .rodata        0x0800eed0       0x4c build/main.o
 .rodata        0x0800ef1c       0x6c build/position_sensor.o
 .rodata        0x0800ef88       0x56 build/usart.o
 *(.rodata*)
 *fill*         0x0800efde        0x2 
 .rodata.sin_tab
                0x0800efe0      0x800 build/math_ops.o
                0x0800efe0                sin_tab
 .rodata.AHBPrescTable
                0x0800f7e0       0x10 build/system_stm32f4xx.o
                0x0800f7e0                AHBPrescTable
 .rodata.APBPrescTable
                0x0800f7f0        0x8 build/system_stm32f4xx.o
                0x0800f7f0                APBPrescTable
 .rodata._global_impure_ptr
                0x0800f7f8        0x4 d:/st/gnu arm embedded toolchain/10 2021.10/bin/../lib/gcc/arm-none-eabi/10.3.1/../../../../arm-none-eabi/lib/thumb/v7e-m+fp/hard\libc_nano.a(lib_a-impure.o)
                0x0800f7f8                _global_impure_ptr
 .rodata._strtod_l.str1.1
                0x0800f7fc        0xc d:/st/gnu arm embedded toolchain/10 2021.10/bin/../lib/gcc/arm-none-eabi/10.3.1/../../../../arm-none-eabi/lib/thumb/v7e-m+fp/hard\libc_nano.a(lib_a-strtod.o)
                                  0xd (size before relaxing)
 .rodata.fpi.1  0x0800f808       0x14 d:/st/gnu arm embedded toolchain/10 2021.10/bin/../lib/gcc/arm-none-eabi/10.3.1/../../../../arm-none-eabi/lib/thumb/v7e-m+fp/hard\libc_nano.a(lib_a-strtod.o)
 .rodata.fpinan.0
                0x0800f81c       0x14 d:/st/gnu arm embedded toolchain/10 2021.10/bin/../lib/gcc/arm-none-eabi/10.3.1/../../../../arm-none-eabi/lib/thumb/v7e-m+fp/hard\libc_nano.a(lib_a-strtod.o)
 .rodata.tinytens
                0x0800f830       0x28 d:/st/gnu arm embedded toolchain/10 2021.10/bin/../lib/gcc/arm-none-eabi/10.3.1/../../../../arm-none-eabi/lib/thumb/v7e-m+fp/hard\libc_nano.a(lib_a-strtod.o)
 .rodata._ctype_
                0x0800f858      0x101 d:/st/gnu arm embedded toolchain/10 2021.10/bin/../lib/gcc/arm-none-eabi/10.3.1/../../../../arm-none-eabi/lib/thumb/v7e-m+fp/hard\libc_nano.a(lib_a-ctype_.o)
                0x0800f858                _ctype_
 *fill*         0x0800f959        0x3 
 .rodata.__sf_fake_stderr
                0x0800f95c       0x20 d:/st/gnu arm embedded toolchain/10 2021.10/bin/../lib/gcc/arm-none-eabi/10.3.1/../../../../arm-none-eabi/lib/thumb/v7e-m+fp/hard\libc_nano.a(lib_a-findfp.o)
                0x0800f95c                __sf_fake_stderr
 .rodata.__sf_fake_stdin
                0x0800f97c       0x20 d:/st/gnu arm embedded toolchain/10 2021.10/bin/../lib/gcc/arm-none-eabi/10.3.1/../../../../arm-none-eabi/lib/thumb/v7e-m+fp/hard\libc_nano.a(lib_a-findfp.o)
                0x0800f97c                __sf_fake_stdin
 .rodata.__sf_fake_stdout
                0x0800f99c       0x20 d:/st/gnu arm embedded toolchain/10 2021.10/bin/../lib/gcc/arm-none-eabi/10.3.1/../../../../arm-none-eabi/lib/thumb/v7e-m+fp/hard\libc_nano.a(lib_a-findfp.o)
                0x0800f99c                __sf_fake_stdout
 .rodata.__gethex.str1.1
                0x0800f9bc       0x97 d:/st/gnu arm embedded toolchain/10 2021.10/bin/../lib/gcc/arm-none-eabi/10.3.1/../../../../arm-none-eabi/lib/thumb/v7e-m+fp/hard\libc_nano.a(lib_a-gdtoa-gethex.o)
 .rodata.str1.1
                0x0800fa53        0x2 d:/st/gnu arm embedded toolchain/10 2021.10/bin/../lib/gcc/arm-none-eabi/10.3.1/../../../../arm-none-eabi/lib/thumb/v7e-m+fp/hard\libc_nano.a(lib_a-lnumeric.o)
                                  0x3 (size before relaxing)
 *fill*         0x0800fa55        0x3 
 .rodata._C_numeric_locale
                0x0800fa58        0xc d:/st/gnu arm embedded toolchain/10 2021.10/bin/../lib/gcc/arm-none-eabi/10.3.1/../../../../arm-none-eabi/lib/thumb/v7e-m+fp/hard\libc_nano.a(lib_a-lnumeric.o)
                0x0800fa58                _C_numeric_locale
 .rodata._setlocale_r.str1.1
                0x0800fa64        0x8 d:/st/gnu arm embedded toolchain/10 2021.10/bin/../lib/gcc/arm-none-eabi/10.3.1/../../../../arm-none-eabi/lib/thumb/v7e-m+fp/hard\libc_nano.a(lib_a-locale.o)
                                  0x9 (size before relaxing)
 .rodata.str1.1
                0x0800fa6c        0x2 d:/st/gnu arm embedded toolchain/10 2021.10/bin/../lib/gcc/arm-none-eabi/10.3.1/../../../../arm-none-eabi/lib/thumb/v7e-m+fp/hard\libc_nano.a(lib_a-locale.o)
 .rodata._Balloc.str1.1
                0x0800fa6c       0x96 d:/st/gnu arm embedded toolchain/10 2021.10/bin/../lib/gcc/arm-none-eabi/10.3.1/../../../../arm-none-eabi/lib/thumb/v7e-m+fp/hard\libc_nano.a(lib_a-mprec.o)
 .rodata.__multadd.str1.1
                0x0800fb02       0x11 d:/st/gnu arm embedded toolchain/10 2021.10/bin/../lib/gcc/arm-none-eabi/10.3.1/../../../../arm-none-eabi/lib/thumb/v7e-m+fp/hard\libc_nano.a(lib_a-mprec.o)
 *fill*         0x0800fb02        0x6 
 .rodata.__mprec_bigtens
                0x0800fb08       0x28 d:/st/gnu arm embedded toolchain/10 2021.10/bin/../lib/gcc/arm-none-eabi/10.3.1/../../../../arm-none-eabi/lib/thumb/v7e-m+fp/hard\libc_nano.a(lib_a-mprec.o)
                0x0800fb08                __mprec_bigtens
 .rodata.__mprec_tens
                0x0800fb30       0xc8 d:/st/gnu arm embedded toolchain/10 2021.10/bin/../lib/gcc/arm-none-eabi/10.3.1/../../../../arm-none-eabi/lib/thumb/v7e-m+fp/hard\libc_nano.a(lib_a-mprec.o)
                0x0800fb30                __mprec_tens
 .rodata.p05.0  0x0800fbf8        0xc d:/st/gnu arm embedded toolchain/10 2021.10/bin/../lib/gcc/arm-none-eabi/10.3.1/../../../../arm-none-eabi/lib/thumb/v7e-m+fp/hard\libc_nano.a(lib_a-mprec.o)
 .rodata._svfprintf_r.str1.1
                0x0800fc04       0x11 d:/st/gnu arm embedded toolchain/10 2021.10/bin/../lib/gcc/arm-none-eabi/10.3.1/../../../../arm-none-eabi/lib/thumb/v7e-m+fp/hard\libc_nano.a(lib_a-nano-svfprintf.o)
 .rodata._vfprintf_r.str1.1
                0x0800fc15       0x11 d:/st/gnu arm embedded toolchain/10 2021.10/bin/../lib/gcc/arm-none-eabi/10.3.1/../../../../arm-none-eabi/lib/thumb/v7e-m+fp/hard\libc_nano.a(lib_a-nano-vfprintf.o)
 .rodata._printf_i.str1.1
                0x0800fc15       0x22 d:/st/gnu arm embedded toolchain/10 2021.10/bin/../lib/gcc/arm-none-eabi/10.3.1/../../../../arm-none-eabi/lib/thumb/v7e-m+fp/hard\libc_nano.a(lib_a-nano-vfprintf_i.o)
 .rodata.__assert_func.str1.1
                0x0800fc37       0x3c d:/st/gnu arm embedded toolchain/10 2021.10/bin/../lib/gcc/arm-none-eabi/10.3.1/../../../../arm-none-eabi/lib/thumb/v7e-m+fp/hard\libc_nano.a(lib_a-assert.o)
                                 0x3d (size before relaxing)
 *fill*         0x0800fc73        0x5 
 .rodata.halF   0x0800fc78       0x10 d:/st/gnu arm embedded toolchain/10 2021.10/bin/../lib/gcc/arm-none-eabi/10.3.1/../../../../arm-none-eabi/lib/thumb/v7e-m+fp/hard\libm.a(lib_a-e_exp.o)
 .rodata.ln2HI  0x0800fc88       0x10 d:/st/gnu arm embedded toolchain/10 2021.10/bin/../lib/gcc/arm-none-eabi/10.3.1/../../../../arm-none-eabi/lib/thumb/v7e-m+fp/hard\libm.a(lib_a-e_exp.o)
 .rodata.ln2LO  0x0800fc98       0x10 d:/st/gnu arm embedded toolchain/10 2021.10/bin/../lib/gcc/arm-none-eabi/10.3.1/../../../../arm-none-eabi/lib/thumb/v7e-m+fp/hard\libm.a(lib_a-e_exp.o)
 .rodata.Zero   0x0800fca8        0x8 d:/st/gnu arm embedded toolchain/10 2021.10/bin/../lib/gcc/arm-none-eabi/10.3.1/../../../../arm-none-eabi/lib/thumb/v7e-m+fp/hard\libm.a(lib_a-ef_fmod.o)
                0x0800fcb0                . = ALIGN (0x4)

.ARM.extab
 *(.ARM.extab* .gnu.linkonce.armextab.*)

.ARM            0x0800fcb0        0x8
                0x0800fcb0                __exidx_start = .
 *(.ARM.exidx*)
 .ARM.exidx     0x0800fcb0        0x8 d:/st/gnu arm embedded toolchain/10 2021.10/bin/../lib/gcc/arm-none-eabi/10.3.1/thumb/v7e-m+fp/hard\libgcc.a(_udivmoddi4.o)
                0x0800fcb8                __exidx_end = .

.rel.dyn        0x0800fcb8        0x0
 .rel.iplt      0x0800fcb8        0x0 d:/st/gnu arm embedded toolchain/10 2021.10/bin/../lib/gcc/arm-none-eabi/10.3.1/thumb/v7e-m+fp/hard/crtbegin.o

.preinit_array  0x0800fcb8        0x0
                0x0800fcb8                PROVIDE (__preinit_array_start = .)
 *(.preinit_array*)
                0x0800fcb8                PROVIDE (__preinit_array_end = .)

.init_array     0x0800fcb8        0x4
                0x0800fcb8                PROVIDE (__init_array_start = .)
 *(SORT_BY_NAME(.init_array.*))
 *(.init_array*)
 .init_array    0x0800fcb8        0x4 d:/st/gnu arm embedded toolchain/10 2021.10/bin/../lib/gcc/arm-none-eabi/10.3.1/thumb/v7e-m+fp/hard/crtbegin.o
                0x0800fcbc                PROVIDE (__init_array_end = .)

.fini_array     0x0800fcbc        0x4
                [!provide]                PROVIDE (__fini_array_start = .)
 *(SORT_BY_NAME(.fini_array.*))
 *(.fini_array*)
 .fini_array    0x0800fcbc        0x4 d:/st/gnu arm embedded toolchain/10 2021.10/bin/../lib/gcc/arm-none-eabi/10.3.1/thumb/v7e-m+fp/hard/crtbegin.o
                [!provide]                PROVIDE (__fini_array_end = .)
                0x0800fcc0                _sidata = LOADADDR (.data)

.data           0x20000000      0x220 load address 0x0800fcc0
                0x20000000                . = ALIGN (0x4)
                0x20000000                _sdata = .
 *(.data)
 *(.data*)
 .data.__SECTOR_ADDRS
                0x20000000       0x20 build/flash_writer.o
 .data.__SECTORS
                0x20000020       0x20 build/flash_writer.o
 .data.SystemCoreClock
                0x20000040        0x4 build/system_stm32f4xx.o
                0x20000040                SystemCoreClock
 .data.uwTickPrio
                0x20000044        0x4 build/stm32f4xx_hal.o
                0x20000044                uwTickPrio
 .data.uwTickFreq
                0x20000048        0x1 build/stm32f4xx_hal.o
                0x20000048                uwTickFreq
 *fill*         0x20000049        0x3 
 .data._impure_ptr
                0x2000004c        0x4 d:/st/gnu arm embedded toolchain/10 2021.10/bin/../lib/gcc/arm-none-eabi/10.3.1/../../../../arm-none-eabi/lib/thumb/v7e-m+fp/hard\libc_nano.a(lib_a-impure.o)
                0x2000004c                _impure_ptr
 .data.impure_data
                0x20000050       0x60 d:/st/gnu arm embedded toolchain/10 2021.10/bin/../lib/gcc/arm-none-eabi/10.3.1/../../../../arm-none-eabi/lib/thumb/v7e-m+fp/hard\libc_nano.a(lib_a-impure.o)
 .data.numempty
                0x200000b0        0x2 d:/st/gnu arm embedded toolchain/10 2021.10/bin/../lib/gcc/arm-none-eabi/10.3.1/../../../../arm-none-eabi/lib/thumb/v7e-m+fp/hard\libc_nano.a(lib_a-lnumeric.o)
 *fill*         0x200000b2        0x2 
 .data.__global_locale
                0x200000b4      0x16c d:/st/gnu arm embedded toolchain/10 2021.10/bin/../lib/gcc/arm-none-eabi/10.3.1/../../../../arm-none-eabi/lib/thumb/v7e-m+fp/hard\libc_nano.a(lib_a-locale.o)
                0x200000b4                __global_locale
                0x20000220                . = ALIGN (0x4)
                0x20000220                _edata = .

.igot.plt       0x20000220        0x0 load address 0x0800fee0
 .igot.plt      0x20000220        0x0 d:/st/gnu arm embedded toolchain/10 2021.10/bin/../lib/gcc/arm-none-eabi/10.3.1/thumb/v7e-m+fp/hard/crtbegin.o
                0x20000220                . = ALIGN (0x4)

.bss            0x20000220     0x9350 load address 0x0800fee0
                0x20000220                _sbss = .
                0x20000220                __bss_start__ = _sbss
 *(.bss)
 .bss           0x20000220       0x1c d:/st/gnu arm embedded toolchain/10 2021.10/bin/../lib/gcc/arm-none-eabi/10.3.1/thumb/v7e-m+fp/hard/crtbegin.o
 *(.bss*)
 .bss.hadc1     0x2000023c       0x48 build/adc.o
                0x2000023c                hadc1
 .bss.hadc2     0x20000284       0x48 build/adc.o
                0x20000284                hadc2
 .bss.hadc3     0x200002cc       0x48 build/adc.o
                0x200002cc                hadc3
 .bss.hcan1     0x20000314       0x28 build/can.o
                0x20000314                hcan1
 .bss.__float_reg
                0x2000033c      0x100 build/main.o
                0x2000033c                __float_reg
 .bss.__int_reg
                0x2000043c      0x400 build/main.o
                0x2000043c                __int_reg
 .bss.prefs     0x2000083c       0x14 build/main.o
                0x2000083c                prefs
 .bss.controller
                0x20000850      0x308 build/main.o
                0x20000850                controller
 .bss.state     0x20000b58        0xe build/main.o
                0x20000b58                state
 *fill*         0x20000b66        0x2 
 .bss.comm_encoder
                0x20000b68      0x2e0 build/main.o
                0x20000b68                comm_encoder
 .bss.drv       0x20000e48        0x6 build/main.o
                0x20000e48                drv
 *fill*         0x20000e4e        0x2 
 .bss.comm_encoder_cal
                0x20000e50     0x850c build/main.o
                0x20000e50                comm_encoder_cal
 .bss.can_tx    0x2000935c       0x20 build/main.o
                0x2000935c                can_tx
 .bss.can_rx    0x2000937c       0x50 build/main.o
                0x2000937c                can_rx
 .bss.Serial2RxBuffer
                0x200093cc        0x1 build/main.o
                0x200093cc                Serial2RxBuffer
 *fill*         0x200093cd        0x3 
 .bss.hspi1     0x200093d0       0x58 build/spi.o
                0x200093d0                hspi1
 .bss.hspi3     0x20009428       0x58 build/spi.o
                0x20009428                hspi3
 .bss.heap_end.0
                0x20009480        0x4 build/sysmem.o
 .bss.htim1     0x20009484       0x48 build/tim.o
                0x20009484                htim1
 .bss.htim2     0x200094cc       0x48 build/tim.o
                0x200094cc                htim2
 .bss.huart2    0x20009514       0x48 build/usart.o
                0x20009514                huart2
 .bss.uwTick    0x2000955c        0x4 build/stm32f4xx_hal.o
                0x2000955c                uwTick
 .bss.__lock___malloc_recursive_mutex
                0x20009560        0x1 d:/st/gnu arm embedded toolchain/10 2021.10/bin/../lib/gcc/arm-none-eabi/10.3.1/../../../../arm-none-eabi/lib/thumb/v7e-m+fp/hard\libc_nano.a(lib_a-lock.o)
                0x20009560                __lock___malloc_recursive_mutex
 .bss.__lock___sfp_recursive_mutex
                0x20009561        0x1 d:/st/gnu arm embedded toolchain/10 2021.10/bin/../lib/gcc/arm-none-eabi/10.3.1/../../../../arm-none-eabi/lib/thumb/v7e-m+fp/hard\libc_nano.a(lib_a-lock.o)
                0x20009561                __lock___sfp_recursive_mutex
 .bss.__lock___sinit_recursive_mutex
                0x20009562        0x1 d:/st/gnu arm embedded toolchain/10 2021.10/bin/../lib/gcc/arm-none-eabi/10.3.1/../../../../arm-none-eabi/lib/thumb/v7e-m+fp/hard\libc_nano.a(lib_a-lock.o)
                0x20009562                __lock___sinit_recursive_mutex
 *fill*         0x20009563        0x1 
 .bss.__malloc_free_list
                0x20009564        0x4 d:/st/gnu arm embedded toolchain/10 2021.10/bin/../lib/gcc/arm-none-eabi/10.3.1/../../../../arm-none-eabi/lib/thumb/v7e-m+fp/hard\libc_nano.a(lib_a-nano-mallocr.o)
                0x20009564                __malloc_free_list
 .bss.__malloc_sbrk_start
                0x20009568        0x4 d:/st/gnu arm embedded toolchain/10 2021.10/bin/../lib/gcc/arm-none-eabi/10.3.1/../../../../arm-none-eabi/lib/thumb/v7e-m+fp/hard\libc_nano.a(lib_a-nano-mallocr.o)
                0x20009568                __malloc_sbrk_start
 .bss.errno     0x2000956c        0x4 d:/st/gnu arm embedded toolchain/10 2021.10/bin/../lib/gcc/arm-none-eabi/10.3.1/../../../../arm-none-eabi/lib/thumb/v7e-m+fp/hard\libc_nano.a(lib_a-reent.o)
                0x2000956c                errno
 *(COMMON)
                0x20009570                . = ALIGN (0x4)
                0x20009570                _ebss = .
                0x20009570                __bss_end__ = _ebss

._user_heap_stack
                0x20009570      0x600 load address 0x0800fee0
                0x20009570                . = ALIGN (0x8)
                0x20009570                PROVIDE (end = .)
                [!provide]                PROVIDE (_end = .)
                0x20009770                . = (. + _Min_Heap_Size)
 *fill*         0x20009570      0x200 
                0x20009b70                . = (. + _Min_Stack_Size)
 *fill*         0x20009770      0x400 
                0x20009b70                . = ALIGN (0x8)

/DISCARD/
 libc.a(*)
 libm.a(*)
 libgcc.a(*)

.ARM.attributes
                0x00000000       0x30
 *(.ARM.attributes)
 .ARM.attributes
                0x00000000       0x1e d:/st/gnu arm embedded toolchain/10 2021.10/bin/../lib/gcc/arm-none-eabi/10.3.1/thumb/v7e-m+fp/hard/crti.o
 .ARM.attributes
                0x0000001e       0x34 d:/st/gnu arm embedded toolchain/10 2021.10/bin/../lib/gcc/arm-none-eabi/10.3.1/thumb/v7e-m+fp/hard/crtbegin.o
 .ARM.attributes
                0x00000052       0x34 build/adc.o
 .ARM.attributes
                0x00000086       0x34 build/calibration.o
 .ARM.attributes
                0x000000ba       0x34 build/can.o
 .ARM.attributes
                0x000000ee       0x34 build/drv8323.o
 .ARM.attributes
                0x00000122       0x34 build/flash_writer.o
 .ARM.attributes
                0x00000156       0x34 build/foc.o
 .ARM.attributes
                0x0000018a       0x34 build/fsm.o
 .ARM.attributes
                0x000001be       0x34 build/gpio.o
 .ARM.attributes
                0x000001f2       0x34 build/main.o
 .ARM.attributes
                0x00000226       0x34 build/math_ops.o
 .ARM.attributes
                0x0000025a       0x34 build/position_sensor.o
 .ARM.attributes
                0x0000028e       0x34 build/preference_writer.o
 .ARM.attributes
                0x000002c2       0x34 build/spi.o
 .ARM.attributes
                0x000002f6       0x34 build/stm32f4xx_flash.o
 .ARM.attributes
                0x0000032a       0x34 build/stm32f4xx_hal_msp.o
 .ARM.attributes
                0x0000035e       0x34 build/stm32f4xx_it.o
 .ARM.attributes
                0x00000392       0x34 build/syscalls.o
 .ARM.attributes
                0x000003c6       0x34 build/sysmem.o
 .ARM.attributes
                0x000003fa       0x34 build/system_stm32f4xx.o
 .ARM.attributes
                0x0000042e       0x34 build/tim.o
 .ARM.attributes
                0x00000462       0x34 build/usart.o
 .ARM.attributes
                0x00000496       0x34 build/stm32f4xx_hal.o
 .ARM.attributes
                0x000004ca       0x34 build/stm32f4xx_hal_adc.o
 .ARM.attributes
                0x000004fe       0x34 build/stm32f4xx_hal_adc_ex.o
 .ARM.attributes
                0x00000532       0x34 build/stm32f4xx_hal_can.o
 .ARM.attributes
                0x00000566       0x34 build/stm32f4xx_hal_cortex.o
 .ARM.attributes
                0x0000059a       0x34 build/stm32f4xx_hal_dma.o
 .ARM.attributes
                0x000005ce       0x34 build/stm32f4xx_hal_gpio.o
 .ARM.attributes
                0x00000602       0x34 build/stm32f4xx_hal_pwr_ex.o
 .ARM.attributes
                0x00000636       0x34 build/stm32f4xx_hal_rcc.o
 .ARM.attributes
                0x0000066a       0x34 build/stm32f4xx_hal_rcc_ex.o
 .ARM.attributes
                0x0000069e       0x34 build/stm32f4xx_hal_spi.o
 .ARM.attributes
                0x000006d2       0x34 build/stm32f4xx_hal_tim.o
 .ARM.attributes
                0x00000706       0x34 build/stm32f4xx_hal_tim_ex.o
 .ARM.attributes
                0x0000073a       0x34 build/stm32f4xx_hal_uart.o
 .ARM.attributes
                0x0000076e       0x21 build/startup_stm32f446xx.o
 .ARM.attributes
                0x0000078f       0x34 d:/st/gnu arm embedded toolchain/10 2021.10/bin/../lib/gcc/arm-none-eabi/10.3.1/../../../../arm-none-eabi/lib/thumb/v7e-m+fp/hard\libc_nano.a(lib_a-atof.o)
 .ARM.attributes
                0x000007c3       0x34 d:/st/gnu arm embedded toolchain/10 2021.10/bin/../lib/gcc/arm-none-eabi/10.3.1/../../../../arm-none-eabi/lib/thumb/v7e-m+fp/hard\libc_nano.a(lib_a-atoi.o)
 .ARM.attributes
                0x000007f7       0x34 d:/st/gnu arm embedded toolchain/10 2021.10/bin/../lib/gcc/arm-none-eabi/10.3.1/../../../../arm-none-eabi/lib/thumb/v7e-m+fp/hard\libc_nano.a(lib_a-errno.o)
 .ARM.attributes