Archive member included to satisfy reference by file (symbol)

d:/st/gnu arm embedded toolchain/10 2021.10/bin/../lib/gcc/arm-none-eabi/10.3.1/../../../../arm-none-eabi/lib/thumb/v7e-m+fp/hard\libc_nano.a(lib_a-atof.o)
                              build/fsm.o (atof)
d:/st/gnu arm embedded toolchain/10 2021.10/bin/../lib/gcc/arm-none-eabi/10.3.1/../../../../arm-none-eabi/lib/thumb/v7e-m+fp/hard\libc_nano.a(lib_a-atoi.o)
                              build/fsm.o (atoi)
d:/st/gnu arm embedded toolchain/10 2021.10/bin/../lib/gcc/arm-none-eabi/10.3.1/../../../../arm-none-eabi/lib/thumb/v7e-m+fp/hard\libc_nano.a(lib_a-errno.o)
                              build/syscalls.o (__errno)
d:/st/gnu arm embedded toolchain/10 2021.10/bin/../lib/gcc/arm-none-eabi/10.3.1/../../../../arm-none-eabi/lib/thumb/v7e-m+fp/hard\libc_nano.a(lib_a-exit.o)
                              d:/st/gnu arm embedded toolchain/10 2021.10/bin/../lib/gcc/arm-none-eabi/10.3.1/../../../../arm-none-eabi/lib/thumb/v7e-m+fp/hard/crt0.o (exit)
d:/st/gnu arm embedded toolchain/10 2021.10/bin/../lib/gcc/arm-none-eabi/10.3.1/../../../../arm-none-eabi/lib/thumb/v7e-m+fp/hard\libc_nano.a(lib_a-impure.o)
                              d:/st/gnu arm embedded toolchain/10 2021.10/bin/../lib/gcc/arm-none-eabi/10.3.1/../../../../arm-none-eabi/lib/thumb/v7e-m+fp/hard\libc_nano.a(lib_a-exit.o) (_global_impure_ptr)
d:/st/gnu arm embedded toolchain/10 2021.10/bin/../lib/gcc/arm-none-eabi/10.3.1/../../../../arm-none-eabi/lib/thumb/v7e-m+fp/hard\libc_nano.a(lib_a-init.o)
                              d:/st/gnu arm embedded toolchain/10 2021.10/bin/../lib/gcc/arm-none-eabi/10.3.1/../../../../arm-none-eabi/lib/thumb/v7e-m+fp/hard/crt0.o (__libc_init_array)
d:/st/gnu arm embedded toolchain/10 2021.10/bin/../lib/gcc/arm-none-eabi/10.3.1/../../../../arm-none-eabi/lib/thumb/v7e-m+fp/hard\libc_nano.a(lib_a-memcpy-stub.o)
                              build/main.o (memcpy)
d:/st/gnu arm embedded toolchain/10 2021.10/bin/../lib/gcc/arm-none-eabi/10.3.1/../../../../arm-none-eabi/lib/thumb/v7e-m+fp/hard\libc_nano.a(lib_a-memset.o)
                              d:/st/gnu arm embedded toolchain/10 2021.10/bin/../lib/gcc/arm-none-eabi/10.3.1/../../../../arm-none-eabi/lib/thumb/v7e-m+fp/hard/crt0.o (memset)
d:/st/gnu arm embedded toolchain/10 2021.10/bin/../lib/gcc/arm-none-eabi/10.3.1/../../../../arm-none-eabi/lib/thumb/v7e-m+fp/hard\libc_nano.a(lib_a-nano-vfprintf_float.o)
                              (_printf_float)
d:/st/gnu arm embedded toolchain/10 2021.10/bin/../lib/gcc/arm-none-eabi/10.3.1/../../../../arm-none-eabi/lib/thumb/v7e-m+fp/hard\libc_nano.a(lib_a-nano-vfprintf_i.o)
                              d:/st/gnu arm embedded toolchain/10 2021.10/bin/../lib/gcc/arm-none-eabi/10.3.1/../../../../arm-none-eabi/lib/thumb/v7e-m+fp/hard\libc_nano.a(lib_a-nano-vfprintf_float.o) (_printf_common)
d:/st/gnu arm embedded toolchain/10 2021.10/bin/../lib/gcc/arm-none-eabi/10.3.1/../../../../arm-none-eabi/lib/thumb/v7e-m+fp/hard\libc_nano.a(lib_a-printf.o)
                              build/main.o (printf)
d:/st/gnu arm embedded toolchain/10 2021.10/bin/../lib/gcc/arm-none-eabi/10.3.1/../../../../arm-none-eabi/lib/thumb/v7e-m+fp/hard\libc_nano.a(lib_a-puts.o)
                              build/calibration.o (puts)
d:/st/gnu arm embedded toolchain/10 2021.10/bin/../lib/gcc/arm-none-eabi/10.3.1/../../../../arm-none-eabi/lib/thumb/v7e-m+fp/hard\libc_nano.a(lib_a-snprintf.o)
                              build/usart.o (snprintf)
d:/st/gnu arm embedded toolchain/10 2021.10/bin/../lib/gcc/arm-none-eabi/10.3.1/../../../../arm-none-eabi/lib/thumb/v7e-m+fp/hard\libc_nano.a(lib_a-strlen.o)
                              d:/st/gnu arm embedded toolchain/10 2021.10/bin/../lib/gcc/arm-none-eabi/10.3.1/../../../../arm-none-eabi/lib/thumb/v7e-m+fp/hard\libc_nano.a(lib_a-nano-vfprintf_float.o) (strlen)
d:/st/gnu arm embedded toolchain/10 2021.10/bin/../lib/gcc/arm-none-eabi/10.3.1/../../../../arm-none-eabi/lib/thumb/v7e-m+fp/hard\libc_nano.a(lib_a-strtod.o)
                              d:/st/gnu arm embedded toolchain/10 2021.10/bin/../lib/gcc/arm-none-eabi/10.3.1/../../../../arm-none-eabi/lib/thumb/v7e-m+fp/hard\libc_nano.a(lib_a-atof.o) (strtod)
d:/st/gnu arm embedded toolchain/10 2021.10/bin/../lib/gcc/arm-none-eabi/10.3.1/../../../../arm-none-eabi/lib/thumb/v7e-m+fp/hard\libc_nano.a(lib_a-strtol.o)
                              d:/st/gnu arm embedded toolchain/10 2021.10/bin/../lib/gcc/arm-none-eabi/10.3.1/../../../../arm-none-eabi/lib/thumb/v7e-m+fp/hard\libc_nano.a(lib_a-atoi.o) (_strtol_r)
d:/st/gnu arm embedded toolchain/10 2021.10/bin/../lib/gcc/arm-none-eabi/10.3.1/../../../../arm-none-eabi/lib/thumb/v7e-m+fp/hard\libc_nano.a(lib_a-wbuf.o)
                              d:/st/gnu arm embedded toolchain/10 2021.10/bin/../lib/gcc/arm-none-eabi/10.3.1/../../../../arm-none-eabi/lib/thumb/v7e-m+fp/hard\libc_nano.a(lib_a-puts.o) (__swbuf_r)
[...]
Memory Configuration

Name             Origin             Length             Attributes
RAM              0x20000000         0x00020000         xrw
FLASH            0x08000000         0x00080000         xr
*default*        0x00000000         0xffffffff

Linker script and memory map

LOAD d:/st/gnu arm embedded toolchain/10 2021.10/bin/../lib/gcc/arm-none-eabi/10.3.1/thumb/v7e-m+fp/hard/crti.o
LOAD d:/st/gnu arm embedded toolchain/10 2021.10/bin/../lib/gcc/arm-none-eabi/10.3.1/thumb/v7e-m+fp/hard/crtbegin.o
LOAD d:/st/gnu arm embedded toolchain/10 2021.10/bin/../lib/gcc/arm-none-eabi/10.3.1/../../../../arm-none-eabi/lib/thumb/v7e-m+fp/hard/crt0.o
LOAD build/main.o
LOAD build/gpio.o
LOAD build/can.o
LOAD build/spi.o
LOAD build/tim.o
LOAD build/usart.o
LOAD build/stm32f4xx_it.o
LOAD build/stm32f4xx_hal_msp.o
LOAD build/stm32f4xx_hal_adc.o
LOAD build/stm32f4xx_hal_adc_ex.o
LOAD build/stm32f4xx_ll_adc.o
LOAD build/stm32f4xx_hal_rcc.o
LOAD build/stm32f4xx_hal_rcc_ex.o
LOAD build/stm32f4xx_hal_flash.o
LOAD build/stm32f4xx_hal_flash_ex.o
LOAD build/stm32f4xx_hal_flash_ramfunc.o
LOAD build/stm32f4xx_hal_gpio.o
LOAD build/stm32f4xx_hal_dma_ex.o
LOAD build/stm32f4xx_hal_dma.o
LOAD build/stm32f4xx_hal_pwr.o
LOAD build/stm32f4xx_hal_pwr_ex.o
LOAD build/stm32f4xx_hal_cortex.o
LOAD build/stm32f4xx_hal.o
LOAD build/stm32f4xx_hal_exti.o
LOAD build/stm32f4xx_hal_can.o
LOAD build/stm32f4xx_hal_spi.o
LOAD build/stm32f4xx_hal_tim.o
LOAD build/stm32f4xx_hal_tim_ex.o
LOAD build/stm32f4xx_hal_uart.o
LOAD build/system_stm32f4xx.o
LOAD build/calibration.o
LOAD build/drv8323.o
LOAD build/flash_writer.o
LOAD build/foc.o
LOAD build/fsm.o
LOAD build/math_ops.o
LOAD build/position_sensor.o
LOAD build/preference_writer.o
LOAD build/stm32f4xx_flash.o
LOAD build/syscalls.o
LOAD build/sysmem.o
LOAD build/startup_stm32f446xx.o
LOAD d:/st/gnu arm embedded toolchain/10 2021.10/bin/../lib/gcc/arm-none-eabi/10.3.1/../../../../arm-none-eabi/lib/thumb/v7e-m+fp/hard\libc_nano.a
LOAD d:/st/gnu arm embedded toolchain/10 2021.10/bin/../lib/gcc/arm-none-eabi/10.3.1/../../../../arm-none-eabi/lib/thumb/v7e-m+fp/hard\libm.a
LOAD d:/st/gnu arm embedded toolchain/10 2021.10/bin/../lib/gcc/arm-none-eabi/10.3.1/../../../../arm-none-eabi/lib/thumb/v7e-m+fp/hard\libnosys.a
LOAD d:/st/gnu arm embedded toolchain/10 2021.10/bin/../lib/gcc/arm-none-eabi/10.3.1/../../../../arm-none-eabi/lib/thumb/v7e-m+fp/hard\libc_nano.a
LOAD d:/st/gnu arm embedded toolchain/10 2021.10/bin/../lib/gcc/arm-none-eabi/10.3.1/../../../../arm-none-eabi/lib/thumb/v7e-m+fp/hard\librdimon_nano.a
START GROUP
LOAD d:/st/gnu arm embedded toolchain/10 2021.10/bin/../lib/gcc/arm-none-eabi/10.3.1/thumb/v7e-m+fp/hard\libgcc.a
LOAD d:/st/gnu arm embedded toolchain/10 2021.10/bin/../lib/gcc/arm-none-eabi/10.3.1/../../../../arm-none-eabi/lib/thumb/v7e-m+fp/hard\libc_nano.a
END GROUP
START GROUP
LOAD d:/st/gnu arm embedded toolchain/10 2021.10/bin/../lib/gcc/arm-none-eabi/10.3.1/thumb/v7e-m+fp/hard\libgcc.a
LOAD d:/st/gnu arm embedded toolchain/10 2021.10/bin/../lib/gcc/arm-none-eabi/10.3.1/../../../../arm-none-eabi/lib/thumb/v7e-m+fp/hard\libc_nano.a
END GROUP
LOAD d:/st/gnu arm embedded toolchain/10 2021.10/bin/../lib/gcc/arm-none-eabi/10.3.1/thumb/v7e-m+fp/hard/crtend.o
LOAD d:/st/gnu arm embedded toolchain/10 2021.10/bin/../lib/gcc/arm-none-eabi/10.3.1/thumb/v7e-m+fp/hard/crtn.o
                0x20020000                _estack = (ORIGIN (RAM) + LENGTH (RAM))
                0x00000200                _Min_Heap_Size = 0x200
                0x00000400                _Min_Stack_Size = 0x400

.isr_vector     0x08000000      0x1c4
                0x08000000                . = ALIGN (0x4)
 *(.isr_vector)
 .isr_vector    0x08000000      0x1c4 build/startup_stm32f446xx.o
                0x08000000                g_pfnVectors
                0x080001c4                . = ALIGN (0x4)

.text           0x080001d0     0xf6f0
                0x080001d0                . = ALIGN (0x4)
 *(.text)
 .text          0x080001d0       0x40 d:/st/gnu arm embedded toolchain/10 2021.10/bin/../lib/gcc/arm-none-eabi/10.3.1/thumb/v7e-m+fp/hard/crtbegin.o
 .text          0x08000210       0x10 d:/st/gnu arm embedded toolchain/10 2021.10/bin/../lib/gcc/arm-none-eabi/10.3.1/../../../../arm-none-eabi/lib/thumb/v7e-m+fp/hard\libc_nano.a(lib_a-strlen.o)
                0x08000210                strlen
 .text          0x08000220       0xa0 d:/st/gnu arm embedded toolchain/10 2021.10/bin/../lib/gcc/arm-none-eabi/10.3.1/../../../../arm-none-eabi/lib/thumb/v7e-m+fp/hard\libc_nano.a(lib_a-memchr.o)
                0x08000220                memchr
 .text          0x080002c0      0x378 d:/st/gnu arm embedded toolchain/10 2021.10/bin/../lib/gcc/arm-none-eabi/10.3.1/thumb/v7e-m+fp/hard\libgcc.a(_arm_addsubdf3.o)
                0x080002c0                __aeabi_drsub
                0x080002c8                __aeabi_dsub
                0x080002c8                __subdf3
                0x080002cc                __aeabi_dadd
                0x080002cc                __adddf3
                0x08000544                __floatunsidf
                0x08000544                __aeabi_ui2d
                0x08000564                __floatsidf
                0x08000564                __aeabi_i2d
                0x08000588                __aeabi_f2d
                0x08000588                __extendsfdf2
                0x080005cc                __floatundidf
                0x080005cc                __aeabi_ul2d
                0x080005dc                __floatdidf
                0x080005dc                __aeabi_l2d
 .text          0x08000638      0x424 d:/st/gnu arm embedded toolchain/10 2021.10/bin/../lib/gcc/arm-none-eabi/10.3.1/thumb/v7e-m+fp/hard\libgcc.a(_arm_muldivdf3.o)
                0x08000638                __aeabi_dmul
                0x08000638                __muldf3
                0x0800088c                __divdf3
                0x0800088c                __aeabi_ddiv
 .text          0x08000a5c      0x110 d:/st/gnu arm embedded toolchain/10 2021.10/bin/../lib/gcc/arm-none-eabi/10.3.1/thumb/v7e-m+fp/hard\libgcc.a(_arm_cmpdf2.o)
                0x08000a5c                __gtdf2
                0x08000a5c                __gedf2
                0x08000a64                __ltdf2
                0x08000a64                __ledf2
                0x08000a6c                __nedf2
                0x08000a6c                __eqdf2
                0x08000a6c                __cmpdf2
                0x08000ae8                __aeabi_cdrcmple
                0x08000af8                __aeabi_cdcmpeq
                0x08000af8                __aeabi_cdcmple
                0x08000b08                __aeabi_dcmpeq
                0x08000b1c                __aeabi_dcmplt
                0x08000b30                __aeabi_dcmple
                0x08000b44                __aeabi_dcmpge
                0x08000b58                __aeabi_dcmpgt
 .text          0x08000b6c       0x2c d:/st/gnu arm embedded toolchain/10 2021.10/bin/../lib/gcc/arm-none-eabi/10.3.1/thumb/v7e-m+fp/hard\libgcc.a(_arm_unorddf2.o)
                0x08000b6c                __unorddf2
                0x08000b6c                __aeabi_dcmpun
 .text          0x08000b98       0x50 d:/st/gnu arm embedded toolchain/10 2021.10/bin/../lib/gcc/arm-none-eabi/10.3.1/thumb/v7e-m+fp/hard\libgcc.a(_arm_fixdfsi.o)
                0x08000b98                __aeabi_d2iz
                0x08000b98                __fixdfsi
 .text          0x08000be8       0x40 d:/st/gnu arm embedded toolchain/10 2021.10/bin/../lib/gcc/arm-none-eabi/10.3.1/thumb/v7e-m+fp/hard\libgcc.a(_arm_fixunsdfsi.o)
                0x08000be8                __aeabi_d2uiz
                0x08000be8                __fixunsdfsi
 .text          0x08000c28       0xa0 d:/st/gnu arm embedded toolchain/10 2021.10/bin/../lib/gcc/arm-none-eabi/10.3.1/thumb/v7e-m+fp/hard\libgcc.a(_arm_truncdfsf2.o)
                0x08000c28                __truncdfsf2
                0x08000c28                __aeabi_d2f
 .text          0x08000cc8       0x30 d:/st/gnu arm embedded toolchain/10 2021.10/bin/../lib/gcc/arm-none-eabi/10.3.1/thumb/v7e-m+fp/hard\libgcc.a(_aeabi_uldivmod.o)
                0x08000cc8                __aeabi_uldivmod
 .text          0x08000cf8       0x30 d:/st/gnu arm embedded toolchain/10 2021.10/bin/../lib/gcc/arm-none-eabi/10.3.1/thumb/v7e-m+fp/hard\libgcc.a(_fixdfdi.o)
                0x08000cf8                __fixdfdi
                0x08000cf8                __aeabi_d2lz
 .text          0x08000d28       0x3c d:/st/gnu arm embedded toolchain/10 2021.10/bin/../lib/gcc/arm-none-eabi/10.3.1/thumb/v7e-m+fp/hard\libgcc.a(_fixunsdfdi.o)
                0x08000d28                __fixunsdfdi
                0x08000d28                __aeabi_d2ulz
 .text          0x08000d64      0x2d0 d:/st/gnu arm embedded toolchain/10 2021.10/bin/../lib/gcc/arm-none-eabi/10.3.1/thumb/v7e-m+fp/hard\libgcc.a(_udivmoddi4.o)
                0x08000d64                __udivmoddi4
 .text          0x08001034        0x4 d:/st/gnu arm embedded toolchain/10 2021.10/bin/../lib/gcc/arm-none-eabi/10.3.1/thumb/v7e-m+fp/hard\libgcc.a(_dvmd_tls.o)
                0x08001034                __aeabi_idiv0
                0x08001034                __aeabi_ldiv0
 *(.text*)
 .text.main     0x08001038      0x578 build/main.o
                0x08001038                main
 .text.SystemClock_Config
                0x080015b0       0xe4 build/main.o
                0x080015b0                SystemClock_Config
 .text.Error_Handler
                0x08001694        0xe build/main.o
                0x08001694                Error_Handler
 *fill*         0x080016a2        0x2 
 .text.MX_GPIO_Init
                0x080016a4      0x108 build/gpio.o
                0x080016a4                MX_GPIO_Init
 .text.MX_CAN1_Init
                0x080017ac       0x6c build/can.o
                0x080017ac                MX_CAN1_Init
 .text.HAL_CAN_MspInit
                0x08001818       0xa0 build/can.o
                0x08001818                HAL_CAN_MspInit
 .text.can_rx_init
                0x080018b8       0x5c build/can.o
                0x080018b8                can_rx_init
 .text.can_tx_init
                0x08001914       0x34 build/can.o
                0x08001914                can_tx_init
 .text.pack_reply_raw
                0x08001948      0x108 build/can.o
                0x08001948                pack_reply_raw
 .text.unpack_cmd
                0x08001a50      0x168 build/can.o
                0x08001a50                unpack_cmd
 .text.MX_SPI1_Init
                0x08001bb8       0x70 build/spi.o
                0x08001bb8                MX_SPI1_Init
 .text.MX_SPI3_Init
                0x08001c28       0x70 build/spi.o
                0x08001c28                MX_SPI3_Init
 .text.HAL_SPI_MspInit
                0x08001c98       0xfc build/spi.o
                0x08001c98                HAL_SPI_MspInit
 .text.MX_TIM1_Init
                0x08001d94      0x174 build/tim.o
                0x08001d94                MX_TIM1_Init
 .text.MX_TIM2_Init
                0x08001f08       0x98 build/tim.o
                0x08001f08                MX_TIM2_Init
 .text.HAL_TIM_Base_MspInit
                0x08001fa0       0x88 build/tim.o
                0x08001fa0                HAL_TIM_Base_MspInit
 .text.HAL_TIM_MspPostInit
                0x08002028       0x98 build/tim.o
                0x08002028                HAL_TIM_MspPostInit
 .text.MX_USART2_UART_Init
                0x080020c0       0x54 build/usart.o
                0x080020c0                MX_USART2_UART_Init
 .text.HAL_UART_MspInit
                0x08002114       0xa0 build/usart.o
                0x08002114                HAL_UART_MspInit
 .text.__io_putchar
                0x080021b4       0x24 build/usart.o
                0x080021b4                __io_putchar
 .text.HAL_UART_RxCpltCallback
                0x080021d8       0x24 build/usart.o
                0x080021d8                HAL_UART_RxCpltCallback
 .text.send_current_data
                0x080021fc      0x110 build/usart.o
                0x080021fc                send_current_data
 .text.NMI_Handler
                0x0800230c        0xe build/stm32f4xx_it.o
                0x0800230c                NMI_Handler
 .text.HardFault_Handler
                0x0800231a        0x6 build/stm32f4xx_it.o
                0x0800231a                HardFault_Handler
 .text.MemManage_Handler
                0x08002320        0x6 build/stm32f4xx_it.o
                0x08002320                MemManage_Handler
 .text.BusFault_Handler
                0x08002326        0x6 build/stm32f4xx_it.o
                0x08002326                BusFault_Handler
 .text.UsageFault_Handler
                0x0800232c        0x6 build/stm32f4xx_it.o
                0x0800232c                UsageFault_Handler
 .text.SVC_Handler
                0x08002332        0xe build/stm32f4xx_it.o
                0x08002332                SVC_Handler
 .text.DebugMon_Handler
                0x08002340        0xe build/stm32f4xx_it.o
                0x08002340                DebugMon_Handler
 .text.PendSV_Handler
                0x0800234e        0xe build/stm32f4xx_it.o
                0x0800234e                PendSV_Handler
 .text.SysTick_Handler
                0x0800235c        0xc build/stm32f4xx_it.o
                0x0800235c                SysTick_Handler
 .text.CAN1_RX0_IRQHandler
                0x08002368      0x244 build/stm32f4xx_it.o
                0x08002368                CAN1_RX0_IRQHandler
 .text.TIM1_UP_TIM10_IRQHandler
                0x080025ac       0x4c build/stm32f4xx_it.o
                0x080025ac                TIM1_UP_TIM10_IRQHandler
 .text.TIM2_IRQHandler
                0x080025f8       0x14 build/stm32f4xx_it.o
                0x080025f8                TIM2_IRQHandler
 .text.USART2_IRQHandler
                0x0800260c       0x38 build/stm32f4xx_it.o
                0x0800260c                USART2_IRQHandler
 .text.can_tx_rx
                0x08002644      0x25c build/stm32f4xx_it.o
                0x08002644                can_tx_rx
 .text.HAL_MspInit
                0x080028a0       0x50 build/stm32f4xx_hal_msp.o
                0x080028a0                HAL_MspInit
 .text.HAL_ADC_Start
                0x080028f0      0x1a4 build/stm32f4xx_hal_adc.o
                0x080028f0                HAL_ADC_Start
 .text.HAL_ADC_PollForConversion
                0x08002a94      0x116 build/stm32f4xx_hal_adc.o
                0x08002a94                HAL_ADC_PollForConversion
 .text.HAL_ADC_GetValue
                0x08002baa       0x1a build/stm32f4xx_hal_adc.o
                0x08002baa                HAL_ADC_GetValue
 .text.HAL_RCC_ClockConfig
                0x08002bc4      0x1cc build/stm32f4xx_hal_rcc.o
                0x08002bc4                HAL_RCC_ClockConfig
 .text.HAL_RCC_GetHCLKFreq
                0x08002d90       0x18 build/stm32f4xx_hal_rcc.o
                0x08002d90                HAL_RCC_GetHCLKFreq
 .text.HAL_RCC_GetPCLK1Freq
                0x08002da8       0x28 build/stm32f4xx_hal_rcc.o
                0x08002da8                HAL_RCC_GetPCLK1Freq
 .text.HAL_RCC_GetPCLK2Freq
                0x08002dd0       0x28 build/stm32f4xx_hal_rcc.o
                0x08002dd0                HAL_RCC_GetPCLK2Freq
 .text.HAL_RCC_GetSysClockFreq
                0x08002df8      0x460 build/stm32f4xx_hal_rcc_ex.o
                0x08002df8                HAL_RCC_GetSysClockFreq
 .text.HAL_RCC_OscConfig
                0x08003258      0x53c build/stm32f4xx_hal_rcc_ex.o
                0x08003258                HAL_RCC_OscConfig
 .text.HAL_GPIO_Init
                0x08003794      0x328 build/stm32f4xx_hal_gpio.o
                0x08003794                HAL_GPIO_Init
 .text.HAL_GPIO_WritePin
                0x08003abc       0x32 build/stm32f4xx_hal_gpio.o
                0x08003abc                HAL_GPIO_WritePin
 .text.HAL_DMA_Abort
                0x08003aee       0xe0 build/stm32f4xx_hal_dma.o
                0x08003aee                HAL_DMA_Abort
 .text.HAL_DMA_Abort_IT
                0x08003bce       0x44 build/stm32f4xx_hal_dma.o
                0x08003bce                HAL_DMA_Abort_IT
 *fill*         0x08003c12        0x2 
 .text.HAL_PWREx_EnableOverDrive
                0x08003c14       0xa0 build/stm32f4xx_hal_pwr_ex.o
                0x08003c14                HAL_PWREx_EnableOverDrive
 .text.__NVIC_SetPriorityGrouping
                0x08003cb4       0x48 build/stm32f4xx_hal_cortex.o
 .text.__NVIC_GetPriorityGrouping
                0x08003cfc       0x1c build/stm32f4xx_hal_cortex.o
 .text.__NVIC_EnableIRQ
                0x08003d18       0x3c build/stm32f4xx_hal_cortex.o
 .text.__NVIC_SetPriority
                0x08003d54       0x54 build/stm32f4xx_hal_cortex.o
 .text.NVIC_EncodePriority
                0x08003da8       0x66 build/stm32f4xx_hal_cortex.o
 *fill*         0x08003e0e        0x2 
 .text.SysTick_Config
                0x08003e10       0x44 build/stm32f4xx_hal_cortex.o
 .text.HAL_NVIC_SetPriorityGrouping
                0x08003e54       0x16 build/stm32f4xx_hal_cortex.o
                0x08003e54                HAL_NVIC_SetPriorityGrouping
 .text.HAL_NVIC_SetPriority
                0x08003e6a       0x38 build/stm32f4xx_hal_cortex.o
                0x08003e6a                HAL_NVIC_SetPriority
 .text.HAL_NVIC_EnableIRQ
                0x08003ea2       0x1c build/stm32f4xx_hal_cortex.o
                0x08003ea2                HAL_NVIC_EnableIRQ
 .text.HAL_SYSTICK_Config
                0x08003ebe       0x18 build/stm32f4xx_hal_cortex.o
                0x08003ebe                HAL_SYSTICK_Config
 *fill*         0x08003ed6        0x2 
 .text.HAL_Init
                0x08003ed8       0x44 build/stm32f4xx_hal.o
                0x08003ed8                HAL_Init
 .text.HAL_InitTick
                0x08003f1c       0x60 build/stm32f4xx_hal.o
                0x08003f1c                HAL_InitTick
 .text.HAL_IncTick
                0x08003f7c       0x28 build/stm32f4xx_hal.o
                0x08003f7c                HAL_IncTick
 .text.HAL_GetTick
                0x08003fa4       0x18 build/stm32f4xx_hal.o
                0x08003fa4                HAL_GetTick
 .text.HAL_Delay
                0x08003fbc       0x48 build/stm32f4xx_hal.o
                0x08003fbc                HAL_Delay
 .text.HAL_CAN_Init
                0x08004004      0x1f6 build/stm32f4xx_hal_can.o
                0x08004004                HAL_CAN_Init
 *fill*         0x080041fa        0x2 
 .text.HAL_CAN_ConfigFilter
                0x080041fc      0x1c0 build/stm32f4xx_hal_can.o
                0x080041fc                HAL_CAN_ConfigFilter
 .text.HAL_CAN_Start
                0x080043bc       0x88 build/stm32f4xx_hal_can.o
                0x080043bc                HAL_CAN_Start
 .text.HAL_CAN_AddTxMessage
                0x08004444      0x1a0 build/stm32f4xx_hal_can.o
                0x08004444                HAL_CAN_AddTxMessage
 .text.HAL_CAN_GetRxMessage
                0x080045e4      0x244 build/stm32f4xx_hal_can.o
                0x080045e4                HAL_CAN_GetRxMessage
 .text.HAL_CAN_IRQHandler
                0x08004828      0x36e build/stm32f4xx_hal_can.o
                0x08004828                HAL_CAN_IRQHandler
 .text.HAL_CAN_TxMailbox0CompleteCallback
                0x08004b96       0x14 build/stm32f4xx_hal_can.o
                0x08004b96                HAL_CAN_TxMailbox0CompleteCallback
 .text.HAL_CAN_TxMailbox1CompleteCallback
                0x08004baa       0x14 build/stm32f4xx_hal_can.o
                0x08004baa                HAL_CAN_TxMailbox1CompleteCallback
 .text.HAL_CAN_TxMailbox2CompleteCallback
                0x08004bbe       0x14 build/stm32f4xx_hal_can.o
                0x08004bbe                HAL_CAN_TxMailbox2CompleteCallback
 .text.HAL_CAN_TxMailbox0AbortCallback
                0x08004bd2       0x14 build/stm32f4xx_hal_can.o
                0x08004bd2                HAL_CAN_TxMailbox0AbortCallback
 .text.HAL_CAN_TxMailbox1AbortCallback
                0x08004be6       0x14 build/stm32f4xx_hal_can.o
                0x08004be6                HAL_CAN_TxMailbox1AbortCallback
 .text.HAL_CAN_TxMailbox2AbortCallback
                0x08004bfa       0x14 build/stm32f4xx_hal_can.o
                0x08004bfa                HAL_CAN_TxMailbox2AbortCallback
 .text.HAL_CAN_RxFifo0MsgPendingCallback
                0x08004c0e       0x14 build/stm32f4xx_hal_can.o
                0x08004c0e                HAL_CAN_RxFifo0MsgPendingCallback
 .text.HAL_CAN_RxFifo0FullCallback
                0x08004c22       0x14 build/stm32f4xx_hal_can.o
                0x08004c22                HAL_CAN_RxFifo0FullCallback
 .text.HAL_CAN_RxFifo1MsgPendingCallback
                0x08004c36       0x14 build/stm32f4xx_hal_can.o
                0x08004c36                HAL_CAN_RxFifo1MsgPendingCallback
 .text.HAL_CAN_RxFifo1FullCallback
                0x08004c4a       0x14 build/stm32f4xx_hal_can.o
                0x08004c4a                HAL_CAN_RxFifo1FullCallback
 .text.HAL_CAN_SleepCallback
                0x08004c5e       0x14 build/stm32f4xx_hal_can.o
                0x08004c5e                HAL_CAN_SleepCallback
 .text.HAL_CAN_WakeUpFromRxMsgCallback
                0x08004c72       0x14 build/stm32f4xx_hal_can.o
                0x08004c72                HAL_CAN_WakeUpFromRxMsgCallback
 .text.HAL_CAN_ErrorCallback
                0x08004c86       0x14 build/stm32f4xx_hal_can.o
                0x08004c86                HAL_CAN_ErrorCallback
 .text.HAL_SPI_Init
                0x08004c9a      0x112 build/stm32f4xx_hal_spi.o
                0x08004c9a                HAL_SPI_Init
 .text.HAL_SPI_TransmitReceive
                0x08004dac      0x352 build/stm32f4xx_hal_spi.o
                0x08004dac                HAL_SPI_TransmitReceive
 *fill*         0x080050fe        0x2 
 .text.SPI_WaitFlagStateUntilTimeout
                0x08005100      0x110 build/stm32f4xx_hal_spi.o
 .text.SPI_EndRxTxTransaction
                0x08005210       0xa8 build/stm32f4xx_hal_spi.o
 .text.HAL_TIM_Base_Init
                0x080052b8       0x9e build/stm32f4xx_hal_tim.o
                0x080052b8                HAL_TIM_Base_Init
 *fill*         0x08005356        0x2 
 .text.HAL_TIM_Base_Start_IT
                0x08005358       0xe0 build/stm32f4xx_hal_tim.o
                0x08005358                HAL_TIM_Base_Start_IT
 .text.HAL_TIM_PWM_Init
                0x08005438       0x9e build/stm32f4xx_hal_tim.o
                0x08005438                HAL_TIM_PWM_Init
 .text.HAL_TIM_PWM_MspInit
                0x080054d6       0x14 build/stm32f4xx_hal_tim.o
                0x080054d6                HAL_TIM_PWM_MspInit
 *fill*         0x080054ea        0x2 
 .text.HAL_TIM_PWM_Start
                0x080054ec      0x190 build/stm32f4xx_hal_tim.o
                0x080054ec                HAL_TIM_PWM_Start
 .text.HAL_TIM_IRQHandler
                0x0800567c      0x1e0 build/stm32f4xx_hal_tim.o
                0x0800567c                HAL_TIM_IRQHandler
 .text.HAL_TIM_PWM_ConfigChannel
                0x0800585c      0x184 build/stm32f4xx_hal_tim.o
                0x0800585c                HAL_TIM_PWM_ConfigChannel
 .text.HAL_TIM_ConfigClockSource
                0x080059e0      0x18e build/stm32f4xx_hal_tim.o
                0x080059e0                HAL_TIM_ConfigClockSource
 .text.HAL_TIM_PeriodElapsedCallback
                0x08005b6e       0x14 build/stm32f4xx_hal_tim.o
                0x08005b6e                HAL_TIM_PeriodElapsedCallback
 .text.HAL_TIM_OC_DelayElapsedCallback
                0x08005b82       0x14 build/stm32f4xx_hal_tim.o
                0x08005b82                HAL_TIM_OC_DelayElapsedCallback
 .text.HAL_TIM_IC_CaptureCallback
                0x08005b96       0x14 build/stm32f4xx_hal_tim.o
                0x08005b96                HAL_TIM_IC_CaptureCallback
 .text.HAL_TIM_PWM_PulseFinishedCallback
                0x08005baa       0x14 build/stm32f4xx_hal_tim.o
                0x08005baa                HAL_TIM_PWM_PulseFinishedCallback
 .text.HAL_TIM_TriggerCallback
                0x08005bbe       0x14 build/stm32f4xx_hal_tim.o
                0x08005bbe                HAL_TIM_TriggerCallback
 *fill*         0x08005bd2        0x2 
 .text.TIM_Base_SetConfig
                0x08005bd4      0x158 build/stm32f4xx_hal_tim.o
                0x08005bd4                TIM_Base_SetConfig
 .text.TIM_OC1_SetConfig
                0x08005d2c       0xe0 build/stm32f4xx_hal_tim.o
 .text.TIM_OC2_SetConfig
                0x08005e0c       0xec build/stm32f4xx_hal_tim.o
                0x08005e0c                TIM_OC2_SetConfig
 .text.TIM_OC3_SetConfig
                0x08005ef8       0xe8 build/stm32f4xx_hal_tim.o
 .text.TIM_OC4_SetConfig
                0x08005fe0       0xac build/stm32f4xx_hal_tim.o
 .text.TIM_TI1_ConfigInputStage
                0x0800608c       0x5e build/stm32f4xx_hal_tim.o
 .text.TIM_TI2_ConfigInputStage
                0x080060ea       0x60 build/stm32f4xx_hal_tim.o
 .text.TIM_ITRx_SetConfig
                0x0800614a       0x36 build/stm32f4xx_hal_tim.o
 .text.TIM_ETR_SetConfig
                0x08006180       0x40 build/stm32f4xx_hal_tim.o
                0x08006180                TIM_ETR_SetConfig
 .text.TIM_CCxChannelCmd
                0x080061c0       0x4a build/stm32f4xx_hal_tim.o
                0x080061c0                TIM_CCxChannelCmd
 *fill*         0x0800620a        0x2 
 .text.HAL_TIMEx_MasterConfigSynchronization
                0x0800620c       0xf8 build/stm32f4xx_hal_tim_ex.o
                0x0800620c                HAL_TIMEx_MasterConfigSynchronization
 .text.HAL_TIMEx_ConfigBreakDeadTime
                0x08006304       0xa4 build/stm32f4xx_hal_tim_ex.o
                0x08006304                HAL_TIMEx_ConfigBreakDeadTime
 .text.HAL_TIMEx_CommutCallback
                0x080063a8       0x14 build/stm32f4xx_hal_tim_ex.o
                0x080063a8                HAL_TIMEx_CommutCallback
 .text.HAL_TIMEx_BreakCallback
                0x080063bc       0x14 build/stm32f4xx_hal_tim_ex.o
                0x080063bc                HAL_TIMEx_BreakCallback
 .text.HAL_UART_Init
                0x080063d0       0xa0 build/stm32f4xx_hal_uart.o
                0x080063d0                HAL_UART_Init
 .text.HAL_UART_Transmit
                0x08006470      0x116 build/stm32f4xx_hal_uart.o
                0x08006470                HAL_UART_Transmit
 .text.HAL_UART_Receive_IT
                0x08006586       0x4a build/stm32f4xx_hal_uart.o
                0x08006586                HAL_UART_Receive_IT
 .text.HAL_UART_IRQHandler
                0x080065d0      0x524 build/stm32f4xx_hal_uart.o
                0x080065d0                HAL_UART_IRQHandler
 .text.HAL_UART_TxCpltCallback
                0x08006af4       0x14 build/stm32f4xx_hal_uart.o
                0x08006af4                HAL_UART_TxCpltCallback
 .text.HAL_UART_ErrorCallback
                0x08006b08       0x14 build/stm32f4xx_hal_uart.o
                0x08006b08                HAL_UART_ErrorCallback
 .text.HAL_UARTEx_RxEventCallback
                0x08006b1c       0x18 build/stm32f4xx_hal_uart.o
                0x08006b1c                HAL_UARTEx_RxEventCallback
 .text.UART_WaitOnFlagUntilTimeout
                0x08006b34       0xb2 build/stm32f4xx_hal_uart.o
 .text.UART_Start_Receive_IT
                0x08006be6       0x74 build/stm32f4xx_hal_uart.o
                0x08006be6                UART_Start_Receive_IT
 .text.UART_EndRxTransfer
                0x08006c5a       0xc6 build/stm32f4xx_hal_uart.o
 .text.UART_DMAAbortOnError
                0x08006d20       0x28 build/stm32f4xx_hal_uart.o
 .text.UART_Transmit_IT
                0x08006d48       0xa0 build/stm32f4xx_hal_uart.o
 .text.UART_EndTransmit_IT
                0x08006de8       0x30 build/stm32f4xx_hal_uart.o
 .text.UART_Receive_IT
                0x08006e18      0x17c build/stm32f4xx_hal_uart.o
 .text.UART_SetConfig
                0x08006f94      0x4e8 build/stm32f4xx_hal_uart.o
 .text.SystemInit
                0x0800747c       0x2c build/system_stm32f4xx.o
                0x0800747c                SystemInit
 .text.order_phases
                0x080074a8      0x210 build/calibration.o
                0x080074a8                order_phases
 .text.calibrate_encoder
                0x080076b8      0x588 build/calibration.o
                0x080076b8                calibrate_encoder
 .text.drv_spi_write
                0x08007c40       0x5c build/drv8323.o
                0x08007c40                drv_spi_write
 .text.drv_read_register
                0x08007c9c       0x38 build/drv8323.o
                0x08007c9c                drv_read_register
 .text.drv_write_register
                0x08007cd4       0x36 build/drv8323.o
                0x08007cd4                drv_write_register
 .text.drv_write_DCR
                0x08007d0a       0x84 build/drv8323.o
                0x08007d0a                drv_write_DCR
 .text.drv_write_OCPCR
                0x08007d8e       0x5c build/drv8323.o
                0x08007d8e                drv_write_OCPCR
 .text.drv_write_CSACR
                0x08007dea       0x84 build/drv8323.o
                0x08007dea                drv_write_CSACR
 .text.drv_enable_gd
                0x08007e6e       0x34 build/drv8323.o
                0x08007e6e                drv_enable_gd
 .text.drv_disable_gd
                0x08007ea2       0x34 build/drv8323.o
                0x08007ea2                drv_disable_gd
 *fill*         0x08007ed6        0x2 
 .text.flash_writer_init
                0x08007ed8       0x3c build/flash_writer.o
                0x08007ed8                flash_writer_init
 .text.flash_writer_open
                0x08007f14       0x38 build/flash_writer.o
                0x08007f14                flash_writer_open
 .text.flash_writer_write_int
                0x08007f4c       0x2c build/flash_writer.o
                0x08007f4c                flash_writer_write_int
 .text.flash_writer_write_float
                0x08007f78       0x32 build/flash_writer.o
                0x08007f78                flash_writer_write_float
 .text.flash_writer_close
                0x08007faa       0x1a build/flash_writer.o
                0x08007faa                flash_writer_close
 .text.flash_read_int
                0x08007fc4       0x2c build/flash_writer.o
                0x08007fc4                flash_read_int
 .text.flash_read_float
                0x08007ff0       0x34 build/flash_writer.o
                0x08007ff0                flash_read_float
 .text.set_dtc  0x08008024      0x148 build/foc.o
                0x08008024                set_dtc
 .text.analog_sample
                0x0800816c      0x100 build/foc.o
                0x0800816c                analog_sample
 .text.abc      0x0800826c      0x108 build/foc.o
                0x0800826c                abc
 .text.dq0      0x08008374      0x120 build/foc.o
                0x08008374                dq0
 .text.svm      0x08008494      0x154 build/foc.o
                0x08008494                svm
 .text.zero_current
                0x080085e8       0x86 build/foc.o
                0x080085e8                zero_current
 *fill*         0x0800866e        0x2 
 .text.init_controller_params
                0x08008670      0x190 build/foc.o
                0x08008670                init_controller_params
 .text.reset_foc
                0x08008800       0xe8 build/foc.o
                0x08008800                reset_foc
 .text.field_weaken
                0x080088e8      0x14c build/foc.o
                0x080088e8                field_weaken
 .text.commutate
                0x08008a34      0x428 build/foc.o
                0x08008a34                commutate
 .text.torque_control
                0x08008e5c       0xe0 build/foc.o
                0x08008e5c                torque_control
 .text.zero_commands
                0x08008f3c       0x50 build/foc.o
                0x08008f3c                zero_commands
 .text.run_fsm  0x08008f8c      0x1d0 build/fsm.o
                0x08008f8c                run_fsm
 .text.fsm_enter_state
                0x0800915c       0xc8 build/fsm.o
                0x0800915c                fsm_enter_state
 .text.fsm_exit_state
                0x08009224       0xb0 build/fsm.o
                0x08009224                fsm_exit_state
 .text.update_fsm
                0x080092d4      0x1ac build/fsm.o
                0x080092d4                update_fsm
 .text.enter_menu_state
                0x08009480       0x58 build/fsm.o
                0x08009480                enter_menu_state
 .text.enter_setup_state
                0x080094d8      0x2e8 build/fsm.o
                0x080094d8                enter_setup_state
 .text.process_user_input
                0x080097c0      0x56c build/fsm.o
                0x080097c0                process_user_input
 .text.fast_fmaxf
                0x08009d2c       0x38 build/math_ops.o
                0x08009d2c                fast_fmaxf
 .text.fast_fminf
                0x08009d64       0x38 build/math_ops.o
                0x08009d64                fast_fminf
 .text.fmaxf3   0x08009d9c       0x68 build/math_ops.o
                0x08009d9c                fmaxf3
 .text.fminf3   0x08009e04       0x68 build/math_ops.o
                0x08009e04                fminf3
 .text.limit_norm
                0x08009e6c       0x92 build/math_ops.o
                0x08009e6c                limit_norm
 .text.float_to_uint
                0x08009efe       0x66 build/math_ops.o
                0x08009efe                float_to_uint
 .text.uint_to_float
                0x08009f64       0x64 build/math_ops.o
                0x08009f64                uint_to_float
 .text.sin_lut  0x08009fc8       0x74 build/math_ops.o
                0x08009fc8                sin_lut
 .text.cos_lut  0x0800a03c       0x30 build/math_ops.o
                0x0800a03c                cos_lut
 .text.ps_warmup
                0x0800a06c       0x70 build/position_sensor.o
                0x0800a06c                ps_warmup
 .text.ps_sample
                0x0800a0dc      0x328 build/position_sensor.o
                0x0800a0dc                ps_sample
 .text.ps_print
                0x0800a404       0x8c build/position_sensor.o
                0x0800a404                ps_print
 .text.preference_writer_init
                0x0800a490       0x22 build/preference_writer.o
                0x0800a490                preference_writer_init
 .text.preference_writer_open
                0x0800a4b2       0x1e build/preference_writer.o
                0x0800a4b2                preference_writer_open
 .text.preference_writer_ready
                0x0800a4d0       0x1a build/preference_writer.o
                0x0800a4d0                preference_writer_ready
 *fill*         0x0800a4ea        0x2 
 .text.preference_writer_flush
                0x0800a4ec       0x78 build/preference_writer.o
                0x0800a4ec                preference_writer_flush
 .text.preference_writer_load
                0x0800a564       0x84 build/preference_writer.o
                0x0800a564                preference_writer_load
 .text.preference_writer_close
                0x0800a5e8       0x1e build/preference_writer.o
                0x0800a5e8                preference_writer_close
 *fill*         0x0800a606        0x2 
 .text.FLASH_Unlock
                0x0800a608       0x30 build/stm32f4xx_flash.o
                0x0800a608                FLASH_Unlock
 .text.FLASH_Lock
                0x0800a638       0x20 build/stm32f4xx_flash.o
                0x0800a638                FLASH_Lock
 .text.FLASH_EraseSector
                0x0800a658       0xc0 build/stm32f4xx_flash.o
                0x0800a658                FLASH_EraseSector
 .text.FLASH_ProgramWord
                0x0800a718       0x68 build/stm32f4xx_flash.o
                0x0800a718                FLASH_ProgramWord
 .text.FLASH_ClearFlag
                0x0800a780       0x20 build/stm32f4xx_flash.o
                0x0800a780                FLASH_ClearFlag
 .text.FLASH_GetStatus
                0x0800a7a0       0x7c build/stm32f4xx_flash.o
                0x0800a7a0                FLASH_GetStatus
 .text.FLASH_WaitForLastOperation2
                0x0800a81c       0x30 build/stm32f4xx_flash.o
                0x0800a81c                FLASH_WaitForLastOperation2
 .text._getpid  0x0800a84c       0x10 build/syscalls.o
                0x0800a84c                _getpid
 .text._kill    0x0800a85c       0x20 build/syscalls.o
                0x0800a85c                _kill
 .text._exit    0x0800a87c       0x14 build/syscalls.o
                0x0800a87c                _exit
 .text._read    0x0800a890       0x3a build/syscalls.o
                0x0800a890                _read
 .text._write   0x0800a8ca       0x38 build/syscalls.o
                0x0800a8ca                _write
 .text._close   0x0800a902       0x18 build/syscalls.o
                0x0800a902                _close
 .text._fstat   0x0800a91a       0x20 build/syscalls.o
                0x0800a91a                _fstat
 .text._isatty  0x0800a93a       0x16 build/syscalls.o
                0x0800a93a                _isatty
 .text._lseek   0x0800a950       0x1a build/syscalls.o
                0x0800a950                _lseek
 *fill*         0x0800a96a        0x2 
 .text._sbrk    0x0800a96c       0x58 build/sysmem.o
                0x0800a96c                _sbrk
 .text.Reset_Handler
                0x0800a9c4       0x50 build/startup_stm32f446xx.o
                0x0800a9c4                Reset_Handler
 .text.Default_Handler
                0x0800aa14        0x2 build/startup_stm32f446xx.o
                0x0800aa14                RTC_Alarm_IRQHandler
                0x0800aa14                EXTI2_IRQHandler
                0x0800aa14                TIM8_CC_IRQHandler
                0x0800aa14                FMPI2C1_EV_IRQHandler
                0x0800aa14                SPI4_IRQHandler
                0x0800aa14                TIM1_CC_IRQHandler
                0x0800aa14                DMA2_Stream5_IRQHandler
                0x0800aa14                DMA1_Stream5_IRQHandler
                0x0800aa14                PVD_IRQHandler
                0x0800aa14                SDIO_IRQHandler
                0x0800aa14                TAMP_STAMP_IRQHandler
                0x0800aa14                CAN2_RX1_IRQHandler
                0x0800aa14                EXTI3_IRQHandler
                0x0800aa14                TIM8_TRG_COM_TIM14_IRQHandler
                0x0800aa14                TIM8_UP_TIM13_IRQHandler
                0x0800aa14                I2C3_ER_IRQHandler
                0x0800aa14                EXTI0_IRQHandler
                0x0800aa14                I2C2_EV_IRQHandler
                0x0800aa14                DMA1_Stream2_IRQHandler
                0x0800aa14                FPU_IRQHandler
                0x0800aa14                OTG_HS_WKUP_IRQHandler
                0x0800aa14                CAN2_SCE_IRQHandler
                0x0800aa14                DMA2_Stream2_IRQHandler
                0x0800aa14                SPI1_IRQHandler
                0x0800aa14                TIM6_DAC_IRQHandler
                0x0800aa14                TIM1_BRK_TIM9_IRQHandler
                0x0800aa14                DCMI_IRQHandler
                0x0800aa14                CAN2_RX0_IRQHandler
                0x0800aa14                DMA2_Stream3_IRQHandler
                0x0800aa14                SAI2_IRQHandler
                0x0800aa14                USART6_IRQHandler
                0x0800aa14                USART3_IRQHandler
                0x0800aa14                CAN1_RX1_IRQHandler
                0x0800aa14                UART5_IRQHandler
                0x0800aa14                DMA2_Stream0_IRQHandler
                0x0800aa14                TIM4_IRQHandler
                0x0800aa14                QUADSPI_IRQHandler
                0x0800aa14                I2C1_EV_IRQHandler
                0x0800aa14                DMA1_Stream6_IRQHandler
                0x0800aa14                DMA1_Stream1_IRQHandler
                0x0800aa14                UART4_IRQHandler
                0x0800aa14                TIM3_IRQHandler
                0x0800aa14                RCC_IRQHandler
                0x0800aa14                TIM8_BRK_TIM12_IRQHandler
                0x0800aa14                Default_Handler
                0x0800aa14                CEC_IRQHandler
                0x0800aa14                EXTI15_10_IRQHandler
                0x0800aa14                ADC_IRQHandler
                0x0800aa14                DMA1_Stream7_IRQHandler
                0x0800aa14                TIM7_IRQHandler
                0x0800aa14                CAN2_TX_IRQHandler
                0x0800aa14                TIM5_IRQHandler
                0x0800aa14                DMA2_Stream7_IRQHandler
                0x0800aa14                I2C3_EV_IRQHandler
                0x0800aa14                EXTI9_5_IRQHandler
                0x0800aa14                RTC_WKUP_IRQHandler
                0x0800aa14                SPDIF_RX_IRQHandler
                0x0800aa14                SPI2_IRQHandler
                0x0800aa14                OTG_HS_EP1_IN_IRQHandler
                0x0800aa14                DMA1_Stream0_IRQHandler
                0x0800aa14                CAN1_TX_IRQHandler
                0x0800aa14                FMPI2C1_ER_IRQHandler
                0x0800aa14                EXTI4_IRQHandler
                0x0800aa14                OTG_HS_EP1_OUT_IRQHandler
                0x0800aa14                WWDG_IRQHandler
                0x0800aa14                OTG_FS_WKUP_IRQHandler
                0x0800aa14                TIM1_TRG_COM_TIM11_IRQHandler
                0x0800aa14                OTG_HS_IRQHandler
                0x0800aa14                EXTI1_IRQHandler
                0x0800aa14                I2C2_ER_IRQHandler
                0x0800aa14                DMA2_Stream1_IRQHandler
                0x0800aa14                CAN1_SCE_IRQHandler
                0x0800aa14                FLASH_IRQHandler
                0x0800aa14                DMA2_Stream4_IRQHandler
                0x0800aa14                USART1_IRQHandler
                0x0800aa14                OTG_FS_IRQHandler
                0x0800aa14                SPI3_IRQHandler
                0x0800aa14                DMA1_Stream4_IRQHandler
                0x0800aa14                I2C1_ER_IRQHandler
                0x0800aa14                FMC_IRQHandler
                0x0800aa14                DMA2_Stream6_IRQHandler
                0x0800aa14                SAI1_IRQHandler
                0x0800aa14                DMA1_Stream3_IRQHandler
 .text.atof     0x0800aa16        0x6 d:/st/gnu arm embedded toolchain/10 2021.10/bin/../lib/gcc/arm-none-eabi/10.3.1/../../../../arm-none-eabi/lib/thumb/v7e-m+fp/hard\libc_nano.a(lib_a-atof.o)
                0x0800aa16                atof
 .text.atoi     0x0800aa1c        0x8 d:/st/gnu arm embedded toolchain/10 2021.10/bin/../lib/gcc/arm-none-eabi/10.3.1/../../../../arm-none-eabi/lib/thumb/v7e-m+fp/hard\libc_nano.a(lib_a-atoi.o)
                0x0800aa1c                atoi
 .text.__errno  0x0800aa24        0xc d:/st/gnu arm embedded toolchain/10 2021.10/bin/../lib/gcc/arm-none-eabi/10.3.1/../../../../arm-none-eabi/lib/thumb/v7e-m+fp/hard\libc_nano.a(lib_a-errno.o)
                0x0800aa24                __errno
 .text.__libc_init_array
                0x0800aa30       0x48 d:/st/gnu arm embedded toolchain/10 2021.10/bin/../lib/gcc/arm-none-eabi/10.3.1/../../../../arm-none-eabi/lib/thumb/v7e-m+fp/hard\libc_nano.a(lib_a-init.o)
                0x0800aa30                __libc_init_array
 .text.memcpy   0x0800aa78       0x1c d:/st/gnu arm embedded toolchain/10 2021.10/bin/../lib/gcc/arm-none-eabi/10.3.1/../../../../arm-none-eabi/lib/thumb/v7e-m+fp/hard\libc_nano.a(lib_a-memcpy-stub.o)
                0x0800aa78                memcpy
 .text.memset   0x0800aa94       0x10 d:/st/gnu arm embedded toolchain/10 2021.10/bin/../lib/gcc/arm-none-eabi/10.3.1/../../../../arm-none-eabi/lib/thumb/v7e-m+fp/hard\libc_nano.a(lib_a-memset.o)
                0x0800aa94                memset
 .text.__cvt    0x0800aaa4       0xc4 d:/st/gnu arm embedded toolchain/10 2021.10/bin/../lib/gcc/arm-none-eabi/10.3.1/../../../../arm-none-eabi/lib/thumb/v7e-m+fp/hard\libc_nano.a(lib_a-nano-vfprintf_float.o)
                0x0800aaa4                __cvt
 .text.__exponent
                0x0800ab68       0x7c d:/st/gnu arm embedded toolchain/10 2021.10/bin/../lib/gcc/arm-none-eabi/10.3.1/../../../../arm-none-eabi/lib/thumb/v7e-m+fp/hard\libc_nano.a(lib_a-nano-vfprintf_float.o)
                0x0800ab68                __exponent
 .text._printf_float
                0x0800abe4      0x46c d:/st/gnu arm embedded toolchain/10 2021.10/bin/../lib/gcc/arm-none-eabi/10.3.1/../../../../arm-none-eabi/lib/thumb/v7e-m+fp/hard\libc_nano.a(lib_a-nano-vfprintf_float.o)
                0x0800abe4                _printf_float
 .text._printf_common
                0x0800b050       0xda d:/st/gnu arm embedded toolchain/10 2021.10/bin/../lib/gcc/arm-none-eabi/10.3.1/../../../../arm-none-eabi/lib/thumb/v7e-m+fp/hard\libc_nano.a(lib_a-nano-vfprintf_i.o)
                0x0800b050                _printf_common
 *fill*         0x0800b12a        0x2 
 .text._printf_i
                0x0800b12c      0x24c d:/st/gnu arm embedded toolchain/10 2021.10/bin/../lib/gcc/arm-none-eabi/10.3.1/../../../../arm-none-eabi/lib/thumb/v7e-m+fp/hard\libc_nano.a(lib_a-nano-vfprintf_i.o)
                0x0800b12c                _printf_i
 .text.printf   0x0800b378       0x30 d:/st/gnu arm embedded toolchain/10 2021.10/bin/../lib/gcc/arm-none-eabi/10.3.1/../../../../arm-none-eabi/lib/thumb/v7e-m+fp/hard\libc_nano.a(lib_a-printf.o)
                0x0800b378                iprintf
                0x0800b378                printf
 .text._puts_r  0x0800b3a8       0xdc d:/st/gnu arm embedded toolchain/10 2021.10/bin/../lib/gcc/arm-none-eabi/10.3.1/../../../../arm-none-eabi/lib/thumb/v7e-m+fp/hard\libc_nano.a(lib_a-puts.o)
                0x0800b3a8                _puts_r
 .text.puts     0x0800b484       0x10 d:/st/gnu arm embedded toolchain/10 2021.10/bin/../lib/gcc/arm-none-eabi/10.3.1/../../../../arm-none-eabi/lib/thumb/v7e-m+fp/hard\libc_nano.a(lib_a-puts.o)
                0x0800b484                puts
 .text.snprintf
                0x0800b494       0x68 d:/st/gnu arm embedded toolchain/10 2021.10/bin/../lib/gcc/arm-none-eabi/10.3.1/../../../../arm-none-eabi/lib/thumb/v7e-m+fp/hard\libc_nano.a(lib_a-snprintf.o)
                0x0800b494                sniprintf
                0x0800b494                snprintf
 .text.sulp     0x0800b4fc       0x38 d:/st/gnu arm embedded toolchain/10 2021.10/bin/../lib/gcc/arm-none-eabi/10.3.1/../../../../arm-none-eabi/lib/thumb/v7e-m+fp/hard\libc_nano.a(lib_a-strtod.o)
 *fill*         0x0800b534        0x4 
 .text._strtod_l
                0x0800b538      0xc0c d:/st/gnu arm embedded toolchain/10 2021.10/bin/../lib/gcc/arm-none-eabi/10.3.1/../../../../arm-none-eabi/lib/thumb/v7e-m+fp/hard\libc_nano.a(lib_a-strtod.o)
                0x0800b538                _strtod_l
 .text.strtod   0x0800c144       0x18 d:/st/gnu arm embedded toolchain/10 2021.10/bin/../lib/gcc/arm-none-eabi/10.3.1/../../../../arm-none-eabi/lib/thumb/v7e-m+fp/hard\libc_nano.a(lib_a-strtod.o)
                0x0800c144                strtod
 .text._strtol_l.constprop.0
                0x0800c15c      0x104 d:/st/gnu arm embedded toolchain/10 2021.10/bin/../lib/gcc/arm-none-eabi/10.3.1/../../../../arm-none-eabi/lib/thumb/v7e-m+fp/hard\libc_nano.a(lib_a-strtol.o)
 .text.strtol   0x0800c260       0x14 d:/st/gnu arm embedded toolchain/10 2021.10/bin/../lib/gcc/arm-none-eabi/10.3.1/../../../../arm-none-eabi/lib/thumb/v7e-m+fp/hard\libc_nano.a(lib_a-strtol.o)
                0x0800c260                strtol
 .text.__swbuf_r
                0x0800c274       0xa4 d:/st/gnu arm embedded toolchain/10 2021.10/bin/../lib/gcc/arm-none-eabi/10.3.1/../../../../arm-none-eabi/lib/thumb/v7e-m+fp/hard\libc_nano.a(lib_a-wbuf.o)
                0x0800c274                __swbuf_r
 .text.__swsetup_r
                0x0800c318       0xdc d:/st/gnu arm embedded toolchain/10 2021.10/bin/../lib/gcc/arm-none-eabi/10.3.1/../../../../arm-none-eabi/lib/thumb/v7e-m+fp/hard\libc_nano.a(lib_a-wsetup.o)
                0x0800c318                __swsetup_r
 .text.quorem   0x0800c3f4      0x116 d:/st/gnu arm embedded toolchain/10 2021.10/bin/../lib/gcc/arm-none-eabi/10.3.1/../../../../arm-none-eabi/lib/thumb/v7e-m+fp/hard\libc_nano.a(lib_a-dtoa.o)
 *fill*         0x0800c50a        0x6 
 .text._dtoa_r  0x0800c510      0xbdc d:/st/gnu arm embedded toolchain/10 2021.10/bin/../lib/gcc/arm-none-eabi/10.3.1/../../../../arm-none-eabi/lib/thumb/v7e-m+fp/hard\libc_nano.a(lib_a-dtoa.o)
                0x0800c510                _dtoa_r
 .text.__sflush_r
                0x0800d0ec      0x10c d:/st/gnu arm embedded toolchain/10 2021.10/bin/../lib/gcc/arm-none-eabi/10.3.1/../../../../arm-none-eabi/lib/thumb/v7e-m+fp/hard\libc_nano.a(lib_a-fflush.o)
                0x0800d0ec                __sflush_r
 .text._fflush_r
                0x0800d1f8       0x78 d:/st/gnu arm embedded toolchain/10 2021.10/bin/../lib/gcc/arm-none-eabi/10.3.1/../../../../arm-none-eabi/lib/thumb/v7e-m+fp/hard\libc_nano.a(lib_a-fflush.o)
                0x0800d1f8                _fflush_r
 .text.std      0x0800d270       0x48 d:/st/gnu arm embedded toolchain/10 2021.10/bin/../lib/gcc/arm-none-eabi/10.3.1/../../../../arm-none-eabi/lib/thumb/v7e-m+fp/hard\libc_nano.a(lib_a-findfp.o)
 .text._cleanup_r
                0x0800d2b8        0xc d:/st/gnu arm embedded toolchain/10 2021.10/bin/../lib/gcc/arm-none-eabi/10.3.1/../../../../arm-none-eabi/lib/thumb/v7e-m+fp/hard\libc_nano.a(lib_a-findfp.o)
                0x0800d2b8                _cleanup_r
 .text.__sfmoreglue
                0x0800d2c4       0x2c d:/st/gnu arm embedded toolchain/10 2021.10/bin/../lib/gcc/arm-none-eabi/10.3.1/../../../../arm-none-eabi/lib/thumb/v7e-m+fp/hard\libc_nano.a(lib_a-findfp.o)
                0x0800d2c4                __sfmoreglue
 .text.__sfp_lock_acquire
                0x0800d2f0        0xc d:/st/gnu arm embedded toolchain/10 2021.10/bin/../lib/gcc/arm-none-eabi/10.3.1/../../../../arm-none-eabi/lib/thumb/v7e-m+fp/hard\libc_nano.a(lib_a-findfp.o)
                0x0800d2f0                __sfp_lock_acquire
 .text.__sfp_lock_release
                0x0800d2fc        0xc d:/st/gnu arm embedded toolchain/10 2021.10/bin/../lib/gcc/arm-none-eabi/10.3.1/../../../../arm-none-eabi/lib/thumb/v7e-m+fp/hard\libc_nano.a(lib_a-findfp.o)
                0x0800d2fc                __sfp_lock_release
 .text.__sinit_lock_acquire
                0x0800d308        0xc d:/st/gnu arm embedded toolchain/10 2021.10/bin/../lib/gcc/arm-none-eabi/10.3.1/../../../../arm-none-eabi/lib/thumb/v7e-m+fp/hard\libc_nano.a(lib_a-findfp.o)
                0x0800d308                __sinit_lock_acquire
 .text.__sinit_lock_release
                0x0800d314        0xc d:/st/gnu arm embedded toolchain/10 2021.10/bin/../lib/gcc/arm-none-eabi/10.3.1/../../../../arm-none-eabi/lib/thumb/v7e-m+fp/hard\libc_nano.a(lib_a-findfp.o)
                0x0800d314                __sinit_lock_release
 .text.__sinit  0x0800d320       0x70 d:/st/gnu arm embedded toolchain/10 2021.10/bin/../lib/gcc/arm-none-eabi/10.3.1/../../../../arm-none-eabi/lib/thumb/v7e-m+fp/hard\libc_nano.a(lib_a-findfp.o)
                0x0800d320                __sinit
 .text.__sfp    0x0800d390       0x8c d:/st/gnu arm embedded toolchain/10 2021.10/bin/../lib/gcc/arm-none-eabi/10.3.1/../../../../arm-none-eabi/lib/thumb/v7e-m+fp/hard\libc_nano.a(lib_a-findfp.o)
                0x0800d390                __sfp
 .text._fwalk_reent
                0x0800d41c       0x3e d:/st/gnu arm embedded toolchain/10 2021.10/bin/../lib/gcc/arm-none-eabi/10.3.1/../../../../arm-none-eabi/lib/thumb/v7e-m+fp/hard\libc_nano.a(lib_a-fwalk.o)
                0x0800d41c                _fwalk_reent
 .text.rshift   0x0800d45a       0xa4 d:/st/gnu arm embedded toolchain/10 2021.10/bin/../lib/gcc/arm-none-eabi/10.3.1/../../../../arm-none-eabi/lib/thumb/v7e-m+fp/hard\libc_nano.a(lib_a-gdtoa-gethex.o)
 .text.__hexdig_fun
                0x0800d4fe       0x2a d:/st/gnu arm embedded toolchain/10 2021.10/bin/../lib/gcc/arm-none-eabi/10.3.1/../../../../arm-none-eabi/lib/thumb/v7e-m+fp/hard\libc_nano.a(lib_a-gdtoa-gethex.o)
                0x0800d4fe                __hexdig_fun
 .text.__gethex
                0x0800d528      0x48c d:/st/gnu arm embedded toolchain/10 2021.10/bin/../lib/gcc/arm-none-eabi/10.3.1/../../../../arm-none-eabi/lib/thumb/v7e-m+fp/hard\libc_nano.a(lib_a-gdtoa-gethex.o)
                0x0800d528                __gethex
 .text.L_shift  0x0800d9b4       0x24 d:/st/gnu arm embedded toolchain/10 2021.10/bin/../lib/gcc/arm-none-eabi/10.3.1/../../../../arm-none-eabi/lib/thumb/v7e-m+fp/hard\libc_nano.a(lib_a-gdtoa-hexnan.o)
 .text.__match  0x0800d9d8       0x28 d:/st/gnu arm embedded toolchain/10 2021.10/bin/../lib/gcc/arm-none-eabi/10.3.1/../../../../arm-none-eabi/lib/thumb/v7e-m+fp/hard\libc_nano.a(lib_a-gdtoa-hexnan.o)
                0x0800d9d8                __match
 .text.__hexnan
                0x0800da00      0x138 d:/st/gnu arm embedded toolchain/10 2021.10/bin/../lib/gcc/arm-none-eabi/10.3.1/../../../../arm-none-eabi/lib/thumb/v7e-m+fp/hard\libc_nano.a(lib_a-gdtoa-hexnan.o)
                0x0800da00                __hexnan
 .text._localeconv_r
                0x0800db38        0x8 d:/st/gnu arm embedded toolchain/10 2021.10/bin/../lib/gcc/arm-none-eabi/10.3.1/../../../../arm-none-eabi/lib/thumb/v7e-m+fp/hard\libc_nano.a(lib_a-localeconv.o)
                0x0800db38                _localeconv_r
 .text.__retarget_lock_init_recursive
                0x0800db40        0x2 d:/st/gnu arm embedded toolchain/10 2021.10/bin/../lib/gcc/arm-none-eabi/10.3.1/../../../../arm-none-eabi/lib/thumb/v7e-m+fp/hard\libc_nano.a(lib_a-lock.o)
                0x0800db40                __retarget_lock_init_recursive
 .text.__retarget_lock_acquire_recursive
                0x0800db42        0x2 d:/st/gnu arm embedded toolchain/10 2021.10/bin/../lib/gcc/arm-none-eabi/10.3.1/../../../../arm-none-eabi/lib/thumb/v7e-m+fp/hard\libc_nano.a(lib_a-lock.o)
                0x0800db42                __retarget_lock_acquire_recursive
 .text.__retarget_lock_release_recursive
                0x0800db44        0x2 d:/st/gnu arm embedded toolchain/10 2021.10/bin/../lib/gcc/arm-none-eabi/10.3.1/../../../../arm-none-eabi/lib/thumb/v7e-m+fp/hard\libc_nano.a(lib_a-lock.o)
                0x0800db44                __retarget_lock_release_recursive
 .text.__swhatbuf_r
                0x0800db46       0x4a d:/st/gnu arm embedded toolchain/10 2021.10/bin/../lib/gcc/arm-none-eabi/10.3.1/../../../../arm-none-eabi/lib/thumb/v7e-m+fp/hard\libc_nano.a(lib_a-makebuf.o)
                0x0800db46                __swhatbuf_r
 .text.__smakebuf_r
                0x0800db90       0x80 d:/st/gnu arm embedded toolchain/10 2021.10/bin/../lib/gcc/arm-none-eabi/10.3.1/../../../../arm-none-eabi/lib/thumb/v7e-m+fp/hard\libc_nano.a(lib_a-makebuf.o)
                0x0800db90                __smakebuf_r
 .text.malloc   0x0800dc10       0x10 d:/st/gnu arm embedded toolchain/10 2021.10/bin/../lib/gcc/arm-none-eabi/10.3.1/../../../../arm-none-eabi/lib/thumb/v7e-m+fp/hard\libc_nano.a(lib_a-malloc.o)
                0x0800dc10                malloc
 .text.__ascii_mbtowc
                0x0800dc20       0x24 d:/st/gnu arm embedded toolchain/10 2021.10/bin/../lib/gcc/arm-none-eabi/10.3.1/../../../../arm-none-eabi/lib/thumb/v7e-m+fp/hard\libc_nano.a(lib_a-mbtowc_r.o)
                0x0800dc20                __ascii_mbtowc
 .text._Balloc  0x0800dc44       0x80 d:/st/gnu arm embedded toolchain/10 2021.10/bin/../lib/gcc/arm-none-eabi/10.3.1/../../../../arm-none-eabi/lib/thumb/v7e-m+fp/hard\libc_nano.a(lib_a-mprec.o)
                0x0800dc44                _Balloc
 .text._Bfree   0x0800dcc4       0x44 d:/st/gnu arm embedded toolchain/10 2021.10/bin/../lib/gcc/arm-none-eabi/10.3.1/../../../../arm-none-eabi/lib/thumb/v7e-m+fp/hard\libc_nano.a(lib_a-mprec.o)
                0x0800dcc4                _Bfree
 .text.__multadd
                0x0800dd08       0x8c d:/st/gnu arm embedded toolchain/10 2021.10/bin/../lib/gcc/arm-none-eabi/10.3.1/../../../../arm-none-eabi/lib/thumb/v7e-m+fp/hard\libc_nano.a(lib_a-mprec.o)
                0x0800dd08                __multadd
 .text.__s2b    0x0800dd94       0x94 d:/st/gnu arm embedded toolchain/10 2021.10/bin/../lib/gcc/arm-none-eabi/10.3.1/../../../../arm-none-eabi/lib/thumb/v7e-m+fp/hard\libc_nano.a(lib_a-mprec.o)
                0x0800dd94                __s2b
 .text.__hi0bits
                0x0800de28       0x40 d:/st/gnu arm embedded toolchain/10 2021.10/bin/../lib/gcc/arm-none-eabi/10.3.1/../../../../arm-none-eabi/lib/thumb/v7e-m+fp/hard\libc_nano.a(lib_a-mprec.o)
                0x0800de28                __hi0bits
 .text.__lo0bits
                0x0800de68       0x5e d:/st/gnu arm embedded toolchain/10 2021.10/bin/../lib/gcc/arm-none-eabi/10.3.1/../../../../arm-none-eabi/lib/thumb/v7e-m+fp/hard\libc_nano.a(lib_a-mprec.o)
                0x0800de68                __lo0bits
 *fill*         0x0800dec6        0x2 
 .text.__i2b    0x0800dec8       0x2c d:/st/gnu arm embedded toolchain/10 2021.10/bin/../lib/gcc/arm-none-eabi/10.3.1/../../../../arm-none-eabi/lib/thumb/v7e-m+fp/hard\libc_nano.a(lib_a-mprec.o)
                0x0800dec8                __i2b
 .text.__multiply
                0x0800def4      0x154 d:/st/gnu arm embedded toolchain/10 2021.10/bin/../lib/gcc/arm-none-eabi/10.3.1/../../../../arm-none-eabi/lib/thumb/v7e-m+fp/hard\libc_nano.a(lib_a-mprec.o)
                0x0800def4                __multiply
 .text.__pow5mult
                0x0800e048       0xb4 d:/st/gnu arm embedded toolchain/10 2021.10/bin/../lib/gcc/arm-none-eabi/10.3.1/../../../../arm-none-eabi/lib/thumb/v7e-m+fp/hard\libc_nano.a(lib_a-mprec.o)
                0x0800e048                __pow5mult
 .text.__lshift
                0x0800e0fc       0xe0 d:/st/gnu arm embedded toolchain/10 2021.10/bin/../lib/gcc/arm-none-eabi/10.3.1/../../../../arm-none-eabi/lib/thumb/v7e-m+fp/hard\libc_nano.a(lib_a-mprec.o)
                0x0800e0fc                __lshift
 .text.__mcmp   0x0800e1dc       0x38 d:/st/gnu arm embedded toolchain/10 2021.10/bin/../lib/gcc/arm-none-eabi/10.3.1/../../../../arm-none-eabi/lib/thumb/v7e-m+fp/hard\libc_nano.a(lib_a-mprec.o)
                0x0800e1dc                __mcmp
 .text.__mdiff  0x0800e214      0x114 d:/st/gnu arm embedded toolchain/10 2021.10/bin/../lib/gcc/arm-none-eabi/10.3.1/../../../../arm-none-eabi/lib/thumb/v7e-m+fp/hard\libc_nano.a(lib_a-mprec.o)
                0x0800e214                __mdiff
 .text.__ulp    0x0800e328       0x58 d:/st/gnu arm embedded toolchain/10 2021.10/bin/../lib/gcc/arm-none-eabi/10.3.1/../../../../arm-none-eabi/lib/thumb/v7e-m+fp/hard\libc_nano.a(lib_a-mprec.o)
                0x0800e328                __ulp
 .text.__b2d    0x0800e380       0xa0 d:/st/gnu arm embedded toolchain/10 2021.10/bin/../lib/gcc/arm-none-eabi/10.3.1/../../../../arm-none-eabi/lib/thumb/v7e-m+fp/hard\libc_nano.a(lib_a-mprec.o)
                0x0800e380                __b2d
 .text.__d2b    0x0800e420       0xb8 d:/st/gnu arm embedded toolchain/10 2021.10/bin/../lib/gcc/arm-none-eabi/10.3.1/../../../../arm-none-eabi/lib/thumb/v7e-m+fp/hard\libc_nano.a(lib_a-mprec.o)
                0x0800e420                __d2b
 .text.__ratio  0x0800e4d8       0x66 d:/st/gnu arm embedded toolchain/10 2021.10/bin/../lib/gcc/arm-none-eabi/10.3.1/../../../../arm-none-eabi/lib/thumb/v7e-m+fp/hard\libc_nano.a(lib_a-mprec.o)
                0x0800e4d8                __ratio
 .text.__copybits
                0x0800e53e       0x46 d:/st/gnu arm embedded toolchain/10 2021.10/bin/../lib/gcc/arm-none-eabi/10.3.1/../../../../arm-none-eabi/lib/thumb/v7e-m+fp/hard\libc_nano.a(lib_a-mprec.o)
                0x0800e53e                __copybits
 .text.__any_on
                0x0800e584       0x42 d:/st/gnu arm embedded toolchain/10 2021.10/bin/../lib/gcc/arm-none-eabi/10.3.1/../../../../arm-none-eabi/lib/thumb/v7e-m+fp/hard\libc_nano.a(lib_a-mprec.o)
                0x0800e584                __any_on
 .text._calloc_r
                0x0800e5c6       0x2c d:/st/gnu arm embedded toolchain/10 2021.10/bin/../lib/gcc/arm-none-eabi/10.3.1/../../../../arm-none-eabi/lib/thumb/v7e-m+fp/hard\libc_nano.a(lib_a-nano-callocr.o)
                0x0800e5c6                _calloc_r
 *fill*         0x0800e5f2        0x2 
 .text._free_r  0x0800e5f4       0x98 d:/st/gnu arm embedded toolchain/10 2021.10/bin/../lib/gcc/arm-none-eabi/10.3.1/../../../../arm-none-eabi/lib/thumb/v7e-m+fp/hard\libc_nano.a(lib_a-nano-freer.o)
                0x0800e5f4                _free_r
 .text.sbrk_aligned
                0x0800e68c       0x40 d:/st/gnu arm embedded toolchain/10 2021.10/bin/../lib/gcc/arm-none-eabi/10.3.1/../../../../arm-none-eabi/lib/thumb/v7e-m+fp/hard\libc_nano.a(lib_a-nano-mallocr.o)
 .text._malloc_r
                0x0800e6cc       0xe8 d:/st/gnu arm embedded toolchain/10 2021.10/bin/../lib/gcc/arm-none-eabi/10.3.1/../../../../arm-none-eabi/lib/thumb/v7e-m+fp/hard\libc_nano.a(lib_a-nano-mallocr.o)
                0x0800e6cc                _malloc_r
 .text.__ssputs_r
                0x0800e7b4       0xb6 d:/st/gnu arm embedded toolchain/10 2021.10/bin/../lib/gcc/arm-none-eabi/10.3.1/../../../../arm-none-eabi/lib/thumb/v7e-m+fp/hard\libc_nano.a(lib_a-nano-svfprintf.o)
                0x0800e7b4                __ssputs_r
 *fill*         0x0800e86a        0x2 
 .text._svfprintf_r
                0x0800e86c      0x200 d:/st/gnu arm embedded toolchain/10 2021.10/bin/../lib/gcc/arm-none-eabi/10.3.1/../../../../arm-none-eabi/lib/thumb/v7e-m+fp/hard\libc_nano.a(lib_a-nano-svfprintf.o)
                0x0800e86c                _svfiprintf_r
                0x0800e86c                _svfprintf_r
 .text.__sfputc_r
                0x0800ea6c       0x2e d:/st/gnu arm embedded toolchain/10 2021.10/bin/../lib/gcc/arm-none-eabi/10.3.1/../../../../arm-none-eabi/lib/thumb/v7e-m+fp/hard\libc_nano.a(lib_a-nano-vfprintf.o)
 .text.__sfputs_r
                0x0800ea9a       0x24 d:/st/gnu arm embedded toolchain/10 2021.10/bin/../lib/gcc/arm-none-eabi/10.3.1/../../../../arm-none-eabi/lib/thumb/v7e-m+fp/hard\libc_nano.a(lib_a-nano-vfprintf.o)
                0x0800ea9a                __sfputs_r
 *fill*         0x0800eabe        0x2 
 .text._vfprintf_r
                0x0800eac0      0x260 d:/st/gnu arm embedded toolchain/10 2021.10/bin/../lib/gcc/arm-none-eabi/10.3.1/../../../../arm-none-eabi/lib/thumb/v7e-m+fp/hard\libc_nano.a(lib_a-nano-vfprintf.o)
                0x0800eac0                _vfprintf_r
                0x0800eac0                _vfiprintf_r
 .text.nan      0x0800ed20       0x10 d:/st/gnu arm embedded toolchain/10 2021.10/bin/../lib/gcc/arm-none-eabi/10.3.1/../../../../arm-none-eabi/lib/thumb/v7e-m+fp/hard\libc_nano.a(lib_a-s_nan.o)
                0x0800ed20                nan
 .text._sbrk_r  0x0800ed30       0x20 d:/st/gnu arm embedded toolchain/10 2021.10/bin/../lib/gcc/arm-none-eabi/10.3.1/../../../../arm-none-eabi/lib/thumb/v7e-m+fp/hard\libc_nano.a(lib_a-sbrkr.o)
                0x0800ed30                _sbrk_r
 .text.__sread  0x0800ed50       0x22 d:/st/gnu arm embedded toolchain/10 2021.10/bin/../lib/gcc/arm-none-eabi/10.3.1/../../../../arm-none-eabi/lib/thumb/v7e-m+fp/hard\libc_nano.a(lib_a-stdio.o)
                0x0800ed50                __sread
 .text.__swrite
                0x0800ed72       0x38 d:/st/gnu arm embedded toolchain/10 2021.10/bin/../lib/gcc/arm-none-eabi/10.3.1/../../../../arm-none-eabi/lib/thumb/v7e-m+fp/hard\libc_nano.a(lib_a-stdio.o)
                0x0800ed72                __swrite
 .text.__sseek  0x0800edaa       0x24 d:/st/gnu arm embedded toolchain/10 2021.10/bin/../lib/gcc/arm-none-eabi/10.3.1/../../../../arm-none-eabi/lib/thumb/v7e-m+fp/hard\libc_nano.a(lib_a-stdio.o)
                0x0800edaa                __sseek
 .text.__sclose
                0x0800edce        0x8 d:/st/gnu arm embedded toolchain/10 2021.10/bin/../lib/gcc/arm-none-eabi/10.3.1/../../../../arm-none-eabi/lib/thumb/v7e-m+fp/hard\libc_nano.a(lib_a-stdio.o)
                0x0800edce                __sclose
 .text.strncmp  0x0800edd6       0x28 d:/st/gnu arm embedded toolchain/10 2021.10/bin/../lib/gcc/arm-none-eabi/10.3.1/../../../../arm-none-eabi/lib/thumb/v7e-m+fp/hard\libc_nano.a(lib_a-strncmp.o)
                0x0800edd6                strncmp
 .text.__ascii_wctomb
                0x0800edfe       0x1a d:/st/gnu arm embedded toolchain/10 2021.10/bin/../lib/gcc/arm-none-eabi/10.3.1/../../../../arm-none-eabi/lib/thumb/v7e-m+fp/hard\libc_nano.a(lib_a-wctomb_r.o)
                0x0800edfe                __ascii_wctomb
 .text._write_r
                0x0800ee18       0x24 d:/st/gnu arm embedded toolchain/10 2021.10/bin/../lib/gcc/arm-none-eabi/10.3.1/../../../../arm-none-eabi/lib/thumb/v7e-m+fp/hard\libc_nano.a(lib_a-writer.o)
                0x0800ee18                _write_r
 .text.__assert_func
                0x0800ee3c       0x3c d:/st/gnu arm embedded toolchain/10 2021.10/bin/../lib/gcc/arm-none-eabi/10.3.1/../../../../arm-none-eabi/lib/thumb/v7e-m+fp/hard\libc_nano.a(lib_a-assert.o)
                0x0800ee3c                __assert_func
 .text._close_r
                0x0800ee78       0x20 d:/st/gnu arm embedded toolchain/10 2021.10/bin/../lib/gcc/arm-none-eabi/10.3.1/../../../../arm-none-eabi/lib/thumb/v7e-m+fp/hard\libc_nano.a(lib_a-closer.o)
                0x0800ee78                _close_r
 .text.fprintf  0x0800ee98       0x24 d:/st/gnu arm embedded toolchain/10 2021.10/bin/../lib/gcc/arm-none-eabi/10.3.1/../../../../arm-none-eabi/lib/thumb/v7e-m+fp/hard\libc_nano.a(lib_a-fprintf.o)
                0x0800ee98                fiprintf
                0x0800ee98                fprintf
 .text._fstat_r
                0x0800eebc       0x24 d:/st/gnu arm embedded toolchain/10 2021.10/bin/../lib/gcc/arm-none-eabi/10.3.1/../../../../arm-none-eabi/lib/thumb/v7e-m+fp/hard\libc_nano.a(lib_a-fstatr.o)
                0x0800eebc                _fstat_r
 .text._isatty_r
                0x0800eee0       0x20 d:/st/gnu arm embedded toolchain/10 2021.10/bin/../lib/gcc/arm-none-eabi/10.3.1/../../../../arm-none-eabi/lib/thumb/v7e-m+fp/hard\libc_nano.a(lib_a-isattyr.o)
                0x0800eee0                _isatty_r
 .text._lseek_r
                0x0800ef00       0x24 d:/st/gnu arm embedded toolchain/10 2021.10/bin/../lib/gcc/arm-none-eabi/10.3.1/../../../../arm-none-eabi/lib/thumb/v7e-m+fp/hard\libc_nano.a(lib_a-lseekr.o)
                0x0800ef00                _lseek_r
 .text.memmove  0x0800ef24       0x34 d:/st/gnu arm embedded toolchain/10 2021.10/bin/../lib/gcc/arm-none-eabi/10.3.1/../../../../arm-none-eabi/lib/thumb/v7e-m+fp/hard\libc_nano.a(lib_a-memmove.o)
                0x0800ef24                memmove
 .text.__malloc_lock
                0x0800ef58        0xc d:/st/gnu arm embedded toolchain/10 2021.10/bin/../lib/gcc/arm-none-eabi/10.3.1/../../../../arm-none-eabi/lib/thumb/v7e-m+fp/hard\libc_nano.a(lib_a-mlock.o)
                0x0800ef58                __malloc_lock
 .text.__malloc_unlock
                0x0800ef64        0xc d:/st/gnu arm embedded toolchain/10 2021.10/bin/../lib/gcc/arm-none-eabi/10.3.1/../../../../arm-none-eabi/lib/thumb/v7e-m+fp/hard\libc_nano.a(lib_a-mlock.o)
                0x0800ef64                __malloc_unlock
 .text._realloc_r
                0x0800ef70       0x5e d:/st/gnu arm embedded toolchain/10 2021.10/bin/../lib/gcc/arm-none-eabi/10.3.1/../../../../arm-none-eabi/lib/thumb/v7e-m+fp/hard\libc_nano.a(lib_a-nano-reallocr.o)
                0x0800ef70                _realloc_r
 *fill*         0x0800efce        0x2 
 .text._read_r  0x0800efd0       0x24 d:/st/gnu arm embedded toolchain/10 2021.10/bin/../lib/gcc/arm-none-eabi/10.3.1/../../../../arm-none-eabi/lib/thumb/v7e-m+fp/hard\libc_nano.a(lib_a-readr.o)
                0x0800efd0                _read_r
 .text.abort    0x0800eff4        0xe d:/st/gnu arm embedded toolchain/10 2021.10/bin/../lib/gcc/arm-none-eabi/10.3.1/../../../../arm-none-eabi/lib/thumb/v7e-m+fp/hard\libc_nano.a(lib_a-abort.o)
                0x0800eff4                abort
 .text._malloc_usable_size_r
                0x0800f002       0x10 d:/st/gnu arm embedded toolchain/10 2021.10/bin/../lib/gcc/arm-none-eabi/10.3.1/../../../../arm-none-eabi/lib/thumb/v7e-m+fp/hard\libc_nano.a(lib_a-nano-msizer.o)
                0x0800f002                _malloc_usable_size_r
 .text._raise_r
                0x0800f012       0x50 d:/st/gnu arm embedded toolchain/10 2021.10/bin/../lib/gcc/arm-none-eabi/10.3.1/../../../../arm-none-eabi/lib/thumb/v7e-m+fp/hard\libc_nano.a(lib_a-signal.o)
                0x0800f012                _raise_r
 *fill*         0x0800f062        0x2 
 .text.raise    0x0800f064       0x10 d:/st/gnu arm embedded toolchain/10 2021.10/bin/../lib/gcc/arm-none-eabi/10.3.1/../../../../arm-none-eabi/lib/thumb/v7e-m+fp/hard\libc_nano.a(lib_a-signal.o)
                0x0800f064                raise
 .text._kill_r  0x0800f074       0x24 d:/st/gnu arm embedded toolchain/10 2021.10/bin/../lib/gcc/arm-none-eabi/10.3.1/../../../../arm-none-eabi/lib/thumb/v7e-m+fp/hard\libc_nano.a(lib_a-signalr.o)
                0x0800f074                _kill_r
 .text._getpid_r
                0x0800f098        0x4 d:/st/gnu arm embedded toolchain/10 2021.10/bin/../lib/gcc/arm-none-eabi/10.3.1/../../../../arm-none-eabi/lib/thumb/v7e-m+fp/hard\libc_nano.a(lib_a-signalr.o)
                0x0800f098                _getpid_r
 .text.round    0x0800f09c       0xa0 d:/st/gnu arm embedded toolchain/10 2021.10/bin/../lib/gcc/arm-none-eabi/10.3.1/../../../../arm-none-eabi/lib/thumb/v7e-m+fp/hard\libm.a(lib_a-s_round.o)
                0x0800f09c                round
 .text.fmaxf    0x0800f13c       0x3c d:/st/gnu arm embedded toolchain/10 2021.10/bin/../lib/gcc/arm-none-eabi/10.3.1/../../../../arm-none-eabi/lib/thumb/v7e-m+fp/hard\libm.a(lib_a-sf_fmax.o)
                0x0800f13c                fmaxf
 .text.fminf    0x0800f178       0x3c d:/st/gnu arm embedded toolchain/10 2021.10/bin/../lib/gcc/arm-none-eabi/10.3.1/../../../../arm-none-eabi/lib/thumb/v7e-m+fp/hard\libm.a(lib_a-sf_fmin.o)
                0x0800f178                fminf
 .text.__fpclassifyf
                0x0800f1b4       0x38 d:/st/gnu arm embedded toolchain/10 2021.10/bin/../lib/gcc/arm-none-eabi/10.3.1/../../../../arm-none-eabi/lib/thumb/v7e-m+fp/hard\libm.a(lib_a-sf_fpclassify.o)
                0x0800f1b4                __fpclassifyf
 *fill*         0x0800f1ec        0x4 
 .text.exp      0x0800f1f0       0xa0 d:/st/gnu arm embedded toolchain/10 2021.10/bin/../lib/gcc/arm-none-eabi/10.3.1/../../../../arm-none-eabi/lib/thumb/v7e-m+fp/hard\libm.a(lib_a-w_exp.o)
                0x0800f1f0                exp
 .text.fmodf    0x0800f290       0x48 d:/st/gnu arm embedded toolchain/10 2021.10/bin/../lib/gcc/arm-none-eabi/10.3.1/../../../../arm-none-eabi/lib/thumb/v7e-m+fp/hard\libm.a(lib_a-wf_fmod.o)
                0x0800f290                fmodf
 .text.sqrtf    0x0800f2d8       0x44 d:/st/gnu arm embedded toolchain/10 2021.10/bin/../lib/gcc/arm-none-eabi/10.3.1/../../../../arm-none-eabi/lib/thumb/v7e-m+fp/hard\libm.a(lib_a-wf_sqrt.o)
                0x0800f2d8                sqrtf
 *fill*         0x0800f31c        0x4 
 .text.__ieee754_exp
                0x0800f320      0x3dc d:/st/gnu arm embedded toolchain/10 2021.10/bin/../lib/gcc/arm-none-eabi/10.3.1/../../../../arm-none-eabi/lib/thumb/v7e-m+fp/hard\libm.a(lib_a-e_exp.o)
                0x0800f320                __ieee754_exp
 .text.__ieee754_fmodf
                0x0800f6fc      0x120 d:/st/gnu arm embedded toolchain/10 2021.10/bin/../lib/gcc/arm-none-eabi/10.3.1/../../../../arm-none-eabi/lib/thumb/v7e-m+fp/hard\libm.a(lib_a-ef_fmod.o)
                0x0800f6fc                __ieee754_fmodf
 .text.__ieee754_sqrtf
                0x0800f81c        0x8 d:/st/gnu arm embedded toolchain/10 2021.10/bin/../lib/gcc/arm-none-eabi/10.3.1/../../../../arm-none-eabi/lib/thumb/v7e-m+fp/hard\libm.a(lib_a-ef_sqrt.o)
                0x0800f81c                __ieee754_sqrtf
 .text.with_errno
                0x0800f824       0x18 d:/st/gnu arm embedded toolchain/10 2021.10/bin/../lib/gcc/arm-none-eabi/10.3.1/../../../../arm-none-eabi/lib/thumb/v7e-m+fp/hard\libm.a(lib_a-math_err.o)
 .text.xflow    0x0800f83c       0x2c d:/st/gnu arm embedded toolchain/10 2021.10/bin/../lib/gcc/arm-none-eabi/10.3.1/../../../../arm-none-eabi/lib/thumb/v7e-m+fp/hard\libm.a(lib_a-math_err.o)
 .text.__math_uflow
                0x0800f868       0x14 d:/st/gnu arm embedded toolchain/10 2021.10/bin/../lib/gcc/arm-none-eabi/10.3.1/../../../../arm-none-eabi/lib/thumb/v7e-m+fp/hard\libm.a(lib_a-math_err.o)
                0x0800f868                __math_uflow
 .text.__math_oflow
                0x0800f87c       0x14 d:/st/gnu arm embedded toolchain/10 2021.10/bin/../lib/gcc/arm-none-eabi/10.3.1/../../../../arm-none-eabi/lib/thumb/v7e-m+fp/hard\libm.a(lib_a-math_err.o)
                0x0800f87c                __math_oflow
 .text.finite   0x0800f890       0x18 d:/st/gnu arm embedded toolchain/10 2021.10/bin/../lib/gcc/arm-none-eabi/10.3.1/../../../../arm-none-eabi/lib/thumb/v7e-m+fp/hard\libm.a(lib_a-s_finite.o)
                0x0800f890                finite
 *(.glue_7)
 .glue_7        0x0800f8a8        0x0 linker stubs
 *(.glue_7t)
 .glue_7t       0x0800f8a8        0x0 linker stubs
 *(.eh_frame)
 .eh_frame      0x0800f8a8        0x0 d:/st/gnu arm embedded toolchain/10 2021.10/bin/../lib/gcc/arm-none-eabi/10.3.1/thumb/v7e-m+fp/hard/crtbegin.o
 *(.init)
 .init          0x0800f8a8        0x4 d:/st/gnu arm embedded toolchain/10 2021.10/bin/../lib/gcc/arm-none-eabi/10.3.1/thumb/v7e-m+fp/hard/crti.o
                0x0800f8a8                _init
 .init          0x0800f8ac        0x8 d:/st/gnu arm embedded toolchain/10 2021.10/bin/../lib/gcc/arm-none-eabi/10.3.1/thumb/v7e-m+fp/hard/crtn.o
 *(.fini)
 .fini          0x0800f8b4        0x4 d:/st/gnu arm embedded toolchain/10 2021.10/bin/../lib/gcc/arm-none-eabi/10.3.1/thumb/v7e-m+fp/hard/crti.o
                0x0800f8b4                _fini
 .fini          0x0800f8b8        0x8 d:/st/gnu arm embedded toolchain/10 2021.10/bin/../lib/gcc/arm-none-eabi/10.3.1/thumb/v7e-m+fp/hard/crtn.o
                0x0800f8c0                . = ALIGN (0x4)
                0x0800f8c0                _etext = .

.vfp11_veneer   0x0800f8c0        0x0
 .vfp11_veneer  0x0800f8c0        0x0 linker stubs

.v4_bx          0x0800f8c0        0x0
 .v4_bx         0x0800f8c0        0x0 linker stubs

.iplt           0x0800f8c0        0x0
 .iplt          0x0800f8c0        0x0 d:/st/gnu arm embedded toolchain/10 2021.10/bin/../lib/gcc/arm-none-eabi/10.3.1/thumb/v7e-m+fp/hard/crtbegin.o

.rodata         0x0800f8c0     0x14c0
                0x0800f8c0                . = ALIGN (0x4)
 *(.rodata)
 .rodata        0x0800f8c0       0x4c build/main.o
 .rodata        0x0800f90c       0x56 build/usart.o
 *fill*         0x0800f962        0x2 
 .rodata        0x0800f964       0xc5 build/calibration.o
 *fill*         0x0800fa29        0x3 
 .rodata        0x0800fa2c      0x58f build/fsm.o
 *fill*         0x0800ffbb        0x1 
 .rodata        0x0800ffbc       0x6c build/position_sensor.o
 *(.rodata*)
 .rodata.AHBPrescTable
                0x08010028       0x10 build/system_stm32f4xx.o
                0x08010028                AHBPrescTable
 .rodata.APBPrescTable
                0x08010038        0x8 build/system_stm32f4xx.o
                0x08010038                APBPrescTable
 .rodata.sin_tab
                0x08010040      0x800 build/math_ops.o
                0x08010040                sin_tab
 .rodata._global_impure_ptr
                0x08010840        0x4 d:/st/gnu arm embedded toolchain/10 2021.10/bin/../lib/gcc/arm-none-eabi/10.3.1/../../../../arm-none-eabi/lib/thumb/v7e-m+fp/hard\libc_nano.a(lib_a-impure.o)
                0x08010840                _global_impure_ptr
 .rodata._printf_float.str1.1
                0x08010844       0x12 d:/st/gnu arm embedded toolchain/10 2021.10/bin/../lib/gcc/arm-none-eabi/10.3.1/../../../../arm-none-eabi/lib/thumb/v7e-m+fp/hard\libc_nano.a(lib_a-nano-vfprintf_float.o)
 .rodata._printf_i.str1.1
                0x08010856       0x22 d:/st/gnu arm embedded toolchain/10 2021.10/bin/../lib/gcc/arm-none-eabi/10.3.1/../../../../arm-none-eabi/lib/thumb/v7e-m+fp/hard\libc_nano.a(lib_a-nano-vfprintf_i.o)
 .rodata._strtod_l.str1.1
                0x08010878       0x22 d:/st/gnu arm embedded toolchain/10 2021.10/bin/../lib/gcc/arm-none-eabi/10.3.1/../../../../arm-none-eabi/lib/thumb/v7e-m+fp/hard\libc_nano.a(lib_a-strtod.o)
                                  0xd (size before relaxing)
 .rodata.fpi.1  0x08010878       0x14 d:/st/gnu arm embedded toolchain/10 2021.10/bin/../lib/gcc/arm-none-eabi/10.3.1/../../../../arm-none-eabi/lib/thumb/v7e-m+fp/hard\libc_nano.a(lib_a-strtod.o)
 .rodata.fpinan.0
                0x0801088c       0x14 d:/st/gnu arm embedded toolchain/10 2021.10/bin/../lib/gcc/arm-none-eabi/10.3.1/../../../../arm-none-eabi/lib/thumb/v7e-m+fp/hard\libc_nano.a(lib_a-strtod.o)
 .rodata.tinytens
                0x080108a0       0x28 d:/st/gnu arm embedded toolchain/10 2021.10/bin/../lib/gcc/arm-none-eabi/10.3.1/../../../../arm-none-eabi/lib/thumb/v7e-m+fp/hard\libc_nano.a(lib_a-strtod.o)
 .rodata._ctype_
                0x080108c8      0x101 d:/st/gnu arm embedded toolchain/10 2021.10/bin/../lib/gcc/arm-none-eabi/10.3.1/../../../../arm-none-eabi/lib/thumb/v7e-m+fp/hard\libc_nano.a(lib_a-ctype_.o)
                0x080108c8                _ctype_
 .rodata._dtoa_r.str1.1
                0x080109c9       0xb3 d:/st/gnu arm embedded toolchain/10 2021.10/bin/../lib/gcc/arm-none-eabi/10.3.1/../../../../arm-none-eabi/lib/thumb/v7e-m+fp/hard\libc_nano.a(lib_a-dtoa.o)
                                 0xb5 (size before relaxing)
 .rodata.__sf_fake_stderr
                0x08010a7c       0x20 d:/st/gnu arm embedded toolchain/10 2021.10/bin/../lib/gcc/arm-none-eabi/10.3.1/../../../../arm-none-eabi/lib/thumb/v7e-m+fp/hard\libc_nano.a(lib_a-findfp.o)
                0x08010a7c                __sf_fake_stderr
 .rodata.__sf_fake_stdin
                0x08010a9c       0x20 d:/st/gnu arm embedded toolchain/10 2021.10/bin/../lib/gcc/arm-none-eabi/10.3.1/../../../../arm-none-eabi/lib/thumb/v7e-m+fp/hard\libc_nano.a(lib_a-findfp.o)
                0x08010a9c                __sf_fake_stdin
 .rodata.__sf_fake_stdout
                0x08010abc       0x20 d:/st/gnu arm embedded toolchain/10 2021.10/bin/../lib/gcc/arm-none-eabi/10.3.1/../../../../arm-none-eabi/lib/thumb/v7e-m+fp/hard\libc_nano.a(lib_a-findfp.o)
                0x08010abc                __sf_fake_stdout
 .rodata.__gethex.str1.1
                0x08010adc       0x86 d:/st/gnu arm embedded toolchain/10 2021.10/bin/../lib/gcc/arm-none-eabi/10.3.1/../../../../arm-none-eabi/lib/thumb/v7e-m+fp/hard\libc_nano.a(lib_a-gdtoa-gethex.o)
                                 0x97 (size before relaxing)
 .rodata.str1.1
                0x08010b62        0x2 d:/st/gnu arm embedded toolchain/10 2021.10/bin/../lib/gcc/arm-none-eabi/10.3.1/../../../../arm-none-eabi/lib/thumb/v7e-m+fp/hard\libc_nano.a(lib_a-lnumeric.o)
                                  0x3 (size before relaxing)
 .rodata._C_numeric_locale
                0x08010b64        0xc d:/st/gnu arm embedded toolchain/10 2021.10/bin/../lib/gcc/arm-none-eabi/10.3.1/../../../../arm-none-eabi/lib/thumb/v7e-m+fp/hard\libc_nano.a(lib_a-lnumeric.o)
                0x08010b64                _C_numeric_locale
 .rodata._setlocale_r.str1.1
                0x08010b70        0x8 d:/st/gnu arm embedded toolchain/10 2021.10/bin/../lib/gcc/arm-none-eabi/10.3.1/../../../../arm-none-eabi/lib/thumb/v7e-m+fp/hard\libc_nano.a(lib_a-locale.o)
                                  0x9 (size before relaxing)
 .rodata.str1.1
                0x08010b78        0x2 d:/st/gnu arm embedded toolchain/10 2021.10/bin/../lib/gcc/arm-none-eabi/10.3.1/../../../../arm-none-eabi/lib/thumb/v7e-m+fp/hard\libc_nano.a(lib_a-locale.o)
 .rodata._Balloc.str1.1
                0x08010b78       0x7f d:/st/gnu arm embedded toolchain/10 2021.10/bin/../lib/gcc/arm-none-eabi/10.3.1/../../../../arm-none-eabi/lib/thumb/v7e-m+fp/hard\libc_nano.a(lib_a-mprec.o)
                                 0x96 (size before relaxing)
 .rodata.__multadd.str1.1
                0x08010bf7       0x11 d:/st/gnu arm embedded toolchain/10 2021.10/bin/../lib/gcc/arm-none-eabi/10.3.1/../../../../arm-none-eabi/lib/thumb/v7e-m+fp/hard\libc_nano.a(lib_a-mprec.o)
 *fill*         0x08010bf7        0x1 
 .rodata.__mprec_bigtens
                0x08010bf8       0x28 d:/st/gnu arm embedded toolchain/10 2021.10/bin/../lib/gcc/arm-none-eabi/10.3.1/../../../../arm-none-eabi/lib/thumb/v7e-m+fp/hard\libc_nano.a(lib_a-mprec.o)
                0x08010bf8                __mprec_bigtens
 .rodata.__mprec_tens
                0x08010c20       0xc8 d:/st/gnu arm embedded toolchain/10 2021.10/bin/../lib/gcc/arm-none-eabi/10.3.1/../../../../arm-none-eabi/lib/thumb/v7e-m+fp/hard\libc_nano.a(lib_a-mprec.o)
                0x08010c20                __mprec_tens
 .rodata.p05.0  0x08010ce8        0xc d:/st/gnu arm embedded toolchain/10 2021.10/bin/../lib/gcc/arm-none-eabi/10.3.1/../../../../arm-none-eabi/lib/thumb/v7e-m+fp/hard\libc_nano.a(lib_a-mprec.o)
 .rodata._svfprintf_r.str1.1
                0x08010cf4       0x11 d:/st/gnu arm embedded toolchain/10 2021.10/bin/../lib/gcc/arm-none-eabi/10.3.1/../../../../arm-none-eabi/lib/thumb/v7e-m+fp/hard\libc_nano.a(lib_a-nano-svfprintf.o)
 .rodata._vfprintf_r.str1.1
                0x08010d05       0x11 d:/st/gnu arm embedded toolchain/10 2021.10/bin/../lib/gcc/arm-none-eabi/10.3.1/../../../../arm-none-eabi/lib/thumb/v7e-m+fp/hard\libc_nano.a(lib_a-nano-vfprintf.o)
 .rodata.__assert_func.str1.1
                0x08010d05       0x3c d:/st/gnu arm embedded toolchain/10 2021.10/bin/../lib/gcc/arm-none-eabi/10.3.1/../../../../arm-none-eabi/lib/thumb/v7e-m+fp/hard\libc_nano.a(lib_a-assert.o)
                                 0x3d (size before relaxing)
 *fill*         0x08010d41        0x7 
 .rodata.halF   0x08010d48       0x10 d:/st/gnu arm embedded toolchain/10 2021.10/bin/../lib/gcc/arm-none-eabi/10.3.1/../../../../arm-none-eabi/lib/thumb/v7e-m+fp/hard\libm.a(lib_a-e_exp.o)
 .rodata.ln2HI  0x08010d58       0x10 d:/st/gnu arm embedded toolchain/10 2021.10/bin/../lib/gcc/arm-none-eabi/10.3.1/../../../../arm-none-eabi/lib/thumb/v7e-m+fp/hard\libm.a(lib_a-e_exp.o)
 .rodata.ln2LO  0x08010d68       0x10 d:/st/gnu arm embedded toolchain/10 2021.10/bin/../lib/gcc/arm-none-eabi/10.3.1/../../../../arm-none-eabi/lib/thumb/v7e-m+fp/hard\libm.a(lib_a-e_exp.o)
 .rodata.Zero   0x08010d78        0x8 d:/st/gnu arm embedded toolchain/10 2021.10/bin/../lib/gcc/arm-none-eabi/10.3.1/../../../../arm-none-eabi/lib/thumb/v7e-m+fp/hard\libm.a(lib_a-ef_fmod.o)
                0x08010d80                . = ALIGN (0x4)

.ARM.extab
 *(.ARM.extab* .gnu.linkonce.armextab.*)

.ARM            0x08010d80        0x8
                0x08010d80                __exidx_start = .
 *(.ARM.exidx*)
 .ARM.exidx     0x08010d80        0x8 d:/st/gnu arm embedded toolchain/10 2021.10/bin/../lib/gcc/arm-none-eabi/10.3.1/thumb/v7e-m+fp/hard\libgcc.a(_udivmoddi4.o)
                0x08010d88                __exidx_end = .

.rel.dyn        0x08010d88        0x0
 .rel.iplt      0x08010d88        0x0 d:/st/gnu arm embedded toolchain/10 2021.10/bin/../lib/gcc/arm-none-eabi/10.3.1/thumb/v7e-m+fp/hard/crtbegin.o

.preinit_array  0x08010d88        0x0
                0x08010d88                PROVIDE (__preinit_array_start = .)
 *(.preinit_array*)
                0x08010d88                PROVIDE (__preinit_array_end = .)

.init_array     0x08010d88        0x4
                0x08010d88                PROVIDE (__init_array_start = .)
 *(SORT_BY_NAME(.init_array.*))
 *(.init_array*)
 .init_array    0x08010d88        0x4 d:/st/gnu arm embedded toolchain/10 2021.10/bin/../lib/gcc/arm-none-eabi/10.3.1/thumb/v7e-m+fp/hard/crtbegin.o
                0x08010d8c                PROVIDE (__init_array_end = .)

.fini_array     0x08010d8c        0x4
                [!provide]                PROVIDE (__fini_array_start = .)
 *(SORT_BY_NAME(.fini_array.*))
 *(.fini_array*)
 .fini_array    0x08010d8c        0x4 d:/st/gnu arm embedded toolchain/10 2021.10/bin/../lib/gcc/arm-none-eabi/10.3.1/thumb/v7e-m+fp/hard/crtbegin.o
                [!provide]                PROVIDE (__fini_array_end = .)
                0x08010d90                _sidata = LOADADDR (.data)

.data           0x20000000      0x220 load address 0x08010d90
                0x20000000                . = ALIGN (0x4)
                0x20000000                _sdata = .
 *(.data)
 *(.data*)
 .data.uwTickPrio
                0x20000000        0x4 build/stm32f4xx_hal.o
                0x20000000                uwTickPrio
 .data.uwTickFreq
                0x20000004        0x1 build/stm32f4xx_hal.o
                0x20000004                uwTickFreq
 *fill*         0x20000005        0x3 
 .data.SystemCoreClock
                0x20000008        0x4 build/system_stm32f4xx.o
                0x20000008                SystemCoreClock
 .data.__SECTOR_ADDRS
                0x2000000c       0x20 build/flash_writer.o
 .data.__SECTORS
                0x2000002c       0x20 build/flash_writer.o
 .data._impure_ptr
                0x2000004c        0x4 d:/st/gnu arm embedded toolchain/10 2021.10/bin/../lib/gcc/arm-none-eabi/10.3.1/../../../../arm-none-eabi/lib/thumb/v7e-m+fp/hard\libc_nano.a(lib_a-impure.o)
                0x2000004c                _impure_ptr
 .data.impure_data
                0x20000050       0x60 d:/st/gnu arm embedded toolchain/10 2021.10/bin/../lib/gcc/arm-none-eabi/10.3.1/../../../../arm-none-eabi/lib/thumb/v7e-m+fp/hard\libc_nano.a(lib_a-impure.o)
 .data.numempty
                0x200000b0        0x2 d:/st/gnu arm embedded toolchain/10 2021.10/bin/../lib/gcc/arm-none-eabi/10.3.1/../../../../arm-none-eabi/lib/thumb/v7e-m+fp/hard\libc_nano.a(lib_a-lnumeric.o)
 *fill*         0x200000b2        0x2 
 .data.__global_locale
                0x200000b4      0x16c d:/st/gnu arm embedded toolchain/10 2021.10/bin/../lib/gcc/arm-none-eabi/10.3.1/../../../../arm-none-eabi/lib/thumb/v7e-m+fp/hard\libc_nano.a(lib_a-locale.o)
                0x200000b4                __global_locale
                0x20000220                . = ALIGN (0x4)
                0x20000220                _edata = .

.igot.plt       0x20000220        0x0 load address 0x08010fb0
 .igot.plt      0x20000220        0x0 d:/st/gnu arm embedded toolchain/10 2021.10/bin/../lib/gcc/arm-none-eabi/10.3.1/thumb/v7e-m+fp/hard/crtbegin.o
                0x20000220                . = ALIGN (0x4)

.bss            0x20000220     0x9278 load address 0x08010fb0
                0x20000220                _sbss = .
                0x20000220                __bss_start__ = _sbss
 *(.bss)
 .bss           0x20000220       0x1c d:/st/gnu arm embedded toolchain/10 2021.10/bin/../lib/gcc/arm-none-eabi/10.3.1/thumb/v7e-m+fp/hard/crtbegin.o
 *(.bss*)
 .bss.__float_reg
                0x2000023c      0x100 build/main.o
                0x2000023c                __float_reg
 .bss.__int_reg
                0x2000033c      0x400 build/main.o
                0x2000033c                __int_reg
 .bss.prefs     0x2000073c       0x14 build/main.o
                0x2000073c                prefs
 .bss.controller
                0x20000750      0x308 build/main.o
                0x20000750                controller
 .bss.state     0x20000a58        0xe build/main.o
                0x20000a58                state
 *fill*         0x20000a66        0x2 
 .bss.comm_encoder
                0x20000a68      0x2e0 build/main.o
                0x20000a68                comm_encoder
 .bss.drv       0x20000d48        0x6 build/main.o
                0x20000d48                drv
 *fill*         0x20000d4e        0x2 
 .bss.comm_encoder_cal
                0x20000d50     0x850c build/main.o
                0x20000d50                comm_encoder_cal
 .bss.can_tx    0x2000925c       0x20 build/main.o
                0x2000925c                can_tx
 .bss.can_rx    0x2000927c       0x50 build/main.o
                0x2000927c                can_rx
 .bss.Serial2RxBuffer
                0x200092cc        0x1 build/main.o
                0x200092cc                Serial2RxBuffer
 *fill*         0x200092cd        0x3 
 .bss.hcan1     0x200092d0       0x28 build/can.o
                0x200092d0                hcan1
 .bss.hspi1     0x200092f8       0x58 build/spi.o
                0x200092f8                hspi1
 .bss.hspi3     0x20009350       0x58 build/spi.o
                0x20009350                hspi3
 .bss.htim1     0x200093a8       0x48 build/tim.o
                0x200093a8                htim1
 .bss.htim2     0x200093f0       0x48 build/tim.o
                0x200093f0                htim2
 .bss.huart2    0x20009438       0x48 build/usart.o
                0x20009438                huart2
 .bss.uwTick    0x20009480        0x4 build/stm32f4xx_hal.o
                0x20009480                uwTick
 .bss.heap_end.0
                0x20009484        0x4 build/sysmem.o
 .bss.__lock___malloc_recursive_mutex
                0x20009488        0x1 d:/st/gnu arm embedded toolchain/10 2021.10/bin/../lib/gcc/arm-none-eabi/10.3.1/../../../../arm-none-eabi/lib/thumb/v7e-m+fp/hard\libc_nano.a(lib_a-lock.o)
                0x20009488                __lock___malloc_recursive_mutex
 .bss.__lock___sfp_recursive_mutex
                0x20009489        0x1 d:/st/gnu arm embedded toolchain/10 2021.10/bin/../lib/gcc/arm-none-eabi/10.3.1/../../../../arm-none-eabi/lib/thumb/v7e-m+fp/hard\libc_nano.a(lib_a-lock.o)
                0x20009489                __lock___sfp_recursive_mutex
 .bss.__lock___sinit_recursive_mutex
                0x2000948a        0x1 d:/st/gnu arm embedded toolchain/10 2021.10/bin/../lib/gcc/arm-none-eabi/10.3.1/../../../../arm-none-eabi/lib/thumb/v7e-m+fp/hard\libc_nano.a(lib_a-lock.o)
                0x2000948a                __lock___sinit_recursive_mutex
 *fill*         0x2000948b        0x1 
 .bss.__malloc_free_list
                0x2000948c        0x4 d:/st/gnu arm embedded toolchain/10 2021.10/bin/../lib/gcc/arm-none-eabi/10.3.1/../../../../arm-none-eabi/lib/thumb/v7e-m+fp/hard\libc_nano.a(lib_a-nano-mallocr.o)
                0x2000948c                __malloc_free_list
 .bss.__malloc_sbrk_start
                0x20009490        0x4 d:/st/gnu arm embedded toolchain/10 2021.10/bin/../lib/gcc/arm-none-eabi/10.3.1/../../../../arm-none-eabi/lib/thumb/v7e-m+fp/hard\libc_nano.a(lib_a-nano-mallocr.o)
                0x20009490                __malloc_sbrk_start
 .bss.errno     0x20009494        0x4 d:/st/gnu arm embedded toolchain/10 2021.10/bin/../lib/gcc/arm-none-eabi/10.3.1/../../../../arm-none-eabi/lib/thumb/v7e-m+fp/hard\libc_nano.a(lib_a-reent.o)
                0x20009494                errno
 *(COMMON)
                0x20009498                . = ALIGN (0x4)
                0x20009498                _ebss = .
                0x20009498                __bss_end__ = _ebss

._user_heap_stack
                0x20009498      0x600 load address 0x08010fb0
                0x20009498                . = ALIGN (0x8)
                0x20009498                PROVIDE (end = .)
                [!provide]                PROVIDE (_end = .)
                0x20009698                . = (. + _Min_Heap_Size)
 *fill*         0x20009498      0x200 
                0x20009a98                . = (. + _Min_Stack_Size)
 *fill*         0x20009698      0x400 
                0x20009a98                . = ALIGN (0x8)

/DISCARD/
 libc.a(*)
 libm.a(*)
 libgcc.a(*)

.ARM.attributes
                0x00000000       0x30
 *(.ARM.attributes)
 .ARM.attributes
                0x00000000       0x1e d:/st/gnu arm embedded toolchain/10 2021.10/bin/../lib/gcc/arm-none-eabi/10.3.1/thumb/v7e-m+fp/hard/crti.o
 .ARM.attributes
                0x0000001e       0x34 d:/st/gnu arm embedded toolchain/10 2021.10/bin/../lib/gcc/arm-none-eabi/10.3.1/thumb/v7e-m+fp/hard/crtbegin.o
 .ARM.attributes
                0x00000052       0x34 build/main.o
 .ARM.attributes
                0x00000086       0x34 build/gpio.o
 .ARM.attributes
                0x000000ba       0x34 build/can.o
 .ARM.attributes
                0x000000ee       0x34 build/spi.o
 .ARM.attributes
                0x00000122       0x34 build/tim.o
 .ARM.attributes
                0x00000156       0x34 build/usart.o
 .ARM.attributes
                0x0000018a       0x34 build/stm32f4xx_it.o
 .ARM.attributes
                0x000001be       0x34 build/stm32f4xx_hal_msp.o
 .ARM.attributes
                0x000001f2       0x34 build/stm32f4xx_hal_adc.o
 .ARM.attributes
                0x00000226       0x34 build/stm32f4xx_hal_rcc.o
 .ARM.attributes
                0x0000025a       0x34 build/stm32f4xx_hal_rcc_ex.o
 .ARM.attributes
                0x0000028e       0x34 build/stm32f4xx_hal_gpio.o
 .ARM.attributes
                0x000002c2       0x34 build/stm32f4xx_hal_dma.o
 .ARM.attributes
                0x000002f6       0x34 build/stm32f4xx_hal_pwr_ex.o
 .ARM.attributes
                0x0000032a       0x34 build/stm32f4xx_hal_cortex.o
 .ARM.attributes
                0x0000035e       0x34 build/stm32f4xx_hal.o
 .ARM.attributes
                0x00000392       0x34 build/stm32f4xx_hal_can.o
 .ARM.attributes
                0x000003c6       0x34 build/stm32f4xx_hal_spi.o
 .ARM.attributes
                0x000003fa       0x34 build/stm32f4xx_hal_tim.o
 .ARM.attributes
                0x0000042e       0x34 build/stm32f4xx_hal_tim_ex.o
 .ARM.attributes
                0x00000462       0x34 build/stm32f4xx_hal_uart.o
 .ARM.attributes
                0x00000496       0x34 build/system_stm32f4xx.o
 .ARM.attributes
                0x000004ca       0x34 build/calibration.o
 .ARM.attributes
                0x000004fe       0x34 build/drv8323.o
 .ARM.attributes
                0x00000532       0x34 build/flash_writer.o
 .ARM.attributes
                0x00000566       0x34 build/foc.o
 .ARM.attributes
                0x0000059a       0x34 build/fsm.o
 .ARM.attributes
                0x000005ce       0x34 build/math_ops.o
 .ARM.attributes